<html>
<body>
<pre>
<h1>�Vision Build Log</h1>
<h2>Tool Versions:</h2>
IDE-Version: ��Vision V5.36.0.0
Copyright (C) 2021 ARM Ltd and ARM Germany GmbH. All rights reserved.
License Information: S 1335980586@qq.com, D, LIC=47GU5-G240X-EVA1R-KYQ7A-B3KTI-E3M5Q
 
Tool Versions:
Toolchain:       MDK-ARM Plus  Version: 5.36.0.0
Toolchain Path:  D:\Keil_v5\ARM\ARMCC\Bin
C Compiler:      Armcc.exe V5.06 update 7 (build 960)
Assembler:       Armasm.exe V5.06 update 7 (build 960)
Linker/Locator:  ArmLink.exe V5.06 update 7 (build 960)
Library Manager: ArmAr.exe V5.06 update 7 (build 960)
Hex Converter:   FromElf.exe V5.06 update 7 (build 960)
CPU DLL:         SARMCM3.DLL V5.36.0.0
Dialog DLL:      DCM.DLL V1.17.3.0
Target DLL:      STLink\ST-LINKIII-KEIL_SWO.dll V3.0.9.0
Dialog DLL:      TCM.DLL V1.53.0.0
 
<h2>Project:</h2>
F:\ODRIVE_LWT\odrive_lwt_mdk\motorF4.uvprojx
Project File Date:  10/12/2025

<h2>Output:</h2>
*** Using Compiler 'V5.06 update 7 (build 960)', folder: 'D:\Keil_v5\ARM\ARMCC\Bin'
Build target 'Target 1'
compiling timer.c...
Hardware\timer.c(237): warning:  #1035-D: single-precision operand implicitly converted to double-precision
      float resistance = (3.3 - voltage) * 10000 / voltage;
Hardware\timer.c(238): warning:  #1035-D: single-precision operand implicitly converted to double-precision
      float steinhart = resistance / 10000.0;
Hardware\timer.c(240): warning:  #1035-D: single-precision operand implicitly converted to double-precision
      steinhart = 1.0 / (0.001129148 + 0.000234125 * steinhart +
Hardware\timer.c(242): warning:  #1035-D: single-precision operand implicitly converted to double-precision
      return steinhart - 273.15; // 开尔文转摄氏度
Hardware\timer.c(285): warning:  #1035-D: single-precision operand implicitly converted to double-precision
     		Rt=(3.3-VR)*10000/VR;//计算Rt
Hardware\timer.c(282): warning:  #550-D: variable "temp"  was set but never used
  		float temp=0;//温度�?
Hardware\timer.c: 6 warnings, 0 errors
linking...
Program Size: Code=51744 RO-data=2680 RW-data=1064 ZI-data=21944  
FromELF: creating hex file...
".\Objects\motorF4.axf" - 0 Error(s), 6 Warning(s).

<h2>Software Packages used:</h2>

Package Vendor: Keil
                http://www.keil.com/pack/Keil.STM32F4xx_DFP.2.12.0.pack
                Keil.STM32F4xx_DFP.2.12.0
                STMicroelectronics STM32F4 Series Device Support, Drivers and Examples

<h2>Collection of Component include folders:</h2>
  D:\Keil_v5\ARM\PACK\Keil\STM32F4xx_DFP\2.12.0\Drivers\CMSIS\Device\ST\STM32F4xx\Include

<h2>Collection of Component Files used:</h2>
Build Time Elapsed:  00:00:01
</pre>
</body>
</html>
