Component: ARM Compiler 5.06 update 7 (build 960) Tool: armlink [4d3601]

==============================================================================

Section Cross References

    startup_stm32f40_41xxx.o(RESET) refers to startup_stm32f40_41xxx.o(STACK) for __initial_sp
    startup_stm32f40_41xxx.o(RESET) refers to startup_stm32f40_41xxx.o(.text) for Reset_Handler
    startup_stm32f40_41xxx.o(RESET) refers to stm32fxxx_it.o(i.NMI_Handler) for NMI_Handler
    startup_stm32f40_41xxx.o(RESET) refers to stm32fxxx_it.o(i.HardFault_Handler) for HardFault_Handler
    startup_stm32f40_41xxx.o(RESET) refers to stm32fxxx_it.o(i.MemManage_Handler) for MemManage_Handler
    startup_stm32f40_41xxx.o(RESET) refers to stm32fxxx_it.o(i.BusFault_Handler) for BusFault_Handler
    startup_stm32f40_41xxx.o(RESET) refers to stm32fxxx_it.o(i.UsageFault_Handler) for UsageFault_Handler
    startup_stm32f40_41xxx.o(RESET) refers to stm32fxxx_it.o(i.SVC_Handler) for SVC_Handler
    startup_stm32f40_41xxx.o(RESET) refers to stm32fxxx_it.o(i.DebugMon_Handler) for DebugMon_Handler
    startup_stm32f40_41xxx.o(RESET) refers to stm32fxxx_it.o(i.PendSV_Handler) for PendSV_Handler
    startup_stm32f40_41xxx.o(RESET) refers to stm32fxxx_it.o(i.SysTick_Handler) for SysTick_Handler
    startup_stm32f40_41xxx.o(RESET) refers to usart2.o(i.DMA1_Stream6_IRQHandler) for DMA1_Stream6_IRQHandler
    startup_stm32f40_41xxx.o(RESET) refers to can.o(i.CAN1_RX0_IRQHandler) for CAN1_RX0_IRQHandler
    startup_stm32f40_41xxx.o(RESET) refers to board.o(i.TIM1_UP_TIM10_IRQHandler) for TIM1_UP_TIM10_IRQHandler
    startup_stm32f40_41xxx.o(RESET) refers to usart2.o(i.USART2_IRQHandler) for USART2_IRQHandler
    startup_stm32f40_41xxx.o(RESET) refers to stm32fxxx_it.o(i.OTG_FS_WKUP_IRQHandler) for OTG_FS_WKUP_IRQHandler
    startup_stm32f40_41xxx.o(RESET) refers to delay.o(i.TIM8_TRG_COM_TIM14_IRQHandler) for TIM8_TRG_COM_TIM14_IRQHandler
    startup_stm32f40_41xxx.o(RESET) refers to timer.o(i.TIM7_IRQHandler) for TIM7_IRQHandler
    startup_stm32f40_41xxx.o(RESET) refers to stm32fxxx_it.o(i.OTG_FS_IRQHandler) for OTG_FS_IRQHandler
    startup_stm32f40_41xxx.o(.text) refers to system_stm32f4xx.o(i.SystemInit) for SystemInit
    startup_stm32f40_41xxx.o(.text) refers to entry.o(.ARM.Collect$$$$00000000) for __main
    system_stm32f4xx.o(i.SystemCoreClockUpdate) refers to system_stm32f4xx.o(.data) for SystemCoreClock
    system_stm32f4xx.o(i.SystemInit) refers to system_stm32f4xx.o(i.SetSysClock) for SetSysClock
    stm32f4xx_adc.o(i.ADC_DeInit) refers to stm32f4xx_rcc.o(i.RCC_APB2PeriphResetCmd) for RCC_APB2PeriphResetCmd
    stm32f4xx_can.o(i.CAN_DeInit) refers to stm32f4xx_rcc.o(i.RCC_APB1PeriphResetCmd) for RCC_APB1PeriphResetCmd
    stm32f4xx_can.o(i.CAN_GetITStatus) refers to stm32f4xx_can.o(i.CheckITStatus) for CheckITStatus
    stm32f4xx_cryp.o(i.CRYP_DeInit) refers to stm32f4xx_rcc.o(i.RCC_AHB2PeriphResetCmd) for RCC_AHB2PeriphResetCmd
    stm32f4xx_cryp_aes.o(i.CRYP_AES_CBC) refers to stm32f4xx_cryp.o(i.CRYP_KeyStructInit) for CRYP_KeyStructInit
    stm32f4xx_cryp_aes.o(i.CRYP_AES_CBC) refers to stm32f4xx_cryp.o(i.CRYP_FIFOFlush) for CRYP_FIFOFlush
    stm32f4xx_cryp_aes.o(i.CRYP_AES_CBC) refers to stm32f4xx_cryp.o(i.CRYP_Init) for CRYP_Init
    stm32f4xx_cryp_aes.o(i.CRYP_AES_CBC) refers to stm32f4xx_cryp.o(i.CRYP_KeyInit) for CRYP_KeyInit
    stm32f4xx_cryp_aes.o(i.CRYP_AES_CBC) refers to stm32f4xx_cryp.o(i.CRYP_Cmd) for CRYP_Cmd
    stm32f4xx_cryp_aes.o(i.CRYP_AES_CBC) refers to stm32f4xx_cryp.o(i.CRYP_GetFlagStatus) for CRYP_GetFlagStatus
    stm32f4xx_cryp_aes.o(i.CRYP_AES_CBC) refers to stm32f4xx_cryp.o(i.CRYP_IVInit) for CRYP_IVInit
    stm32f4xx_cryp_aes.o(i.CRYP_AES_CBC) refers to stm32f4xx_cryp.o(i.CRYP_GetCmdStatus) for CRYP_GetCmdStatus
    stm32f4xx_cryp_aes.o(i.CRYP_AES_CBC) refers to stm32f4xx_cryp.o(i.CRYP_DataIn) for CRYP_DataIn
    stm32f4xx_cryp_aes.o(i.CRYP_AES_CBC) refers to stm32f4xx_cryp.o(i.CRYP_DataOut) for CRYP_DataOut
    stm32f4xx_cryp_aes.o(i.CRYP_AES_CCM) refers to stm32f4xx_cryp.o(i.CRYP_KeyStructInit) for CRYP_KeyStructInit
    stm32f4xx_cryp_aes.o(i.CRYP_AES_CCM) refers to stm32f4xx_cryp.o(i.CRYP_FIFOFlush) for CRYP_FIFOFlush
    stm32f4xx_cryp_aes.o(i.CRYP_AES_CCM) refers to stm32f4xx_cryp.o(i.CRYP_KeyInit) for CRYP_KeyInit
    stm32f4xx_cryp_aes.o(i.CRYP_AES_CCM) refers to stm32f4xx_cryp.o(i.CRYP_IVInit) for CRYP_IVInit
    stm32f4xx_cryp_aes.o(i.CRYP_AES_CCM) refers to stm32f4xx_cryp.o(i.CRYP_Init) for CRYP_Init
    stm32f4xx_cryp_aes.o(i.CRYP_AES_CCM) refers to stm32f4xx_cryp.o(i.CRYP_PhaseConfig) for CRYP_PhaseConfig
    stm32f4xx_cryp_aes.o(i.CRYP_AES_CCM) refers to stm32f4xx_cryp.o(i.CRYP_DataIn) for CRYP_DataIn
    stm32f4xx_cryp_aes.o(i.CRYP_AES_CCM) refers to stm32f4xx_cryp.o(i.CRYP_Cmd) for CRYP_Cmd
    stm32f4xx_cryp_aes.o(i.CRYP_AES_CCM) refers to stm32f4xx_cryp.o(i.CRYP_GetCmdStatus) for CRYP_GetCmdStatus
[...]
    USART_Init                               0x08005cd9   Thumb Code   204  stm32f4xx_usart.o(i.USART_Init)
    USBD_ClrCfg                              0x08005dad   Thumb Code    22  usbd_core.o(i.USBD_ClrCfg)
    USBD_CtlContinueRx                       0x08005e0b   Thumb Code    30  usbd_ioreq.o(i.USBD_CtlContinueRx)
    USBD_CtlContinueSendData                 0x08005e29   Thumb Code    30  usbd_ioreq.o(i.USBD_CtlContinueSendData)
    USBD_CtlError                            0x08005e47   Thumb Code    30  usbd_req.o(i.USBD_CtlError)
    USBD_CtlPrepareRx                        0x08005e65   Thumb Code    46  usbd_ioreq.o(i.USBD_CtlPrepareRx)
    USBD_CtlReceiveStatus                    0x08005e93   Thumb Code    36  usbd_ioreq.o(i.USBD_CtlReceiveStatus)
    USBD_CtlSendData                         0x08005eb7   Thumb Code    46  usbd_ioreq.o(i.USBD_CtlSendData)
    USBD_CtlSendStatus                       0x08005ee5   Thumb Code    36  usbd_ioreq.o(i.USBD_CtlSendStatus)
    USBD_DeInit                              0x0800606f   Thumb Code     6  usbd_core.o(i.USBD_DeInit)
    USBD_GetString                           0x08006251   Thumb Code    82  usbd_req.o(i.USBD_GetString)
    USBD_Init                                0x080062a3   Thumb Code    66  usbd_core.o(i.USBD_Init)
    USBD_OTG_ISR_Handler                     0x08006309   Thumb Code   224  usb_dcd_int.o(i.USBD_OTG_ISR_Handler)
    USBD_ParseSetupRequest                   0x080063e9   Thumb Code    72  usbd_req.o(i.USBD_ParseSetupRequest)
    USBD_SetCfg                              0x0800650b   Thumb Code    30  usbd_core.o(i.USBD_SetCfg)
    USBD_StdDevReq                           0x080066f1   Thumb Code   114  usbd_req.o(i.USBD_StdDevReq)
    USBD_StdEPReq                            0x08006765   Thumb Code   344  usbd_req.o(i.USBD_StdEPReq)
    USBD_StdItfReq                           0x080068c1   Thumb Code    76  usbd_req.o(i.USBD_StdItfReq)
    USBD_USR_ConfigStrDescriptor             0x0800692d   Thumb Code    34  usbd_desc.o(i.USBD_USR_ConfigStrDescriptor)
    USBD_USR_DeviceConfigured                0x08006961   Thumb Code     2  usbd_usr.o(i.USBD_USR_DeviceConfigured)
    USBD_USR_DeviceConnected                 0x08006963   Thumb Code     2  usbd_usr.o(i.USBD_USR_DeviceConnected)
    USBD_USR_DeviceDescriptor                0x08006965   Thumb Code    10  usbd_desc.o(i.USBD_USR_DeviceDescriptor)
    USBD_USR_DeviceDisconnected              0x08006975   Thumb Code     2  usbd_usr.o(i.USBD_USR_DeviceDisconnected)
    USBD_USR_DeviceReset                     0x08006977   Thumb Code     2  usbd_usr.o(i.USBD_USR_DeviceReset)
    USBD_USR_DeviceResumed                   0x08006979   Thumb Code     2  usbd_usr.o(i.USBD_USR_DeviceResumed)
    USBD_USR_DeviceSuspended                 0x0800697b   Thumb Code     2  usbd_usr.o(i.USBD_USR_DeviceSuspended)
    USBD_USR_Init                            0x0800697d   Thumb Code     2  usbd_usr.o(i.USBD_USR_Init)
    USBD_USR_InterfaceStrDescriptor          0x08006981   Thumb Code    34  usbd_desc.o(i.USBD_USR_InterfaceStrDescriptor)
    USBD_USR_LangIDStrDescriptor             0x080069b9   Thumb Code    10  usbd_desc.o(i.USBD_USR_LangIDStrDescriptor)
    USBD_USR_ManufacturerStrDescriptor       0x080069c9   Thumb Code    20  usbd_desc.o(i.USBD_USR_ManufacturerStrDescriptor)
    USBD_USR_ProductStrDescriptor            0x080069f5   Thumb Code    34  usbd_desc.o(i.USBD_USR_ProductStrDescriptor)
    USBD_USR_SerialStrDescriptor             0x08006a65   Thumb Code    34  usbd_desc.o(i.USBD_USR_SerialStrDescriptor)
    USB_OTG_BSP_EnableInterrupt              0x08006abd   Thumb Code    44  usb_bsp.o(i.USB_OTG_BSP_EnableInterrupt)
    USB_OTG_BSP_Init                         0x08006ae9   Thumb Code    86  usb_bsp.o(i.USB_OTG_BSP_Init)
    USB_OTG_BSP_mDelay                       0x08006b45   Thumb Code    18  usb_bsp.o(i.USB_OTG_BSP_mDelay)
    USB_OTG_BSP_uDelay                       0x08006b57   Thumb Code    30  usb_bsp.o(i.USB_OTG_BSP_uDelay)
    USB_OTG_CoreInit                         0x08006b75   Thumb Code   294  usb_core.o(i.USB_OTG_CoreInit)
    USB_OTG_CoreInitDev                      0x08006c9b   Thumb Code   526  usb_core.o(i.USB_OTG_CoreInitDev)
    USB_OTG_DisableGlobalInt                 0x08006f19   Thumb Code    34  usb_core.o(i.USB_OTG_DisableGlobalInt)
    USB_OTG_EP0Activate                      0x08006f3b   Thumb Code   106  usb_core.o(i.USB_OTG_EP0Activate)
    USB_OTG_EP0StartXfer                     0x08006fa5   Thumb Code   342  usb_core.o(i.USB_OTG_EP0StartXfer)
    USB_OTG_EP0_OutStart                     0x080070fb   Thumb Code    98  usb_core.o(i.USB_OTG_EP0_OutStart)
    USB_OTG_EPActivate                       0x0800715d   Thumb Code   152  usb_core.o(i.USB_OTG_EPActivate)
    USB_OTG_EPClearStall                     0x080071f5   Thumb Code    80  usb_core.o(i.USB_OTG_EPClearStall)
    USB_OTG_EPDeactivate                     0x08007245   Thumb Code    94  usb_core.o(i.USB_OTG_EPDeactivate)
    USB_OTG_EPSetStall                       0x080072a3   Thumb Code   100  usb_core.o(i.USB_OTG_EPSetStall)
    USB_OTG_EPStartXfer                      0x08007307   Thumb Code   502  usb_core.o(i.USB_OTG_EPStartXfer)
    USB_OTG_EnableDevInt                     0x08007531   Thumb Code   154  usb_core.o(i.USB_OTG_EnableDevInt)
    USB_OTG_EnableGlobalInt                  0x080075cb   Thumb Code    34  usb_core.o(i.USB_OTG_EnableGlobalInt)
    USB_OTG_FlushRxFifo                      0x080075ed   Thumb Code    70  usb_core.o(i.USB_OTG_FlushRxFifo)
    USB_OTG_FlushTxFifo                      0x08007639   Thumb Code    80  usb_core.o(i.USB_OTG_FlushTxFifo)
    USB_OTG_GetDeviceSpeed                   0x0800768d   Thumb Code    52  usb_core.o(i.USB_OTG_GetDeviceSpeed)
    USB_OTG_GetMode                          0x080076c1   Thumb Code    12  usb_core.o(i.USB_OTG_GetMode)
    USB_OTG_InitDevSpeed                     0x080076cd   Thumb Code    24  usb_core.o(i.USB_OTG_InitDevSpeed)
    USB_OTG_IsDeviceMode                     0x080076e5   Thumb Code    22  usb_core.o(i.USB_OTG_IsDeviceMode)
    USB_OTG_ReadCoreItr                      0x080076fb   Thumb Code    16  usb_core.o(i.USB_OTG_ReadCoreItr)
    USB_OTG_ReadDevAllInEPItr                0x0800770b   Thumb Code    16  usb_core.o(i.USB_OTG_ReadDevAllInEPItr)
    USB_OTG_ReadDevAllOutEp_itr              0x0800771b   Thumb Code    16  usb_core.o(i.USB_OTG_ReadDevAllOutEp_itr)
    USB_OTG_ReadDevOutEP_itr                 0x0800772b   Thumb Code    20  usb_core.o(i.USB_OTG_ReadDevOutEP_itr)
    USB_OTG_ReadPacket                       0x0800773f   Thumb Code    40  usb_core.o(i.USB_OTG_ReadPacket)
    USB_OTG_SelectCore                       0x08007769   Thumb Code   204  usb_core.o(i.USB_OTG_SelectCore)
    USB_OTG_SetCurrentMode                   0x08007839   Thumb Code    78  usb_core.o(i.USB_OTG_SetCurrentMode)
    USB_OTG_UngateClock                      0x08007887   Thumb Code    54  usb_core.o(i.USB_OTG_UngateClock)
    USB_OTG_WritePacket                      0x080078bd   Thumb Code    64  usb_core.o(i.USB_OTG_WritePacket)
    USBcommander_run                         0x080078fd   Thumb Code  1924  communication_usb.o(i.USBcommander_run)
    UsageFault_Handler                       0x08008135   Thumb Code     4  stm32fxxx_it.o(i.UsageFault_Handler)
    __0sprintf                               0x080084a5   Thumb Code    34  printfa.o(i.__0sprintf)
    __1sprintf                               0x080084a5   Thumb Code     0  printfa.o(i.__0sprintf)
    __2sprintf                               0x080084a5   Thumb Code     0  printfa.o(i.__0sprintf)
    __c89sprintf                             0x080084a5   Thumb Code     0  printfa.o(i.__0sprintf)
    sprintf                                  0x080084a5   Thumb Code     0  printfa.o(i.__0sprintf)
    __aeabi_errno_addr                       0x080084cd   Thumb Code     4  errno.o(i.__aeabi_errno_addr)
    __rt_errno_addr                          0x080084cd   Thumb Code     0  errno.o(i.__aeabi_errno_addr)
    __hardfp_atof                            0x080084d9   Thumb Code    44  atof.o(i.__hardfp_atof)
    __hardfp_logf                            0x08008511   Thumb Code   320  logf.o(i.__hardfp_logf)
    __mathlib_logf                           0x08008511   Thumb Code     0  logf.o(i.__hardfp_logf)
    __hardfp_nearbyintf                      0x0800867d   Thumb Code    56  nearbyintf.o(i.__hardfp_nearbyintf)
    __hardfp_sqrt                            0x080086b5   Thumb Code   122  sqrt.o(i.__hardfp_sqrt)
    __hardfp_sqrtf                           0x0800872f   Thumb Code    58  sqrtf.o(i.__hardfp_sqrtf)
    __mathlib_flt_divzero                    0x08008769   Thumb Code    14  funder.o(i.__mathlib_flt_divzero)
    __mathlib_flt_infnan                     0x0800877d   Thumb Code     6  funder.o(i.__mathlib_flt_infnan)
    __mathlib_flt_invalid                    0x08008785   Thumb Code    10  funder.o(i.__mathlib_flt_invalid)
    __read_errno                             0x08008795   Thumb Code     6  errno.o(i.__read_errno)
    __scatterload_copy                       0x080087a1   Thumb Code    14  handlers.o(i.__scatterload_copy)
    __scatterload_null                       0x080087af   Thumb Code     2  handlers.o(i.__scatterload_null)
    __scatterload_zeroinit                   0x080087b1   Thumb Code    14  handlers.o(i.__scatterload_zeroinit)
    __set_errno                              0x080087c1   Thumb Code     6  errno.o(i.__set_errno)
    _is_digit                                0x08008951   Thumb Code    14  scanf_fp.o(i._is_digit)
    abs_spi_cb                               0x08009071   Thumb Code   320  encoder.o(i.abs_spi_cb)
    ams_parity                               0x080091c9   Thumb Code    24  encoder.o(i.ams_parity)
    anticogging_calibration                  0x080091e1   Thumb Code   266  anticogging.o(i.anticogging_calibration)
    anticogging_init                         0x08009321   Thumb Code    56  anticogging.o(i.anticogging_init)
    commander_run                            0x08009365   Thumb Code   610  communication_usart.o(i.commander_run)
    control_loop_cb                          0x080096ed   Thumb Code    88  board.o(i.control_loop_cb)
    controller_config_default                0x08009765   Thumb Code   186  controller.o(i.controller_config_default)
    controller_para_init                     0x0800983d   Thumb Code    62  controller.o(i.controller_para_init)
    controller_reset                         0x0800988d   Thumb Code    52  controller.o(i.controller_reset)
    controller_update                        0x080098d9   Thumb Code  1874  controller.o(i.controller_update)
    crc_high_first                           0x0800a05d   Thumb Code    58  encoder.o(i.crc_high_first)
    current_meas_cb                          0x0800a099   Thumb Code   282  motor.o(i.current_meas_cb)
    dc_calib_cb                              0x0800a1d5   Thumb Code   120  motor.o(i.dc_calib_cb)
    delay_us                                 0x0800a25d   Thumb Code    26  utils.o(i.delay_us)
    disarm                                   0x0800a279   Thumb Code    22  motor.o(i.disarm)
    encoder_set_error                        0x0800a29d   Thumb Code    26  encoder.o(i.encoder_set_error)
    encoder_update                           0x0800a2c5   Thumb Code  1144  encoder.o(i.encoder_update)
    enqueue_modulation_timings               0x0800a73d   Thumb Code   138  foc.o(i.enqueue_modulation_timings)
    enqueue_voltage_timings                  0x0800a7d5   Thumb Code    82  foc.o(i.enqueue_voltage_timings)
    fetch_and_reset_adcs                     0x0800a831   Thumb Code   136  board.o(i.fetch_and_reset_adcs)
    flash_para_erase                         0x0800a8c5   Thumb Code    32  flash_writer.o(i.flash_para_erase)
    flash_para_read                          0x0800a8e5   Thumb Code   502  flash_writer.o(i.flash_para_read)
    flash_para_write                         0x0800ab15   Thumb Code   564  flash_writer.o(i.flash_para_write)
    float2uint                               0x0800ad7d   Thumb Code    10  flash_writer.o(i.float2uint)
    foc_update                               0x0800adfd   Thumb Code   102  foc.o(i.foc_update)
    main                                     0x0800aecd   Thumb Code   192  main.o(i.main)
    micros                                   0x0800afc9   Thumb Code    32  utils.o(i.micros)
    motor_effective_current_lim              0x0800b005   Thumb Code   110  motor.o(i.motor_effective_current_lim)
    motor_max_available_torque               0x0800b089   Thumb Code    18  motor.o(i.motor_max_available_torque)
    motor_para_init                          0x0800b0a5   Thumb Code   144  motor.o(i.motor_para_init)
    motor_setup                              0x0800b15d   Thumb Code    70  motor.o(i.motor_setup)
    motor_update                             0x0800b1c1   Thumb Code   532  motor.o(i.motor_update)
    move_to_pos                              0x0800b409   Thumb Code    78  controller.o(i.move_to_pos)
    on_measurement                           0x0800b471   Thumb Code    70  foc.o(i.on_measurement)
    openloop_controller_update               0x0800b4c9   Thumb Code   392  open_loop_controller.o(i.openloop_controller_update)
    our_arm_cos_f32                          0x0800b661   Thumb Code   150  arm_cos_f32.o(i.our_arm_cos_f32)
    our_arm_sin_f32                          0x0800b705   Thumb Code   146  arm_cos_f32.o(i.our_arm_sin_f32)
    phase_current_from_adcval                0x0800b7a5   Thumb Code    78  board.o(i.phase_current_from_adcval)
    planTrapezoidal                          0x0800b809   Thumb Code   646  traptraj.o(i.planTrapezoidal)
    pwm_update_cb                            0x0800ba99   Thumb Code   134  foc.o(i.pwm_update_cb)
    sample_now                               0x0800bb41   Thumb Code    52  encoder.o(i.sample_now)
    send_mode                                0x0800bb81   Thumb Code   144  communication_usb.o(i.send_mode)
    sign_hard                                0x0800bc35   Thumb Code    24  traptraj.o(i.sign_hard)
    start_anticogging_calibration            0x0800bc4d   Thumb Code    22  anticogging.o(i.start_anticogging_calibration)
    systeam_ReStart                          0x0800bc71   Thumb Code    58  iap.o(i.systeam_ReStart)
    tim14_InitTick                           0x0800bcb5   Thumb Code    78  delay.o(i.tim14_InitTick)
    trapTraj_config_default                  0x0800bd09   Thumb Code    28  traptraj.o(i.trapTraj_config_default)
    trap_traj_eval                           0x0800bd2d   Thumb Code   348  traptraj.o(i.trap_traj_eval)
    uint2float                               0x0800be91   Thumb Code    10  flash_writer.o(i.uint2float)
    update_current_controller_gains          0x0800be9d   Thumb Code    42  motor.o(i.update_current_controller_gains)
    update_pll_gains                         0x0800bed1   Thumb Code    82  encoder.o(i.update_pll_gains)
    usart2_set_baud                          0x0800bf35   Thumb Code    96  usart2.o(i.usart2_set_baud)
    usb_send                                 0x0800bf95   Thumb Code    28  usbd_cdc_vcp.o(i.usb_send)
    vbus_sense_adc_cb                        0x0800c245   Thumb Code    28  board.o(i.vbus_sense_adc_cb)
    vofa_printf_USB                          0x0800c269   Thumb Code    12  vofa.o(i.vofa_printf_USB)
    sinTable_f32                             0x0800c304   Data        2052  arm_cos_f32.o(.constdata)
    __ctype_table                            0x0800cb48   Data         129  ctype_o.o(.constdata)
    Region$$Table$$Base                      0x0800cbd0   Number         0  anon$$obj.o(Region$$Table)
    Region$$Table$$Limit                     0x0800cbf0   Number         0  anon$$obj.o(Region$$Table)
    uwTick                                   0x20000010   Data           4  delay.o(.data)
    g_Lock_Code                              0x20000014   Data           4  iap.o(.data)
    RxRAM0                                   0x20000018   Data           8  iap.o(.data)
    CAN_ID                                   0x20000020   Data           4  iap.o(.data)
    linecoding                               0x20000038   Data           8  usbd_cdc_vcp.o(.data)
    VCP_fops                                 0x20000040   Data          20  usbd_cdc_vcp.o(.data)
    USR_desc                                 0x20000054   Data          28  usbd_desc.o(.data)
    USBD_DeviceDesc                          0x20000070   Data          18  usbd_desc.o(.data)
    USBD_DeviceQualifierDesc                 0x20000082   Data          10  usbd_desc.o(.data)
    USBD_LangIDDesc                          0x2000008c   Data           4  usbd_desc.o(.data)
    USR_cb                                   0x20000090   Data          28  usbd_usr.o(.data)
    CmdBuff                                  0x200000b0   Data           8  usbd_cdc_core.o(.data)
    APP_Rx_ptr_in                            0x200000b8   Data           4  usbd_cdc_core.o(.data)
    APP_Rx_ptr_out                           0x200000bc   Data           4  usbd_cdc_core.o(.data)
    APP_Rx_length                            0x200000c0   Data           4  usbd_cdc_core.o(.data)
    USB_Tx_State                             0x200000c4   Data           1  usbd_cdc_core.o(.data)
    USBD_CDC_cb                              0x200000d0   Data          44  usbd_cdc_core.o(.data)
    usbd_cdc_CfgDesc                         0x200000fc   Data          67  usbd_cdc_core.o(.data)
    SET_TEST_MODE                            0x20000144   Data           4  usbd_core.o(.data)
    USBD_DCD_INT_cb                          0x20000148   Data          44  usbd_core.o(.data)
    USBD_DCD_INT_fops                        0x20000174   Data           4  usbd_core.o(.data)
    USBD_ep_status                           0x20000178   Data           4  usbd_req.o(.data)
    USBD_default_cfg                         0x2000017c   Data           4  usbd_req.o(.data)
    USBD_cfg_status                          0x20000180   Data           4  usbd_req.o(.data)
    usb_rcv_count                            0x20000188   Data           4  communication_usb.o(.data)
    time_cnt                                 0x2000018c   Data           4  timer.o(.data)
    enc_cnt                                  0x20000190   Data           4  timer.o(.data)
    temperature_c                            0x20000194   Data           4  timer.o(.data)
    temperature_c2                           0x20000198   Data           4  timer.o(.data)
    usart2_baudrate                          0x200001a0   Data           1  usart2.o(.data)
    rcv2_cntr                                0x200001a4   Data           4  usart2.o(.data)
    rcv2_flag                                0x200001a8   Data           4  usart2.o(.data)
    __stdout                                 0x200001ac   Data           4  usart2.o(.data)
    vofaFrame                                0x200001b0   Data          84  vofa.o(.data)
    DeviceFrame                              0x20000204   Data         164  vofa.o(.data)
    a                                        0x200002a8   Data           4  vofa.o(.data)
    b                                        0x200002ac   Data           4  vofa.o(.data)
    c                                        0x200002b0   Data           4  vofa.o(.data)
    OD_CANID                                 0x200002b4   Data           1  can.o(.data)
    OD_CAN_BaudRate                          0x200002b5   Data           1  can.o(.data)
    rxbuf3                                   0x200002b8   Data           4  can.o(.data)
    flag_iap                                 0x200002bc   Data           1  can.o(.data)
    motor_error                              0x200002c0   Data           4  foc.o(.data)
    Ialpha_beta                              0x200002c4   Data           8  foc.o(.data)
    Idq_setpoint_                            0x200002cc   Data           8  foc.o(.data)
    Vdq_setpoint_                            0x200002d4   Data           8  foc.o(.data)
    phase_                                   0x200002dc   Data           4  foc.o(.data)
    phase_vel_                               0x200002e0   Data           4  foc.o(.data)
    Idq_setpoint_src_                        0x200002e4   Data           4  foc.o(.data)
    Vdq_setpoint_src_                        0x200002e8   Data           4  foc.o(.data)
    phase_src_                               0x200002ec   Data           4  foc.o(.data)
    phase_vel_src_                           0x200002f0   Data           4  foc.o(.data)
    Id_measured                              0x200002f4   Data           4  foc.o(.data)
    Iq_measured                              0x200002f8   Data           4  foc.o(.data)
    I_measured_report_filter_k               0x200002fc   Data           4  foc.o(.data)
    pi_gains_                                0x20000300   Data           8  foc.o(.data)
    v_current_control_integral_d             0x20000308   Data           4  foc.o(.data)
    v_current_control_integral_q             0x2000030c   Data           4  foc.o(.data)
    final_v_alpha                            0x20000310   Data           4  foc.o(.data)
    final_v_beta                             0x20000314   Data           4  foc.o(.data)
    Ibus                                     0x20000318   Data           4  foc.o(.data)
    vbus_voltage                             0x2000031c   Data           4  board.o(.data)
    time_cntr                                0x20000320   Data           4  board.o(.data)
    timestamp_                               0x20000324   Data           4  board.o(.data)
    print_flag                               0x20000328   Data           4  board.o(.data)
    is_armed_                                0x2000032c   Data           1  motor.o(.data)
    is_calibrated_                           0x2000032d   Data           1  motor.o(.data)
    armed_state_                             0x2000032e   Data           1  motor.o(.data)
    dc_calib_running_since_                  0x20000330   Data           4  motor.o(.data)
    effective_current_lim_                   0x20000334   Data           4  motor.o(.data)
    max_allowed_current_                     0x20000338   Data           4  motor.o(.data)
    max_dc_calib_                            0x2000033c   Data           4  motor.o(.data)
    motor_torque_setpoint_src_               0x20000340   Data           4  motor.o(.data)
    motor_phase_vel_src_                     0x20000344   Data           4  motor.o(.data)
    motor_Vdq_setpoint_                      0x20000348   Data           8  motor.o(.data)
    motor_Idq_setpoint_                      0x20000350   Data           8  motor.o(.data)
    meas_resis                               0x20000358   Data           1  motor.o(.data)
    meas_induc                               0x20000359   Data           1  motor.o(.data)
    cali_target_current_                     0x2000035c   Data           4  motor.o(.data)
    cali_max_voltage_                        0x20000360   Data           4  motor.o(.data)
    actual_current_                          0x20000364   Data           4  motor.o(.data)
    test_voltage_                            0x20000368   Data           4  motor.o(.data)
    I_beta_                                  0x2000036c   Data           4  motor.o(.data)
    test_mod_                                0x20000370   Data           4  motor.o(.data)
    start_timestamp_                         0x20000374   Data           4  motor.o(.data)
    last_input_timestamp_                    0x20000378   Data           4  motor.o(.data)
    last_Ialpha_                             0x2000037c   Data           4  motor.o(.data)
    deltaI_                                  0x20000380   Data           4  motor.o(.data)
    attached_                                0x20000384   Data           1  motor.o(.data)
    dc_calib_valid                           0x20000385   Data           1  motor.o(.data)
    current_state_                           0x20000386   Data           1  axis.o(.data)
    axis_config                              0x20000387   Data           5  axis.o(.data)
    GPIOs_to_samp                            0x2000038c   Data          12  encoder.o(.data)
    GPIO_port_samples                        0x20000398   Data           6  encoder.o(.data)
    index_found_                             0x2000039e   Data           1  encoder.o(.data)
    is_ready_                                0x2000039f   Data           1  encoder.o(.data)
    shadow_count_                            0x200003a0   Data           4  encoder.o(.data)
    count_in_cpr_                            0x200003a4   Data           4  encoder.o(.data)
    interpolation_                           0x200003a8   Data           4  encoder.o(.data)
    pos_estimate_counts_                     0x200003ac   Data           4  encoder.o(.data)
    pos_cpr_counts_                          0x200003b0   Data           4  encoder.o(.data)
    vel_estimate_counts_                     0x200003b4   Data           4  encoder.o(.data)
    pll_kp_                                  0x200003b8   Data           4  encoder.o(.data)
    pll_ki_                                  0x200003bc   Data           4  encoder.o(.data)
    calib_scan_response_                     0x200003c0   Data           4  encoder.o(.data)
    pos_abs_                                 0x200003c4   Data           4  encoder.o(.data)
    spi_error_rate_                          0x200003c8   Data           4  encoder.o(.data)
    pos_estimate_                            0x200003cc   Data           4  encoder.o(.data)
    vel_estimate_                            0x200003d0   Data           4  encoder.o(.data)
    pos_circular_                            0x200003d4   Data           4  encoder.o(.data)
    pos_estimate_valid_                      0x200003d8   Data           1  encoder.o(.data)
    vel_estimate_valid_                      0x200003d9   Data           1  encoder.o(.data)
    tim_cnt_sample_                          0x200003da   Data           2  encoder.o(.data)
    abs_spi_pos_updated_                     0x200003dc   Data           1  encoder.o(.data)
    control_error                            0x200003e0   Data           4  controller.o(.data)
    controller_pos_estimate_linear_src_      0x200003e4   Data           4  controller.o(.data)
    controller_pos_estimate_circular_src_    0x200003e8   Data           4  controller.o(.data)
    controller_vel_estimate_src_             0x200003ec   Data           4  controller.o(.data)
    controller_pos_wrap_src_                 0x200003f0   Data           4  controller.o(.data)
    pos_setpoint_                            0x200003f4   Data           4  controller.o(.data)
    vel_setpoint_                            0x200003f8   Data           4  controller.o(.data)
    vel_integrator_torque_                   0x200003fc   Data           4  controller.o(.data)
    torque_setpoint_                         0x20000400   Data           4  controller.o(.data)
    input_pos_                               0x20000404   Data           4  controller.o(.data)
    input_vel_                               0x20000408   Data           4  controller.o(.data)
    input_torque_                            0x2000040c   Data           4  controller.o(.data)
    input_filter_kp_                         0x20000410   Data           4  controller.o(.data)
    input_filter_ki_                         0x20000414   Data           4  controller.o(.data)
    autotuning_phase_                        0x20000418   Data           4  controller.o(.data)
    input_pos_updated_                       0x2000041c   Data           1  controller.o(.data)
    trajectory_done_                         0x2000041d   Data           1  controller.o(.data)
    mechanical_power_                        0x20000420   Data           4  controller.o(.data)
    electrical_power_                        0x20000424   Data           4  controller.o(.data)
    torque_output_                           0x20000428   Data           4  controller.o(.data)
    anticogging_valid_                       0x2000042c   Data           1  anticogging.o(.data)
    USART_InitStructure                      0x20000434   Data          16  usbd_cdc_vcp.o(.bss)
    usbd_cdc_OtherCfgDesc                    0x20000444   Data          67  usbd_cdc_core.o(.bss)
    USB_Rx_Buffer                            0x20000487   Data          64  usbd_cdc_core.o(.bss)
    APP_Rx_Buffer                            0x200004c7   Data        2048  usbd_cdc_core.o(.bss)
    USBD_StrDesc                             0x20000cc7   Data         255  usbd_req.o(.bss)
    _SEGGER_RTT                              0x20000dc8   Data         168  segger_rtt.o(.bss)
    usb_recbuff                              0x20001280   Data         256  communication_usb.o(.bss)
    usb_sndbuff                              0x20001380   Data         256  communication_usb.o(.bss)
    adc1_value                               0x20001480   Data          64  adc.o(.bss)
    CAN1_rx_msg                              0x200014c0   Data          20  timer.o(.bss)
    ntc_params                               0x200014d4   Data          24  timer.o(.bss)
    ntc_params2                              0x200014ec   Data          24  timer.o(.bss)
    snd2_buff                                0x20001504   Data         256  usart2.o(.bss)
    rcv2_buff                                0x20001604   Data         256  usart2.o(.bss)
    ODSendData                               0x20001704   Data           9  can.o(.bss)
    can1_rx_msg                              0x20001710   Data          20  can.o(.bss)
    openloop_controller_                     0x20001724   Data          52  open_loop_controller.o(.bss)
    JS_RTT_BufferUp1                         0x20001758   Data        2048  board.o(.bss)
    rtt_JsMsg                                0x20001f58   Data          16  board.o(.bss)
    rtt_JsMsg2                               0x20001f68   Data          16  board.o(.bss)
    current0                                 0x20001f78   Data          12  board.o(.bss)
    motor_config                             0x20001f84   Data          72  motor.o(.bss)
    current_meas_                            0x20001fcc   Data          12  motor.o(.bss)
    DC_calib_                                0x20001fd8   Data          12  motor.o(.bss)
    encoder_config                           0x20001fe4   Data          60  encoder.o(.bss)
    trapTraj_config                          0x20002020   Data          12  traptraj.o(.bss)
    trap_traj_                               0x2000202c   Data          48  traptraj.o(.bss)
    autotuning_                              0x2000205c   Data          16  controller.o(.bss)
    ctrl_config                              0x2000206c   Data          80  controller.o(.bss)
    flash_reg                                0x200020bc   Data         512  flash_writer.o(.bss)
    anticogging                              0x200022bc   Data       14424  anticogging.o(.bss)
    USB_OTG_dev                              0x20005b50   Data        1524  main.o(.bss)
    __initial_sp                             0x20006548   Data           0  startup_stm32f40_41xxx.o(STACK)



==============================================================================

Memory Map of the image

  Image Entry point : 0x08000189

  Load Region LR_IROM1 (Base: 0x08000000, Size: 0x0000d024, Max: 0x00100000, ABSOLUTE, COMPRESSED[0x0000cd0c])

    Execution Region ER_IROM1 (Exec base: 0x08000000, Load base: 0x08000000, Size: 0x0000cbf0, Max: 0x00100000, ABSOLUTE)

    Exec Addr    Load Addr    Size         Type   Attr      Idx    E Section Name        Object

    0x08000000   0x08000000   0x00000188   Data   RO            3    RESET               startup_stm32f40_41xxx.o
    0x08000188   0x08000188   0x00000000   Code   RO         8128  * .ARM.Collect$$$$00000000  mc_w.l(entry.o)
    0x08000188   0x08000188   0x00000004   Code   RO         8460    .ARM.Collect$$$$00000001  mc_w.l(entry2.o)
    0x0800018c   0x0800018c   0x00000004   Code   RO         8463    .ARM.Collect$$$$00000004  mc_w.l(entry5.o)
    0x08000190   0x08000190   0x00000000   Code   RO         8465    .ARM.Collect$$$$00000008  mc_w.l(entry7b.o)
    0x08000190   0x08000190   0x00000000   Code   RO         8467    .ARM.Collect$$$$0000000A  mc_w.l(entry8b.o)
    0x08000190   0x08000190   0x00000008   Code   RO         8468    .ARM.Collect$$$$0000000B  mc_w.l(entry9a.o)
    0x08000198   0x08000198   0x00000004   Code   RO         8475    .ARM.Collect$$$$0000000E  mc_w.l(entry12b.o)
    0x0800019c   0x0800019c   0x00000000   Code   RO         8470    .ARM.Collect$$$$0000000F  mc_w.l(entry10a.o)
    0x0800019c   0x0800019c   0x00000000   Code   RO         8472    .ARM.Collect$$$$00000011  mc_w.l(entry11a.o)
    0x0800019c   0x0800019c   0x00000004   Code   RO         8461    .ARM.Collect$$$$00002712  mc_w.l(entry2.o)
    0x080001a0   0x080001a0   0x00000024   Code   RO            4    .text               startup_stm32f40_41xxx.o
    0x080001c4   0x080001c4   0x00000024   Code   RO         8133    .text               mc_w.l(memcpya.o)
    0x080001e8   0x080001e8   0x00000024   Code   RO         8135    .text               mc_w.l(memseta.o)
    0x0800020c   0x0800020c   0x00000024   Code   RO         8137    .text               mc_w.l(strstr.o)
    0x08000230   0x08000230   0x00000038   Code   RO         8432    .text               mc_w.l(__0sscanf.o)
    0x08000268   0x08000268   0x0000014c   Code   RO         8434    .text               mc_w.l(_scanf_int.o)
    0x080003b4   0x080003b4   0x00000360   Code   RO         8436    .text               mc_w.l(scanf_fp.o)
    0x08000714   0x08000714   0x0000001a   Code   RO         8440    .text               mc_w.l(atoi.o)
    0x0800072e   0x0800072e   0x00000026   Code   RO         8442    .text               mf_w.l(f2d.o)
    0x08000754   0x08000754   0x00000038   Code   RO         8444    .text               mf_w.l(d2f.o)
    0x0800078c   0x0800078c   0x0000002c   Code   RO         8476    .text               mc_w.l(uidiv.o)
    0x080007b8   0x080007b8   0x00000062   Code   RO         8478    .text               mc_w.l(uldiv.o)
    0x0800081a   0x0800081a   0x0000001c   Code   RO         8489    .text               mc_w.l(_chval.o)
    0x08000836   0x08000836   0x00000002   PAD
    0x08000838   0x08000838   0x00000028   Code   RO         8491    .text               mc_w.l(scanf_char.o)
    0x08000860   0x08000860   0x00000040   Code   RO         8493    .text               mc_w.l(_sgetc.o)
    0x080008a0   0x080008a0   0x0000009c   Code   RO         8495    .text               mc_w.l(strtod.o)
    0x0800093c   0x0800093c   0x00000070   Code   RO         8497    .text               mc_w.l(strtol.o)
    0x080009ac   0x080009ac   0x00000000   Code   RO         8499    .text               mc_w.l(iusefp.o)
    0x080009ac   0x080009ac   0x0000006e   Code   RO         8500    .text               mf_w.l(fepilogue.o)
    0x08000a1a   0x08000a1a   0x0000003c   Code   RO         8502    .text               mf_w.l(frnd.o)
    0x08000a56   0x08000a56   0x0000014e   Code   RO         8504    .text               mf_w.l(dadd.o)
    0x08000ba4   0x08000ba4   0x000000e4   Code   RO         8506    .text               mf_w.l(dmul.o)
    0x08000c88   0x08000c88   0x000000de   Code   RO         8508    .text               mf_w.l(ddiv.o)
    0x08000d66   0x08000d66   0x000000a2   Code   RO         8510    .text               mf_w.l(dsqrt.o)
    0x08000e08   0x08000e08   0x00000018   Code   RO         8512    .text               mf_w.l(dfltul.o)
    0x08000e20   0x08000e20   0x00000030   Code   RO         8514    .text               mf_w.l(dfixul.o)
    0x08000e50   0x08000e50   0x00000030   Code   RO         8518    .text               mf_w.l(cdrcmple.o)
    0x08000e80   0x08000e80   0x00000004   Code   RO         8520    .text               mf_w.l(fpstat.o)
    0x08000e84   0x08000e84   0x00000024   Code   RO         8522    .text               mc_w.l(init.o)
    0x08000ea8   0x08000ea8   0x0000001e   Code   RO         8524    .text               mc_w.l(llshl.o)
    0x08000ec6   0x08000ec6   0x00000020   Code   RO         8526    .text               mc_w.l(llushr.o)
    0x08000ee6   0x08000ee6   0x00000024   Code   RO         8528    .text               mc_w.l(llsshr.o)
    0x08000f0a   0x08000f0a   0x00000002   PAD
    0x08000f0c   0x08000f0c   0x00000008   Code   RO         8532    .text               mc_w.l(ctype_o.o)
    0x08000f14   0x08000f14   0x00000012   Code   RO         8554    .text               mc_w.l(isspace_o.o)
    0x08000f26   0x08000f26   0x00000002   PAD
    0x08000f28   0x08000f28   0x00000330   Code   RO         8560    .text               mc_w.l(_scanf.o)
    0x08001258   0x08001258   0x0000009e   Code   RO         8562    .text               mc_w.l(_strtoul.o)
    0x080012f6   0x080012f6   0x000000ba   Code   RO         8564    .text               mf_w.l(depilogue.o)
    0x080013b0   0x080013b0   0x00000056   Code   RO         8577    .text               mc_w.l(__dczerorl2.o)
    0x08001406   0x08001406   0x00000002   PAD
    0x08001408   0x08001408   0x00000148   Code   RO         6620    i.ADC1_DMA_Init     adc.o
    0x08001550   0x08001550   0x000000a4   Code   RO         6621    i.ADC2_TRGO_Init    adc.o
    0x080015f4   0x080015f4   0x000000a4   Code   RO         6622    i.ADC3_TRGO_Init    adc.o
    0x08001698   0x08001698   0x00000016   Code   RO          201    i.ADC_AutoInjectedConvCmd  stm32f4xx_adc.o
    0x080016ae   0x080016ae   0x00000016   Code   RO          204    i.ADC_Cmd           stm32f4xx_adc.o
    0x080016c4   0x080016c4   0x00000030   Code   RO          205    i.ADC_CommonInit    stm32f4xx_adc.o
    0x080016f4   0x080016f4   0x00000068   Code   RO         6623    i.ADC_Common_Init   adc.o
    0x0800175c   0x0800175c   0x00000016   Code   RO          208    i.ADC_DMACmd        stm32f4xx_adc.o
    0x08001772   0x08001772   0x00000016   Code   RO          209    i.ADC_DMARequestAfterLastTransferCmd  stm32f4xx_adc.o
    0x08001788   0x08001788   0x00000016   Code   RO          213    i.ADC_EOCOnEachRegularChannelCmd  stm32f4xx_adc.o
    0x0800179e   0x0800179e   0x00000010   Code   RO          214    i.ADC_ExternalTrigInjectedConvConfig  stm32f4xx_adc.o
    0x080017ae   0x080017ae   0x00000010   Code   RO          215    i.ADC_ExternalTrigInjectedConvEdgeConfig  stm32f4xx_adc.o
    0x080017be   0x080017be   0x00000002   PAD
    0x080017c0   0x080017c0   0x00000054   Code   RO          224    i.ADC_Init          stm32f4xx_adc.o
    0x08001814   0x08001814   0x00000082   Code   RO          225    i.ADC_InjectedChannelConfig  stm32f4xx_adc.o
    0x08001896   0x08001896   0x00000016   Code   RO          226    i.ADC_InjectedDiscModeCmd  stm32f4xx_adc.o
    0x080018ac   0x080018ac   0x00000018   Code   RO          227    i.ADC_InjectedSequencerLengthConfig  stm32f4xx_adc.o
    0x080018c4   0x080018c4   0x000000b8   Code   RO          229    i.ADC_RegularChannelConfig  stm32f4xx_adc.o
    0x0800197c   0x0800197c   0x00000014   Code   RO          230    i.ADC_SetInjectedOffset  stm32f4xx_adc.o
    0x08001990   0x08001990   0x00000004   Code   RO         5228    i.BusFault_Handler  stm32fxxx_it.o
    0x08001994   0x08001994   0x00000154   Code   RO         6904    i.CAN1_Mode_Init    can.o
    0x08001ae8   0x08001ae8   0x0000014c   Code   RO         6905    i.CAN1_RX0_IRQHandler  can.o
    0x08001c34   0x08001c34   0x0000005a   Code   RO         6909    i.CAN1_Set_BaudRate  can.o
    0x08001c8e   0x08001c8e   0x00000002   PAD
    0x08001c90   0x08001c90   0x00000038   Code   RO          441    i.CAN_ClearFlag     stm32f4xx_can.o
    0x08001cc8   0x08001cc8   0x000000a8   Code   RO          442    i.CAN_ClearITPendingBit  stm32f4xx_can.o
    0x08001d70   0x08001d70   0x00000038   Code   RO          444    i.CAN_DeInit        stm32f4xx_can.o
    0x08001da8   0x08001da8   0x00000108   Code   RO          446    i.CAN_FilterInit    stm32f4xx_can.o
    0x08001eb0   0x08001eb0   0x00000120   Code   RO          448    i.CAN_GetITStatus   stm32f4xx_can.o
    0x08001fd0   0x08001fd0   0x00000012   Code   RO          452    i.CAN_ITConfig      stm32f4xx_can.o
    0x08001fe2   0x08001fe2   0x00000114   Code   RO          453    i.CAN_Init          stm32f4xx_can.o
    0x080020f6   0x080020f6   0x000000f0   Code   RO          456    i.CAN_Receive       stm32f4xx_can.o
    0x080021e6   0x080021e6   0x00000002   PAD
    0x080021e8   0x080021e8   0x00000034   Code   RO          457    i.CAN_SlaveStartBank  stm32f4xx_can.o
    0x0800221c   0x0800221c   0x00000020   Code   RO          459    i.CAN_StructInit    stm32f4xx_can.o
    0x0800223c   0x0800223c   0x00000126   Code   RO          461    i.CAN_Transmit      stm32f4xx_can.o
    0x08002362   0x08002362   0x00000002   PAD
    0x08002364   0x08002364   0x000000a0   Code   RO          462    i.CAN_TransmitStatus  stm32f4xx_can.o
    0x08002404   0x08002404   0x00000012   Code   RO          464    i.CheckITStatus     stm32f4xx_can.o
    0x08002416   0x08002416   0x00000002   PAD
    0x08002418   0x08002418   0x00000058   Code   RO         7681    i.Controller_update_filter_gains  controller.o
    0x08002470   0x08002470   0x0000004a   Code   RO         6089    i.DCD_EP_Close      usb_dcd.o
    0x080024ba   0x080024ba   0x00000048   Code   RO         6090    i.DCD_EP_ClrStall   usb_dcd.o
    0x08002502   0x08002502   0x00000068   Code   RO         6092    i.DCD_EP_Open       usb_dcd.o
    0x0800256a   0x0800256a   0x00000052   Code   RO         6093    i.DCD_EP_PrepareRx  usb_dcd.o
    0x080025bc   0x080025bc   0x0000001c   Code   RO         6094    i.DCD_EP_SetAddress  usb_dcd.o
    0x080025d8   0x080025d8   0x00000048   Code   RO         6095    i.DCD_EP_Stall      usb_dcd.o
    0x08002620   0x08002620   0x0000004e   Code   RO         6096    i.DCD_EP_Tx         usb_dcd.o
    0x0800266e   0x0800266e   0x00000066   Code   RO         6179    i.DCD_HandleEnumDone_ISR  usb_dcd_int.o
    0x080026d4   0x080026d4   0x00000144   Code   RO         6180    i.DCD_HandleInEP_ISR  usb_dcd_int.o
    0x08002818   0x08002818   0x00000100   Code   RO         6181    i.DCD_HandleOutEP_ISR  usb_dcd_int.o
    0x08002918   0x08002918   0x00000068   Code   RO         6182    i.DCD_HandleResume_ISR  usb_dcd_int.o
    0x08002980   0x08002980   0x000000b0   Code   RO         6183    i.DCD_HandleRxStatusQueueLevel_ISR  usb_dcd_int.o
    0x08002a30   0x08002a30   0x0000002c   Code   RO         6184    i.DCD_HandleSof_ISR  usb_dcd_int.o
    0x08002a5c   0x08002a5c   0x000000a8   Code   RO         6185    i.DCD_HandleUSBSuspend_ISR  usb_dcd_int.o
    0x08002b04   0x08002b04   0x00000104   Code   RO         6186    i.DCD_HandleUsbReset_ISR  usb_dcd_int.o
    0x08002c08   0x08002c08   0x0000009c   Code   RO         6098    i.DCD_Init          usb_dcd.o
    0x08002ca4   0x08002ca4   0x0000002c   Code   RO         6187    i.DCD_IsoINIncomplete_ISR  usb_dcd_int.o
    0x08002cd0   0x08002cd0   0x0000002c   Code   RO         6188    i.DCD_IsoOUTIncomplete_ISR  usb_dcd_int.o
    0x08002cfc   0x08002cfc   0x00000028   Code   RO         6189    i.DCD_ReadDevInEP   usb_dcd_int.o
    0x08002d24   0x08002d24   0x00000090   Code   RO         6190    i.DCD_WriteEmptyTxFifo  usb_dcd_int.o
    0x08002db4   0x08002db4   0x00000028   Code   RO         6718    i.DMA1_Stream6_IRQHandler  usart2.o
    0x08002ddc   0x08002ddc   0x00000034   Code   RO         1142    i.DMA_ClearITPendingBit  stm32f4xx_dma.o
    0x08002e10   0x08002e10   0x00000016   Code   RO         1143    i.DMA_Cmd           stm32f4xx_dma.o
    0x08002e26   0x08002e26   0x00000002   PAD
    0x08002e28   0x08002e28   0x00000158   Code   RO         1144    i.DMA_DeInit        stm32f4xx_dma.o
    0x08002f80   0x08002f80   0x00000014   Code   RO         1148    i.DMA_GetCmdStatus  stm32f4xx_dma.o
    0x08002f94   0x08002f94   0x00000008   Code   RO         1149    i.DMA_GetCurrDataCounter  stm32f4xx_dma.o
    0x08002f9c   0x08002f9c   0x00000064   Code   RO         1153    i.DMA_GetITStatus   stm32f4xx_dma.o
    0x08003000   0x08003000   0x00000058   Code   RO         1155    i.DMA_Init          stm32f4xx_dma.o
    0x08003058   0x08003058   0x00000004   Code   RO         1158    i.DMA_SetCurrDataCounter  stm32f4xx_dma.o
    0x0800305c   0x0800305c   0x00000088   Code   RO         5171    i.DWT_Count_Timestamp_Microsecond  dwt.o
    0x080030e4   0x080030e4   0x0000000c   Code   RO         5173    i.DWT_Get_CNT       dwt.o
    0x080030f0   0x080030f0   0x00000010   Code   RO         5174    i.DWT_Get_Microsecond  dwt.o
    0x08003100   0x08003100   0x0000000c   Code   RO         5175    i.DWT_Get_System_Clock_Freq  dwt.o
    0x0800310c   0x0800310c   0x0000003c   Code   RO         5176    i.DWT_Timer_Init    dwt.o
    0x08003148   0x08003148   0x00000002   Code   RO         5229    i.DebugMon_Handler  stm32fxxx_it.o
    0x0800314a   0x0800314a   0x00000002   PAD
    0x0800314c   0x0800314c   0x0000000c   Code   RO         1401    i.EXTI_ClearITPendingBit  stm32f4xx_exti.o
    0x08003158   0x08003158   0x00000024   Code   RO         1463    i.FLASH_DataCacheCmd  stm32f4xx_flash.o
    0x0800317c   0x0800317c   0x00000088   Code   RO         1468    i.FLASH_EraseSector  stm32f4xx_flash.o
    0x08003204   0x08003204   0x00000054   Code   RO         1470    i.FLASH_GetStatus   stm32f4xx_flash.o
    0x08003258   0x08003258   0x00000014   Code   RO         1474    i.FLASH_Lock        stm32f4xx_flash.o
    0x0800326c   0x0800326c   0x00000050   Code   RO         1498    i.FLASH_ProgramWord  stm32f4xx_flash.o
    0x080032bc   0x080032bc   0x00000024   Code   RO         1500    i.FLASH_Unlock      stm32f4xx_flash.o
    0x080032e0   0x080032e0   0x00000022   Code   RO         1501    i.FLASH_WaitForLastOperation  stm32f4xx_flash.o
    0x08003302   0x08003302   0x00000002   PAD
    0x08003304   0x08003304   0x0000024c   Code   RO         7102    i.FOC_current       foc.o
    0x08003550   0x08003550   0x00000054   Code   RO         7103    i.FOC_voltage       foc.o
    0x080035a4   0x080035a4   0x00000090   Code   RO         1877    i.GPIO_Init         stm32f4xx_gpio.o
    0x08003634   0x08003634   0x00000046   Code   RO         1878    i.GPIO_PinAFConfig  stm32f4xx_gpio.o
    0x0800367a   0x0800367a   0x00000004   Code   RO         1884    i.GPIO_ResetBits    stm32f4xx_gpio.o
    0x0800367e   0x0800367e   0x00000004   Code   RO         1885    i.GPIO_SetBits      stm32f4xx_gpio.o
    0x08003682   0x08003682   0x00000002   PAD
    0x08003684   0x08003684   0x0000004c   Code   RO         7882    i.Get_Temperature   ntc.o
    0x080036d0   0x080036d0   0x000000cc   Code   RO         5543    i.Handle_USBAsynchXfer  usbd_cdc_core.o
    0x0800379c   0x0800379c   0x00000004   Code   RO         5230    i.HardFault_Handler  stm32fxxx_it.o
    0x080037a0   0x080037a0   0x00000098   Code   RO         4940    i.IAP_APP_CAN_ReStart  iap.o
    0x08003838   0x08003838   0x00000074   Code   RO         4942    i.IAP_Can_Send_Msg  iap.o
    0x080038ac   0x080038ac   0x00000014   Code   RO         4943    i.IAP_Send_Device_ino  iap.o
    0x080038c0   0x080038c0   0x00000010   Code   RO         2372    i.IWDG_Enable       stm32f4xx_iwdg.o
    0x080038d0   0x080038d0   0x00000022   Code   RO         7215    i.IWDG_Init         board.o
    0x080038f2   0x080038f2   0x00000002   PAD
    0x080038f4   0x080038f4   0x00000010   Code   RO         2374    i.IWDG_ReloadCounter  stm32f4xx_iwdg.o
    0x08003904   0x08003904   0x0000000c   Code   RO         2375    i.IWDG_SetPrescaler  stm32f4xx_iwdg.o
    0x08003910   0x08003910   0x0000000c   Code   RO         2376    i.IWDG_SetReload    stm32f4xx_iwdg.o
    0x0800391c   0x0800391c   0x0000000c   Code   RO         2377    i.IWDG_WriteAccessCmd  stm32f4xx_iwdg.o
    0x08003928   0x08003928   0x0000006c   Code   RO         7277    i.Inductance_get_alpha_beta_output  motor.o
    0x08003994   0x08003994   0x00000080   Code   RO         7278    i.Inductance_on_measurement  motor.o
    0x08003a14   0x08003a14   0x000000c8   Code   RO         7482    i.MagneticSensor_Init  encoder.o
    0x08003adc   0x08003adc   0x00000004   Code   RO         5231    i.MemManage_Handler  stm32fxxx_it.o
    0x08003ae0   0x08003ae0   0x00000002   Code   RO         5232    i.NMI_Handler       stm32fxxx_it.o
    0x08003ae2   0x08003ae2   0x00000002   PAD
    0x08003ae4   0x08003ae4   0x000001b4   Code   RO         7883    i.NTC_CalculateTemperature  ntc.o
    0x08003c98   0x08003c98   0x00000024   Code   RO         7884    i.NTC_CelsiusToFahrenheit  ntc.o
    0x08003cbc   0x08003cbc   0x00000028   Code   RO         7886    i.NTC_GetTemperatureC  ntc.o
    0x08003ce4   0x08003ce4   0x0000001e   Code   RO         7887    i.NTC_InitParams    ntc.o
    0x08003d02   0x08003d02   0x00000002   PAD
    0x08003d04   0x08003d04   0x00000078   Code   RO          150    i.NVIC_Init         misc.o
    0x08003d7c   0x08003d7c   0x00000014   Code   RO          151    i.NVIC_PriorityGroupConfig  misc.o
    0x08003d90   0x08003d90   0x00000028   Code   RO         6910    i.ODSetPos_gainData  can.o
    0x08003db8   0x08003db8   0x0000004c   Code   RO         6911    i.ODSetVel_gainsData  can.o
    0x08003e04   0x08003e04   0x00000018   Code   RO         6914    i.OD_SET_INPUT_CUR  can.o
    0x08003e1c   0x08003e1c   0x00000024   Code   RO         6915    i.OD_SET_INPUT_POS  can.o
    0x08003e40   0x08003e40   0x00000018   Code   RO         6916    i.OD_SET_INPUT_VEL  can.o
    0x08003e58   0x08003e58   0x00000010   Code   RO         5233    i.OTG_FS_IRQHandler  stm32fxxx_it.o
    0x08003e68   0x08003e68   0x00000030   Code   RO         5234    i.OTG_FS_WKUP_IRQHandler  stm32fxxx_it.o
    0x08003e98   0x08003e98   0x00000002   Code   RO         5235    i.PendSV_Handler    stm32fxxx_it.o
    0x08003e9a   0x08003e9a   0x00000002   PAD
    0x08003e9c   0x08003e9c   0x00000020   Code   RO         2741    i.RCC_AHB1PeriphClockCmd  stm32f4xx_rcc.o
    0x08003ebc   0x08003ebc   0x00000020   Code   RO         2744    i.RCC_AHB2PeriphClockCmd  stm32f4xx_rcc.o
    0x08003edc   0x08003edc   0x00000020   Code   RO         2750    i.RCC_APB1PeriphClockCmd  stm32f4xx_rcc.o
    0x08003efc   0x08003efc   0x00000020   Code   RO         2752    i.RCC_APB1PeriphResetCmd  stm32f4xx_rcc.o
    0x08003f1c   0x08003f1c   0x00000020   Code   RO         2753    i.RCC_APB2PeriphClockCmd  stm32f4xx_rcc.o
    0x08003f3c   0x08003f3c   0x00000020   Code   RO         2755    i.RCC_APB2PeriphResetCmd  stm32f4xx_rcc.o
    0x08003f5c   0x08003f5c   0x000000e8   Code   RO         2762    i.RCC_GetClocksFreq  stm32f4xx_rcc.o
    0x08004044   0x08004044   0x00000034   Code   RO         7280    i.Resistance_get_alpha_beta_output  motor.o
    0x08004078   0x08004078   0x0000010c   Code   RO         7281    i.Resistance_on_measurement  motor.o
    0x08004184   0x08004184   0x00000074   Code   RO         6264    i.SEGGER_RTT_ConfigUpBuffer  segger_rtt.o
    0x080041f8   0x080041f8   0x00000048   Code   RO         6286    i.SEGGER_RTT_Write  segger_rtt.o
    0x08004240   0x08004240   0x00000084   Code   RO         6289    i.SEGGER_RTT_WriteNoLock  segger_rtt.o
    0x080042c4   0x080042c4   0x000000ec   Code   RO         6815    i.SPI3_Init_        spi3.o
    0x080043b0   0x080043b0   0x00000018   Code   RO         3858    i.SPI_Cmd           stm32f4xx_spi.o
    0x080043c8   0x080043c8   0x00000012   Code   RO         3866    i.SPI_I2S_GetFlagStatus  stm32f4xx_spi.o
    0x080043da   0x080043da   0x00000006   Code   RO         3869    i.SPI_I2S_ReceiveData  stm32f4xx_spi.o
    0x080043e0   0x080043e0   0x00000004   Code   RO         3870    i.SPI_I2S_SendData  stm32f4xx_spi.o
    0x080043e4   0x080043e4   0x0000003c   Code   RO         3871    i.SPI_Init          stm32f4xx_spi.o
    0x08004420   0x08004420   0x00000034   Code   RO         6816    i.SPIx_ReadWriteByte  spi3.o
    0x08004454   0x08004454   0x0000000a   Code   RO         7617    i.SQ                traptraj.o
    0x0800445e   0x0800445e   0x00000002   Code   RO         5236    i.SVC_Handler       stm32fxxx_it.o
    0x08004460   0x08004460   0x000002fc   Code   RO         7026    i.SVM               utils.o
    0x0800475c   0x0800475c   0x0000003c   Code   RO         7934    i.Scheduler_Init    scheduler.o
    0x08004798   0x08004798   0x00000240   Code   RO         6541    i.Send_Configuration  communication_usb.o
    0x080049d8   0x080049d8   0x00000060   Code   RO         4945    i.Send_response     iap.o
    0x08004a38   0x08004a38   0x000000ec   Code   RO           12    i.SetSysClock       system_stm32f4xx.o
    0x08004b24   0x08004b24   0x00000002   Code   RO         5237    i.SysTick_Handler   stm32fxxx_it.o
    0x08004b26   0x08004b26   0x00000002   PAD
    0x08004b28   0x08004b28   0x00000068   Code   RO           14    i.SystemInit        system_stm32f4xx.o
    0x08004b90   0x08004b90   0x0000003a   Code   RO         4072    i.TI1_Config        stm32f4xx_tim.o
    0x08004bca   0x08004bca   0x00000050   Code   RO         4073    i.TI2_Config        stm32f4xx_tim.o
    0x08004c1a   0x08004c1a   0x00000048   Code   RO         4074    i.TI3_Config        stm32f4xx_tim.o
    0x08004c62   0x08004c62   0x00000050   Code   RO         4075    i.TI4_Config        stm32f4xx_tim.o
    0x08004cb2   0x08004cb2   0x00000002   PAD
    0x08004cb4   0x08004cb4   0x0000019c   Code   RO         6664    i.TIM1_PWM_Init     timer.o
    0x08004e50   0x08004e50   0x000000e0   Code   RO         7216    i.TIM1_UP_TIM10_IRQHandler  board.o
    0x08004f30   0x08004f30   0x0000003c   Code   RO         6665    i.TIM2_Init         timer.o
    0x08004f6c   0x08004f6c   0x000000b8   Code   RO         6666    i.TIM3_Encoder_Init  timer.o
    0x08005024   0x08005024   0x00000110   Code   RO         6667    i.TIM3_InputCapture_Config  timer.o
    0x08005134   0x08005134   0x000001c0   Code   RO         6668    i.TIM7_IRQHandler   timer.o
    0x080052f4   0x080052f4   0x00000054   Code   RO         6669    i.TIM7_Init         timer.o
    0x08005348   0x08005348   0x00000028   Code   RO         4884    i.TIM8_TRG_COM_TIM14_IRQHandler  delay.o
    0x08005370   0x08005370   0x00000018   Code   RO         4076    i.TIM_ARRPreloadConfig  stm32f4xx_tim.o
    0x08005388   0x08005388   0x00000020   Code   RO         4077    i.TIM_BDTRConfig    stm32f4xx_tim.o
    0x080053a8   0x080053a8   0x00000006   Code   RO         4083    i.TIM_ClearITPendingBit  stm32f4xx_tim.o
    0x080053ae   0x080053ae   0x00000018   Code   RO         4088    i.TIM_Cmd           stm32f4xx_tim.o
    0x080053c6   0x080053c6   0x0000001e   Code   RO         4090    i.TIM_CtrlPWMOutputs  stm32f4xx_tim.o
    0x080053e4   0x080053e4   0x00000190   Code   RO         4093    i.TIM_DeInit        stm32f4xx_tim.o
    0x08005574   0x08005574   0x00000042   Code   RO         4097    i.TIM_EncoderInterfaceConfig  stm32f4xx_tim.o
    0x080055b6   0x080055b6   0x00000022   Code   RO         4109    i.TIM_GetITStatus   stm32f4xx_tim.o
    0x080055d8   0x080055d8   0x0000006e   Code   RO         4111    i.TIM_ICInit        stm32f4xx_tim.o
    0x08005646   0x08005646   0x00000012   Code   RO         4112    i.TIM_ICStructInit  stm32f4xx_tim.o
    0x08005658   0x08005658   0x00000012   Code   RO         4113    i.TIM_ITConfig      stm32f4xx_tim.o
    0x0800566a   0x0800566a   0x00000002   PAD
    0x0800566c   0x0800566c   0x0000007c   Code   RO         4117    i.TIM_OC1Init       stm32f4xx_tim.o
    0x080056e8   0x080056e8   0x00000012   Code   RO         4120    i.TIM_OC1PreloadConfig  stm32f4xx_tim.o
    0x080056fa   0x080056fa   0x00000002   PAD
    0x080056fc   0x080056fc   0x000000a4   Code   RO         4122    i.TIM_OC2Init       stm32f4xx_tim.o
    0x080057a0   0x080057a0   0x0000001a   Code   RO         4125    i.TIM_OC2PreloadConfig  stm32f4xx_tim.o
    0x080057ba   0x080057ba   0x00000002   PAD
    0x080057bc   0x080057bc   0x000000a0   Code   RO         4127    i.TIM_OC3Init       stm32f4xx_tim.o
    0x0800585c   0x0800585c   0x00000012   Code   RO         4130    i.TIM_OC3PreloadConfig  stm32f4xx_tim.o
    0x0800586e   0x0800586e   0x00000012   Code   RO         4146    i.TIM_SelectOutputTrigger  stm32f4xx_tim.o
    0x08005880   0x08005880   0x00000004   Code   RO         4154    i.TIM_SetCounter    stm32f4xx_tim.o
    0x08005884   0x08005884   0x00000012   Code   RO         4155    i.TIM_SetIC1Prescaler  stm32f4xx_tim.o
    0x08005896   0x08005896   0x0000001a   Code   RO         4156    i.TIM_SetIC2Prescaler  stm32f4xx_tim.o
    0x080058b0   0x080058b0   0x00000012   Code   RO         4157    i.TIM_SetIC3Prescaler  stm32f4xx_tim.o
    0x080058c2   0x080058c2   0x0000001a   Code   RO         4158    i.TIM_SetIC4Prescaler  stm32f4xx_tim.o
    0x080058dc   0x080058dc   0x00000084   Code   RO         4160    i.TIM_TimeBaseInit  stm32f4xx_tim.o
    0x08005960   0x08005960   0x00000068   Code   RO         6719    i.USART2_IRQHandler  usart2.o
    0x080059c8   0x080059c8   0x00000124   Code   RO         6720    i.USART2_Init       usart2.o
    0x08005aec   0x08005aec   0x00000030   Code   RO         6721    i.USART2_SendDMA    usart2.o
    0x08005b1c   0x08005b1c   0x00000018   Code   RO         4638    i.USART_Cmd         stm32f4xx_usart.o
    0x08005b34   0x08005b34   0x00000012   Code   RO         4639    i.USART_DMACmd      stm32f4xx_usart.o
    0x08005b46   0x08005b46   0x00000002   PAD
    0x08005b48   0x08005b48   0x000000f0   Code   RO         4640    i.USART_DeInit      stm32f4xx_usart.o
    0x08005c38   0x08005c38   0x00000054   Code   RO         4642    i.USART_GetITStatus  stm32f4xx_usart.o
    0x08005c8c   0x08005c8c   0x0000004a   Code   RO         4644    i.USART_ITConfig    stm32f4xx_usart.o
    0x08005cd6   0x08005cd6   0x00000002   PAD
    0x08005cd8   0x08005cd8   0x000000d4   Code   RO         4645    i.USART_Init        stm32f4xx_usart.o
    0x08005dac   0x08005dac   0x00000016   Code   RO         5610    i.USBD_ClrCfg       usbd_core.o
    0x08005dc2   0x08005dc2   0x00000048   Code   RO         5760    i.USBD_ClrFeature   usbd_req.o
    0x08005e0a   0x08005e0a   0x0000001e   Code   RO         5704    i.USBD_CtlContinueRx  usbd_ioreq.o
    0x08005e28   0x08005e28   0x0000001e   Code   RO         5705    i.USBD_CtlContinueSendData  usbd_ioreq.o
    0x08005e46   0x08005e46   0x0000001e   Code   RO         5761    i.USBD_CtlError     usbd_req.o
    0x08005e64   0x08005e64   0x0000002e   Code   RO         5706    i.USBD_CtlPrepareRx  usbd_ioreq.o
    0x08005e92   0x08005e92   0x00000024   Code   RO         5707    i.USBD_CtlReceiveStatus  usbd_ioreq.o
    0x08005eb6   0x08005eb6   0x0000002e   Code   RO         5708    i.USBD_CtlSendData  usbd_ioreq.o
    0x08005ee4   0x08005ee4   0x00000024   Code   RO         5709    i.USBD_CtlSendStatus  usbd_ioreq.o
    0x08005f08   0x08005f08   0x000000d0   Code   RO         5611    i.USBD_DataInStage  usbd_core.o
    0x08005fd8   0x08005fd8   0x00000096   Code   RO         5612    i.USBD_DataOutStage  usbd_core.o
    0x0800606e   0x0800606e   0x00000006   Code   RO         5613    i.USBD_DeInit       usbd_core.o
    0x08006074   0x08006074   0x00000054   Code   RO         5762    i.USBD_GetConfig    usbd_req.o
    0x080060c8   0x080060c8   0x00000122   Code   RO         5763    i.USBD_GetDescriptor  usbd_req.o
    0x080061ea   0x080061ea   0x00000014   Code   RO         5764    i.USBD_GetLen       usbd_req.o
    0x080061fe   0x080061fe   0x00000002   PAD
    0x08006200   0x08006200   0x00000050   Code   RO         5765    i.USBD_GetStatus    usbd_req.o
    0x08006250   0x08006250   0x00000052   Code   RO         5766    i.USBD_GetString    usbd_req.o
    0x080062a2   0x080062a2   0x00000042   Code   RO         5614    i.USBD_Init         usbd_core.o
    0x080062e4   0x080062e4   0x00000012   Code   RO         5615    i.USBD_IsoINIncomplete  usbd_core.o
    0x080062f6   0x080062f6   0x00000012   Code   RO         5616    i.USBD_IsoOUTIncomplete  usbd_core.o
    0x08006308   0x08006308   0x000000e0   Code   RO         6191    i.USBD_OTG_ISR_Handler  usb_dcd_int.o
    0x080063e8   0x080063e8   0x00000048   Code   RO         5767    i.USBD_ParseSetupRequest  usbd_req.o
    0x08006430   0x08006430   0x00000032   Code   RO         5617    i.USBD_Reset        usbd_core.o
    0x08006462   0x08006462   0x0000001e   Code   RO         5618    i.USBD_Resume       usbd_core.o
    0x08006480   0x08006480   0x00000014   Code   RO         5619    i.USBD_RunTestMode  usbd_core.o
    0x08006494   0x08006494   0x0000001a   Code   RO         5620    i.USBD_SOF          usbd_core.o
    0x080064ae   0x080064ae   0x0000005c   Code   RO         5768    i.USBD_SetAddress   usbd_req.o
    0x0800650a   0x0800650a   0x0000001e   Code   RO         5621    i.USBD_SetCfg       usbd_core.o
    0x08006528   0x08006528   0x000000d0   Code   RO         5769    i.USBD_SetConfig    usbd_req.o
    0x080065f8   0x080065f8   0x000000a4   Code   RO         5770    i.USBD_SetFeature   usbd_req.o
    0x0800669c   0x0800669c   0x00000054   Code   RO         5622    i.USBD_SetupStage   usbd_core.o
    0x080066f0   0x080066f0   0x00000072   Code   RO         5771    i.USBD_StdDevReq    usbd_req.o
    0x08006762   0x08006762   0x00000002   PAD
    0x08006764   0x08006764   0x0000015c   Code   RO         5772    i.USBD_StdEPReq     usbd_req.o
    0x080068c0   0x080068c0   0x0000004c   Code   RO         5773    i.USBD_StdItfReq    usbd_req.o
    0x0800690c   0x0800690c   0x00000020   Code   RO         5623    i.USBD_Suspend      usbd_core.o
    0x0800692c   0x0800692c   0x00000034   Code   RO         5414    i.USBD_USR_ConfigStrDescriptor  usbd_desc.o
    0x08006960   0x08006960   0x00000002   Code   RO         5480    i.USBD_USR_DeviceConfigured  usbd_usr.o
    0x08006962   0x08006962   0x00000002   Code   RO         5481    i.USBD_USR_DeviceConnected  usbd_usr.o
    0x08006964   0x08006964   0x00000010   Code   RO         5415    i.USBD_USR_DeviceDescriptor  usbd_desc.o
    0x08006974   0x08006974   0x00000002   Code   RO         5482    i.USBD_USR_DeviceDisconnected  usbd_usr.o
    0x08006976   0x08006976   0x00000002   Code   RO         5483    i.USBD_USR_DeviceReset  usbd_usr.o
    0x08006978   0x08006978   0x00000002   Code   RO         5484    i.USBD_USR_DeviceResumed  usbd_usr.o
    0x0800697a   0x0800697a   0x00000002   Code   RO         5485    i.USBD_USR_DeviceSuspended  usbd_usr.o
    0x0800697c   0x0800697c   0x00000002   Code   RO         5486    i.USBD_USR_Init     usbd_usr.o
    0x0800697e   0x0800697e   0x00000002   PAD
    0x08006980   0x08006980   0x00000038   Code   RO         5416    i.USBD_USR_InterfaceStrDescriptor  usbd_desc.o
    0x080069b8   0x080069b8   0x00000010   Code   RO         5417    i.USBD_USR_LangIDStrDescriptor  usbd_desc.o
    0x080069c8   0x080069c8   0x0000002c   Code   RO         5418    i.USBD_USR_ManufacturerStrDescriptor  usbd_desc.o
    0x080069f4   0x080069f4   0x00000070   Code   RO         5419    i.USBD_USR_ProductStrDescriptor  usbd_desc.o
    0x08006a64   0x08006a64   0x00000048   Code   RO         5420    i.USBD_USR_SerialStrDescriptor  usbd_desc.o
    0x08006aac   0x08006aac   0x00000010   Code   RO         5544    i.USBD_cdc_GetCfgDesc  usbd_cdc_core.o
    0x08006abc   0x08006abc   0x0000002c   Code   RO         5315    i.USB_OTG_BSP_EnableInterrupt  usb_bsp.o
    0x08006ae8   0x08006ae8   0x0000005c   Code   RO         5316    i.USB_OTG_BSP_Init  usb_bsp.o
    0x08006b44   0x08006b44   0x00000012   Code   RO         5317    i.USB_OTG_BSP_mDelay  usb_bsp.o
    0x08006b56   0x08006b56   0x0000001e   Code   RO         5318    i.USB_OTG_BSP_uDelay  usb_bsp.o
    0x08006b74   0x08006b74   0x00000126   Code   RO         5860    i.USB_OTG_CoreInit  usb_core.o
    0x08006c9a   0x08006c9a   0x0000020e   Code   RO         5861    i.USB_OTG_CoreInitDev  usb_core.o
    0x08006ea8   0x08006ea8   0x00000070   Code   RO         5862    i.USB_OTG_CoreReset  usb_core.o
    0x08006f18   0x08006f18   0x00000022   Code   RO         5863    i.USB_OTG_DisableGlobalInt  usb_core.o
    0x08006f3a   0x08006f3a   0x0000006a   Code   RO         5864    i.USB_OTG_EP0Activate  usb_core.o
    0x08006fa4   0x08006fa4   0x00000156   Code   RO         5865    i.USB_OTG_EP0StartXfer  usb_core.o
    0x080070fa   0x080070fa   0x00000062   Code   RO         5866    i.USB_OTG_EP0_OutStart  usb_core.o
    0x0800715c   0x0800715c   0x00000098   Code   RO         5867    i.USB_OTG_EPActivate  usb_core.o
    0x080071f4   0x080071f4   0x00000050   Code   RO         5868    i.USB_OTG_EPClearStall  usb_core.o
    0x08007244   0x08007244   0x0000005e   Code   RO         5869    i.USB_OTG_EPDeactivate  usb_core.o
    0x080072a2   0x080072a2   0x00000064   Code   RO         5870    i.USB_OTG_EPSetStall  usb_core.o
    0x08007306   0x08007306   0x000001f6   Code   RO         5871    i.USB_OTG_EPStartXfer  usb_core.o
    0x080074fc   0x080074fc   0x00000034   Code   RO         5872    i.USB_OTG_EnableCommonInt  usb_core.o
    0x08007530   0x08007530   0x0000009a   Code   RO         5873    i.USB_OTG_EnableDevInt  usb_core.o
    0x080075ca   0x080075ca   0x00000022   Code   RO         5874    i.USB_OTG_EnableGlobalInt  usb_core.o
    0x080075ec   0x080075ec   0x0000004c   Code   RO         5875    i.USB_OTG_FlushRxFifo  usb_core.o
    0x08007638   0x08007638   0x00000054   Code   RO         5876    i.USB_OTG_FlushTxFifo  usb_core.o
    0x0800768c   0x0800768c   0x00000034   Code   RO         5877    i.USB_OTG_GetDeviceSpeed  usb_core.o
    0x080076c0   0x080076c0   0x0000000c   Code   RO         5879    i.USB_OTG_GetMode   usb_core.o
    0x080076cc   0x080076cc   0x00000018   Code   RO         5880    i.USB_OTG_InitDevSpeed  usb_core.o
    0x080076e4   0x080076e4   0x00000016   Code   RO         5881    i.USB_OTG_IsDeviceMode  usb_core.o
    0x080076fa   0x080076fa   0x00000010   Code   RO         5883    i.USB_OTG_ReadCoreItr  usb_core.o
    0x0800770a   0x0800770a   0x00000010   Code   RO         5884    i.USB_OTG_ReadDevAllInEPItr  usb_core.o
    0x0800771a   0x0800771a   0x00000010   Code   RO         5885    i.USB_OTG_ReadDevAllOutEp_itr  usb_core.o
    0x0800772a   0x0800772a   0x00000014   Code   RO         5886    i.USB_OTG_ReadDevOutEP_itr  usb_core.o
    0x0800773e   0x0800773e   0x00000028   Code   RO         5888    i.USB_OTG_ReadPacket  usb_core.o
    0x08007766   0x08007766   0x00000002   PAD
    0x08007768   0x08007768   0x000000d0   Code   RO         5889    i.USB_OTG_SelectCore  usb_core.o
    0x08007838   0x08007838   0x0000004e   Code   RO         5890    i.USB_OTG_SetCurrentMode  usb_core.o
    0x08007886   0x08007886   0x00000036   Code   RO         5893    i.USB_OTG_UngateClock  usb_core.o
    0x080078bc   0x080078bc   0x00000040   Code   RO         5894    i.USB_OTG_WritePacket  usb_core.o
    0x080078fc   0x080078fc   0x00000838   Code   RO         6542    i.USBcommander_run  communication_usb.o
    0x08008134   0x08008134   0x00000004   Code   RO         5238    i.UsageFault_Handler  stm32fxxx_it.o
    0x08008138   0x08008138   0x000000e4   Code   RO         5356    i.VCP_COMConfig     usbd_cdc_vcp.o
    0x0800821c   0x0800821c   0x000000a8   Code   RO         5357    i.VCP_Ctrl          usbd_cdc_vcp.o
    0x080082c4   0x080082c4   0x0000002c   Code   RO         5358    i.VCP_DataRx        usbd_cdc_vcp.o
    0x080082f0   0x080082f0   0x00000034   Code   RO         5359    i.VCP_DataTx        usbd_cdc_vcp.o
    0x08008324   0x08008324   0x00000004   Code   RO         5360    i.VCP_DeInit        usbd_cdc_vcp.o
    0x08008328   0x08008328   0x00000020   Code   RO         5361    i.VCP_Init          usbd_cdc_vcp.o
    0x08008348   0x08008348   0x00000070   Code   RO         6293    i._DoInit           segger_rtt.o
    0x080083b8   0x080083b8   0x0000001c   Code   RO         6294    i._GetAvailWriteSpace  segger_rtt.o
    0x080083d4   0x080083d4   0x00000076   Code   RO         6296    i._WriteBlocking    segger_rtt.o
    0x0800844a   0x0800844a   0x00000058   Code   RO         6297    i._WriteNoCheck     segger_rtt.o
    0x080084a2   0x080084a2   0x00000002   PAD
    0x080084a4   0x080084a4   0x00000028   Code   RO         8378    i.__0sprintf        mc_w.l(printfa.o)
    0x080084cc   0x080084cc   0x00000008   Code   RO         8482    i.__aeabi_errno_addr  mc_w.l(errno.o)
    0x080084d4   0x080084d4   0x00000004   PAD
    0x080084d8   0x080084d8   0x00000038   Code   RO         8080    i.__hardfp_atof     m_wm.l(atof.o)
    0x08008510   0x08008510   0x0000016c   Code   RO         8086    i.__hardfp_logf     m_wm.l(logf.o)
    0x0800867c   0x0800867c   0x00000038   Code   RO         8124    i.__hardfp_nearbyintf  m_wm.l(nearbyintf.o)
    0x080086b4   0x080086b4   0x0000007a   Code   RO         8100    i.__hardfp_sqrt     m_wm.l(sqrt.o)
    0x0800872e   0x0800872e   0x0000003a   Code   RO         8112    i.__hardfp_sqrtf    m_wm.l(sqrtf.o)
    0x08008768   0x08008768   0x00000014   Code   RO         8446    i.__mathlib_flt_divzero  m_wm.l(funder.o)
    0x0800877c   0x0800877c   0x00000006   Code   RO         8447    i.__mathlib_flt_infnan  m_wm.l(funder.o)
    0x08008782   0x08008782   0x00000002   PAD
    0x08008784   0x08008784   0x00000010   Code   RO         8449    i.__mathlib_flt_invalid  m_wm.l(funder.o)
    0x08008794   0x08008794   0x0000000c   Code   RO         8483    i.__read_errno      mc_w.l(errno.o)
    0x080087a0   0x080087a0   0x0000000e   Code   RO         8571    i.__scatterload_copy  mc_w.l(handlers.o)
    0x080087ae   0x080087ae   0x00000002   Code   RO         8572    i.__scatterload_null  mc_w.l(handlers.o)
    0x080087b0   0x080087b0   0x0000000e   Code   RO         8573    i.__scatterload_zeroinit  mc_w.l(handlers.o)
    0x080087be   0x080087be   0x00000002   PAD
    0x080087c0   0x080087c0   0x0000000c   Code   RO         8484    i.__set_errno       mc_w.l(errno.o)
    0x080087cc   0x080087cc   0x00000184   Code   RO         8383    i._fp_digits        mc_w.l(printfa.o)
    0x08008950   0x08008950   0x0000000e   Code   RO         8438    i._is_digit         mc_w.l(scanf_fp.o)
    0x0800895e   0x0800895e   0x00000002   PAD
    0x08008960   0x08008960   0x000006b4   Code   RO         8384    i._printf_core      mc_w.l(printfa.o)
    0x08009014   0x08009014   0x00000024   Code   RO         8385    i._printf_post_padding  mc_w.l(printfa.o)
    0x08009038   0x08009038   0x0000002e   Code   RO         8386    i._printf_pre_padding  mc_w.l(printfa.o)
    0x08009066   0x08009066   0x0000000a   Code   RO         8388    i._sputc            mc_w.l(printfa.o)
    0x08009070   0x08009070   0x00000158   Code   RO         7483    i.abs_spi_cb        encoder.o
    0x080091c8   0x080091c8   0x00000018   Code   RO         7484    i.ams_parity        encoder.o
    0x080091e0   0x080091e0   0x00000140   Code   RO         7837    i.anticogging_calibration  anticogging.o
    0x08009320   0x08009320   0x00000044   Code   RO         7838    i.anticogging_init  anticogging.o
    0x08009364   0x08009364   0x00000388   Code   RO         6597    i.commander_run     communication_usart.o
    0x080096ec   0x080096ec   0x00000078   Code   RO         7217    i.control_loop_cb   board.o
    0x08009764   0x08009764   0x000000d8   Code   RO         7683    i.controller_config_default  controller.o
    0x0800983c   0x0800983c   0x00000050   Code   RO         7684    i.controller_para_init  controller.o
    0x0800988c   0x0800988c   0x0000004c   Code   RO         7685    i.controller_reset  controller.o
    0x080098d8   0x080098d8   0x00000784   Code   RO         7686    i.controller_update  controller.o
    0x0800a05c   0x0800a05c   0x0000003a   Code   RO         7485    i.crc_high_first    encoder.o
    0x0800a096   0x0800a096   0x00000002   PAD
    0x0800a098   0x0800a098   0x0000013c   Code   RO         7284    i.current_meas_cb   motor.o
    0x0800a1d4   0x0800a1d4   0x00000088   Code   RO         7285    i.dc_calib_cb       motor.o
    0x0800a25c   0x0800a25c   0x0000001a   Code   RO         7029    i.delay_us          utils.o
    0x0800a276   0x0800a276   0x00000002   PAD
    0x0800a278   0x0800a278   0x00000024   Code   RO         7286    i.disarm            motor.o
    0x0800a29c   0x0800a29c   0x00000028   Code   RO         7488    i.encoder_set_error  encoder.o
    0x0800a2c4   0x0800a2c4   0x00000478   Code   RO         7489    i.encoder_update    encoder.o
    0x0800a73c   0x0800a73c   0x00000098   Code   RO         7104    i.enqueue_modulation_timings  foc.o
    0x0800a7d4   0x0800a7d4   0x0000005c   Code   RO         7105    i.enqueue_voltage_timings  foc.o
    0x0800a830   0x0800a830   0x00000094   Code   RO         7218    i.fetch_and_reset_adcs  board.o
    0x0800a8c4   0x0800a8c4   0x00000020   Code   RO         7787    i.flash_para_erase  flash_writer.o
    0x0800a8e4   0x0800a8e4   0x00000230   Code   RO         7788    i.flash_para_read   flash_writer.o
    0x0800ab14   0x0800ab14   0x00000268   Code   RO         7789    i.flash_para_write  flash_writer.o
    0x0800ad7c   0x0800ad7c   0x0000000a   Code   RO         7790    i.float2uint        flash_writer.o
    0x0800ad86   0x0800ad86   0x0000003a   Code   RO         7490    i.fmodf_pos         encoder.o
    0x0800adc0   0x0800adc0   0x0000003a   Code   RO         7687    i.fmodf_pos         controller.o
    0x0800adfa   0x0800adfa   0x00000002   PAD
    0x0800adfc   0x0800adfc   0x00000088   Code   RO         7107    i.foc_update        foc.o
    0x0800ae84   0x0800ae84   0x00000046   Code   RO         7688    i.limitVel          controller.o
    0x0800aeca   0x0800aeca   0x00000002   PAD
    0x0800aecc   0x0800aecc   0x000000fc   Code   RO         7993    i.main              main.o
    0x0800afc8   0x0800afc8   0x00000028   Code   RO         7030    i.micros            utils.o
    0x0800aff0   0x0800aff0   0x00000012   Code   RO         7491    i.mod               encoder.o
    0x0800b002   0x0800b002   0x00000002   PAD
    0x0800b004   0x0800b004   0x00000084   Code   RO         7289    i.motor_effective_current_lim  motor.o
    0x0800b088   0x0800b088   0x0000001c   Code   RO         7290    i.motor_max_available_torque  motor.o
    0x0800b0a4   0x0800b0a4   0x000000b8   Code   RO         7291    i.motor_para_init   motor.o
    0x0800b15c   0x0800b15c   0x00000064   Code   RO         7292    i.motor_setup       motor.o
    0x0800b1c0   0x0800b1c0   0x00000248   Code   RO         7293    i.motor_update      motor.o
    0x0800b408   0x0800b408   0x00000068   Code   RO         7689    i.move_to_pos       controller.o
    0x0800b470   0x0800b470   0x00000058   Code   RO         7108    i.on_measurement    foc.o
    0x0800b4c8   0x0800b4c8   0x00000198   Code   RO         7170    i.openloop_controller_update  open_loop_controller.o
    0x0800b660   0x0800b660   0x000000a4   Code   RO         7073    i.our_arm_cos_f32   arm_cos_f32.o
    0x0800b704   0x0800b704   0x000000a0   Code   RO         7074    i.our_arm_sin_f32   arm_cos_f32.o
    0x0800b7a4   0x0800b7a4   0x00000064   Code   RO         7219    i.phase_current_from_adcval  board.o
    0x0800b808   0x0800b808   0x00000290   Code   RO         7618    i.planTrapezoidal   traptraj.o
    0x0800ba98   0x0800ba98   0x000000a8   Code   RO         7109    i.pwm_update_cb     foc.o
    0x0800bb40   0x0800bb40   0x00000040   Code   RO         7493    i.sample_now        encoder.o
    0x0800bb80   0x0800bb80   0x00000094   Code   RO         6543    i.send_mode         communication_usb.o
    0x0800bc14   0x0800bc14   0x00000010   Code   RO         7295    i.set_error         motor.o
    0x0800bc24   0x0800bc24   0x00000010   Code   RO         7690    i.set_error         controller.o
    0x0800bc34   0x0800bc34   0x00000018   Code   RO         7619    i.sign_hard         traptraj.o
    0x0800bc4c   0x0800bc4c   0x00000024   Code   RO         7840    i.start_anticogging_calibration  anticogging.o
    0x0800bc70   0x0800bc70   0x00000044   Code   RO         4946    i.systeam_ReStart   iap.o
    0x0800bcb4   0x0800bcb4   0x00000054   Code   RO         4885    i.tim14_InitTick    delay.o
    0x0800bd08   0x0800bd08   0x00000024   Code   RO         7620    i.trapTraj_config_default  traptraj.o
    0x0800bd2c   0x0800bd2c   0x00000164   Code   RO         7621    i.trap_traj_eval    traptraj.o
    0x0800be90   0x0800be90   0x0000000a   Code   RO         7791    i.uint2float        flash_writer.o
    0x0800be9a   0x0800be9a   0x00000002   PAD
    0x0800be9c   0x0800be9c   0x00000034   Code   RO         7296    i.update_current_controller_gains  motor.o
    0x0800bed0   0x0800bed0   0x00000064   Code   RO         7494    i.update_pll_gains  encoder.o
    0x0800bf34   0x0800bf34   0x00000060   Code   RO         6728    i.usart2_set_baud   usart2.o
    0x0800bf94   0x0800bf94   0x0000001c   Code   RO         5362    i.usb_send          usbd_cdc_vcp.o
    0x0800bfb0   0x0800bfb0   0x00000088   Code   RO         5545    i.usbd_cdc_DataIn   usbd_cdc_core.o
    0x0800c038   0x0800c038   0x00000038   Code   RO         5546    i.usbd_cdc_DataOut  usbd_cdc_core.o
    0x0800c070   0x0800c070   0x0000002c   Code   RO         5547    i.usbd_cdc_DeInit   usbd_cdc_core.o
    0x0800c09c   0x0800c09c   0x00000038   Code   RO         5548    i.usbd_cdc_EP0_RxReady  usbd_cdc_core.o
    0x0800c0d4   0x0800c0d4   0x00000058   Code   RO         5549    i.usbd_cdc_Init     usbd_cdc_core.o
    0x0800c12c   0x0800c12c   0x00000028   Code   RO         5550    i.usbd_cdc_SOF      usbd_cdc_core.o
    0x0800c154   0x0800c154   0x000000f0   Code   RO         5551    i.usbd_cdc_Setup    usbd_cdc_core.o
    0x0800c244   0x0800c244   0x00000024   Code   RO         7220    i.vbus_sense_adc_cb  board.o
    0x0800c268   0x0800c268   0x00000010   Code   RO         6847    i.vofa_printf_USB   vofa.o
    0x0800c278   0x0800c278   0x0000002c   Code   RO         7495    i.wrap_pm           encoder.o
    0x0800c2a4   0x0800c2a4   0x0000002c   Code   RO         7691    i.wrap_pm           controller.o
    0x0800c2d0   0x0800c2d0   0x00000020   Code   RO         7496    i.wrap_pm_pi        encoder.o
    0x0800c2f0   0x0800c2f0   0x00000011   Data   RO         6299    .constdata          segger_rtt.o
    0x0800c301   0x0800c301   0x00000003   PAD
    0x0800c304   0x0800c304   0x00000804   Data   RO         7075    .constdata          arm_cos_f32.o
    0x0800cb08   0x0800cb08   0x00000040   Data   RO         8089    .constdata          m_wm.l(logf.o)
    0x0800cb48   0x0800cb48   0x00000081   Data   RO         8533    .constdata          mc_w.l(ctype_o.o)
    0x0800cbc9   0x0800cbc9   0x00000003   PAD
    0x0800cbcc   0x0800cbcc   0x00000004   Data   RO         8534    .constdata          mc_w.l(ctype_o.o)
    0x0800cbd0   0x0800cbd0   0x00000020   Data   RO         8569    Region$$Table       anon$$obj.o


    Execution Region RW_IRAM1 (Exec base: 0x20000000, Load base: 0x0800cbf0, Size: 0x00006548, Max: 0x00020000, ABSOLUTE, COMPRESSED[0x0000011c])

    Exec Addr    Load Addr    Size         Type   Attr      Idx    E Section Name        Object

    0x20000000   COMPRESSED   0x00000010   Data   RW         2794    .data               stm32f4xx_rcc.o
    0x20000010   COMPRESSED   0x00000004   Data   RW         4886    .data               delay.o
    0x20000014   COMPRESSED   0x00000010   Data   RW         4947    .data               iap.o
    0x20000024   COMPRESSED   0x00000014   Data   RW         5177    .data               dwt.o
    0x20000038   COMPRESSED   0x0000001c   Data   RW         5364    .data               usbd_cdc_vcp.o
    0x20000054   COMPRESSED   0x0000003c   Data   RW         5421    .data               usbd_desc.o
    0x20000090   COMPRESSED   0x0000001c   Data   RW         5487    .data               usbd_usr.o
    0x200000ac   COMPRESSED   0x00000098   Data   RW         5553    .data               usbd_cdc_core.o
    0x20000144   COMPRESSED   0x00000034   Data   RW         5624    .data               usbd_core.o
    0x20000178   COMPRESSED   0x0000000d   Data   RW         5775    .data               usbd_req.o
    0x20000185   COMPRESSED   0x00000003   PAD
    0x20000188   COMPRESSED   0x00000004   Data   RW         6545    .data               communication_usb.o
    0x2000018c   COMPRESSED   0x00000011   Data   RW         6671    .data               timer.o
    0x2000019d   COMPRESSED   0x00000003   PAD
    0x200001a0   COMPRESSED   0x00000010   Data   RW         6730    .data               usart2.o
    0x200001b0   COMPRESSED   0x00000104   Data   RW         6848    .data               vofa.o
    0x200002b4   COMPRESSED   0x00000009   Data   RW         6921    .data               can.o
    0x200002bd   COMPRESSED   0x00000003   PAD
    0x200002c0   COMPRESSED   0x0000005c   Data   RW         7110    .data               foc.o
    0x2000031c   COMPRESSED   0x00000010   Data   RW         7223    .data               board.o
    0x2000032c   COMPRESSED   0x0000005a   Data   RW         7298    .data               motor.o
    0x20000386   COMPRESSED   0x00000006   Data   RW         7446    .data               axis.o
    0x2000038c   COMPRESSED   0x00000051   Data   RW         7499    .data               encoder.o
    0x200003dd   COMPRESSED   0x00000003   PAD
    0x200003e0   COMPRESSED   0x0000004c   Data   RW         7693    .data               controller.o
    0x2000042c   COMPRESSED   0x00000001   Data   RW         7842    .data               anticogging.o
    0x2000042d   COMPRESSED   0x00000003   PAD
    0x20000430   COMPRESSED   0x00000004   Data   RW         8485    .data               mc_w.l(errno.o)
    0x20000434        -       0x00000010   Zero   RW         5363    .bss                usbd_cdc_vcp.o
    0x20000444        -       0x00000883   Zero   RW         5552    .bss                usbd_cdc_core.o
    0x20000cc7        -       0x000000ff   Zero   RW         5774    .bss                usbd_req.o
    0x20000dc6   COMPRESSED   0x00000002   PAD
    0x20000dc8        -       0x000004b8   Zero   RW         6298    .bss                segger_rtt.o
    0x20001280        -       0x00000200   Zero   RW         6544    .bss                communication_usb.o
    0x20001480        -       0x00000040   Zero   RW         6624    .bss                adc.o
    0x200014c0        -       0x00000044   Zero   RW         6670    .bss                timer.o
    0x20001504        -       0x00000200   Zero   RW         6729    .bss                usart2.o
    0x20001704        -       0x00000020   Zero   RW         6920    .bss                can.o
    0x20001724        -       0x00000034   Zero   RW         7171    .bss                open_loop_controller.o
    0x20001758        -       0x0000082c   Zero   RW         7221    .bss                board.o
    0x20001f84        -       0x00000060   Zero   RW         7297    .bss                motor.o
    0x20001fe4        -       0x0000003c   Zero   RW         7497    .bss                encoder.o
    0x20002020        -       0x0000003c   Zero   RW         7622    .bss                traptraj.o
    0x2000205c        -       0x00000060   Zero   RW         7692    .bss                controller.o
    0x200020bc        -       0x00000200   Zero   RW         7792    .bss                flash_writer.o
    0x200022bc        -       0x00003858   Zero   RW         7841    .bss                anticogging.o
    0x20005b14        -       0x0000003c   Zero   RW         7937    .bss                scheduler.o
    0x20005b50        -       0x000005f4   Zero   RW         7996    .bss                main.o
    0x20006144   COMPRESSED   0x00000004   PAD
    0x20006148        -       0x00000400   Zero   RW            1    STACK               startup_stm32f40_41xxx.o


==============================================================================

Image component sizes


      Code (inc. data)   RO Data    RW Data    ZI Data      Debug   Object Name

       760         32          0          0         64       2905   adc.o
       424         80          0          1      14424       2526   anticogging.o
       324         28       2052          0          0       1943   arm_cos_f32.o
         0          0          0          6          0       1069   axis.o
       662        128          0         16       2092       5668   board.o
       962         88          0          9         32       7691   can.o
       904        316          0          0          0        768   communication_usart.o
      2828       1238          0          4        512       2992   communication_usb.o
      2676        274          0         76         96      12515   controller.o
       124         14          0          4          0       1254   delay.o
       236         52          0         20          0       3165   dwt.o
      2126        228          0         81         60      12692   encoder.o
      1228        110          0          0        512       3722   flash_writer.o
      1308        170          0         92          0       7506   foc.o
       452         26          0         16          0      55172   iap.o
       252         60          0          0       1524        874   main.o
       140         24          0          0          0       1435   misc.o
      2140        336          0         90         96      13203   motor.o
       618         52          0          0          0       4882   ntc.o
       408         16          0          0         52       3284   open_loop_controller.o
        60          6          0          0         60       1357   scheduler.o
       666         44         17          0       1208      10246   segger_rtt.o
       288         16          0          0          0       1258   spi3.o
        36          8        392          0       1024        844   startup_stm32f40_41xxx.o
       654         24          0          0          0       9714   stm32f4xx_adc.o
      1922         52          0          0          0       8990   stm32f4xx_can.o
       638         58          0          0          0       5949   stm32f4xx_dma.o
        12          6          0          0          0        505   stm32f4xx_exti.o
       426         40          0          0          0       4232   stm32f4xx_flash.o
       222          0          0          0          0       2711   stm32f4xx_gpio.o
        68         30          0          0          0       2390   stm32f4xx_iwdg.o
       424         54          0         16          0       6090   stm32f4xx_rcc.o
       112          0          0          0          0       3286   stm32f4xx_spi.o
      1804        112          0          0          0      17635   stm32f4xx_tim.o
       652         42          0          0          0       4740   stm32f4xx_usart.o
        90         14          0          0          0       5027   stm32fxxx_it.o
       340         32          0          0          0     334461   system_stm32f4xx.o
      1460        132          0         17         68       4376   timer.o
      1082         26          0          0         60       9607   traptraj.o
       580         58          0         16        512       4845   usart2.o
       184          6          0          0          0       2563   usb_bsp.o
      3462         18          0          0          0      20842   usb_core.o
       666          0          0          0          0       5684   usb_dcd.o
      1930         50          0          0          0       9015   usb_dcd_int.o
       880        118          0        152       2179       8100   usbd_cdc_core.o
       556         38          0         28         16       5153   usbd_cdc_vcp.o
       760          6          0         52          0       9628   usbd_core.o
       368        192          0         60          0       5592   usbd_desc.o
       224          0          0          0          0       4172   usbd_ioreq.o
      1732         54          0         13        255       9803   usbd_req.o
        14          0          0         28          0       3405   usbd_usr.o
       830         34          0          0          0       2422   utils.o
        16          4          0        260          0       1508   vofa.o

    ----------------------------------------------------------------------
     41792       4546       2496       1072      24852     671416   Object Totals
         0          0         32          0          0          0   (incl. Generated)
        62          0          3         15          6          0   (incl. Padding)

    ----------------------------------------------------------------------

      Code (inc. data)   RO Data    RW Data    ZI Data      Debug   Library Member Name

        56         12          0          0          0        132   atof.o
        42         12          0          0          0        348   funder.o
       364         44         64          0          0        140   logf.o
        56          0          0          0          0        136   nearbyintf.o
       122          0          0          0          0        148   sqrt.o
        58          0          0          0          0        136   sqrtf.o
        56          8          0          0          0         84   __0sscanf.o
        86          0          0          0          0          0   __dczerorl2.o
        28          0          0          0          0         68   _chval.o
       816          6          0          0          0        112   _scanf.o
       332          0          0          0          0         96   _scanf_int.o
        64          0          0          0          0         84   _sgetc.o
       158          0          0          0          0         92   _strtoul.o
        26          0          0          0          0         80   atoi.o
         8          4        133          0          0         68   ctype_o.o
         0          0          0          0          0          0   entry.o
         0          0          0          0          0          0   entry10a.o
         0          0          0          0          0          0   entry11a.o
         4          0          0          0          0          0   entry12b.o
         8          4          0          0          0          0   entry2.o
         4          0          0          0          0          0   entry5.o
         0          0          0          0          0          0   entry7b.o
         0          0          0          0          0          0   entry8b.o
         8          4          0          0          0          0   entry9a.o
        32         16          0          4          0        204   errno.o
        30          0          0          0          0          0   handlers.o
        36          8          0          0          0         68   init.o
        18          0          0          0          0         76   isspace_o.o
         0          0          0          0          0          0   iusefp.o
        30          0          0          0          0         68   llshl.o
        36          0          0          0          0         68   llsshr.o
        32          0          0          0          0         68   llushr.o
        36          0          0          0          0         68   memcpya.o
        36          0          0          0          0        108   memseta.o
      2236         86          0          0          0        532   printfa.o
        40          8          0          0          0         84   scanf_char.o
       878         12          0          0          0        216   scanf_fp.o
        36          0          0          0          0         80   strstr.o
       156         12          0          0          0        120   strtod.o
       112          0          0          0          0         88   strtol.o
        44          0          0          0          0         80   uidiv.o
        98          0          0          0          0         92   uldiv.o
        48          0          0          0          0         68   cdrcmple.o
        56          0          0          0          0         88   d2f.o
       334          0          0          0          0        148   dadd.o
       222          0          0          0          0        100   ddiv.o
       186          0          0          0          0        176   depilogue.o
        48          0          0          0          0         68   dfixul.o
        24          0          0          0          0         76   dfltul.o
       228          0          0          0          0         96   dmul.o
       162          0          0          0          0        100   dsqrt.o
        38          0          0          0          0         68   f2d.o
       110          0          0          0          0        168   fepilogue.o
         4          0          0          0          0         68   fpstat.o
        60          0          0          0          0         76   frnd.o

    ----------------------------------------------------------------------
      7720        240        200          4          0       5044   Library Totals
        18          4          3          0          0          0   (incl. Padding)

    ----------------------------------------------------------------------

      Code (inc. data)   RO Data    RW Data    ZI Data      Debug   Library Name

       698         68         64          0          0       1040   m_wm.l
      5484        168        133          4          0       2704   mc_w.l
      1520          0          0          0          0       1300   mf_w.l

    ----------------------------------------------------------------------
      7720        240        200          4          0       5044   Library Totals

    ----------------------------------------------------------------------

==============================================================================


      Code (inc. data)   RO Data    RW Data    ZI Data      Debug   

     49512       4786       2696       1076      24852     640512   Grand Totals
     49512       4786       2696        284      24852     640512   ELF Image Totals (compressed)
     49512       4786       2696        284          0          0   ROM Totals

==============================================================================

    Total RO  Size (Code + RO Data)                52208 (  50.98kB)
    Total RW  Size (RW Data + ZI Data)             25928 (  25.32kB)
    Total ROM Size (Code + RO Data + RW Data)      52492 (  51.26kB)

==============================================================================

