Component: ARM Compiler 5.06 update 7 (build 960) Tool: armlink [4d3601]

==============================================================================

Section Cross References

    startup_stm32f40_41xxx.o(RESET) refers to startup_stm32f40_41xxx.o(STACK) for __initial_sp
    startup_stm32f40_41xxx.o(RESET) refers to startup_stm32f40_41xxx.o(.text) for Reset_Handler
    startup_stm32f40_41xxx.o(RESET) refers to stm32fxxx_it.o(i.NMI_Handler) for NMI_Handler
    startup_stm32f40_41xxx.o(RESET) refers to stm32fxxx_it.o(i.HardFault_Handler) for HardFault_Handler
    startup_stm32f40_41xxx.o(RESET) refers to stm32fxxx_it.o(i.MemManage_Handler) for MemManage_Handler
    startup_stm32f40_41xxx.o(RESET) refers to stm32fxxx_it.o(i.BusFault_Handler) for BusFault_Handler
    startup_stm32f40_41xxx.o(RESET) refers to stm32fxxx_it.o(i.UsageFault_Handler) for UsageFault_Handler
    startup_stm32f40_41xxx.o(RESET) refers to stm32fxxx_it.o(i.SVC_Handler) for SVC_Handler
    startup_stm32f40_41xxx.o(RESET) refers to stm32fxxx_it.o(i.DebugMon_Handler) for DebugMon_Handler
    startup_stm32f40_41xxx.o(RESET) refers to stm32fxxx_it.o(i.PendSV_Handler) for PendSV_Handler
    startup_stm32f40_41xxx.o(RESET) refers to stm32fxxx_it.o(i.SysTick_Handler) for SysTick_Handler
    startup_stm32f40_41xxx.o(RESET) refers to usart2.o(i.DMA1_Stream6_IRQHandler) for DMA1_Stream6_IRQHandler
    startup_stm32f40_41xxx.o(RESET) refers to can.o(i.CAN1_RX0_IRQHandler) for CAN1_RX0_IRQHandler
    startup_stm32f40_41xxx.o(RESET) refers to board.o(i.TIM1_UP_TIM10_IRQHandler) for TIM1_UP_TIM10_IRQHandler
    startup_stm32f40_41xxx.o(RESET) refers to usart2.o(i.USART2_IRQHandler) for USART2_IRQHandler
    startup_stm32f40_41xxx.o(RESET) refers to stm32fxxx_it.o(i.OTG_FS_WKUP_IRQHandler) for OTG_FS_WKUP_IRQHandler
    startup_stm32f40_41xxx.o(RESET) refers to delay.o(i.TIM8_TRG_COM_TIM14_IRQHandler) for TIM8_TRG_COM_TIM14_IRQHandler
    startup_stm32f40_41xxx.o(RESET) refers to timer.o(i.TIM7_IRQHandler) for TIM7_IRQHandler
    startup_stm32f40_41xxx.o(RESET) refers to stm32fxxx_it.o(i.OTG_FS_IRQHandler) for OTG_FS_IRQHandler
    startup_stm32f40_41xxx.o(.text) refers to system_stm32f4xx.o(i.SystemInit) for SystemInit
    startup_stm32f40_41xxx.o(.text) refers to entry.o(.ARM.Collect$$$$00000000) for __main
    system_stm32f4xx.o(i.SystemCoreClockUpdate) refers to system_stm32f4xx.o(.data) for SystemCoreClock
    system_stm32f4xx.o(i.SystemInit) refers to system_stm32f4xx.o(i.SetSysClock) for SetSysClock
    stm32f4xx_adc.o(i.ADC_DeInit) refers to stm32f4xx_rcc.o(i.RCC_APB2PeriphResetCmd) for RCC_APB2PeriphResetCmd
    stm32f4xx_can.o(i.CAN_DeInit) refers to stm32f4xx_rcc.o(i.RCC_APB1PeriphResetCmd) for RCC_APB1PeriphResetCmd
    stm32f4xx_can.o(i.CAN_GetITStatus) refers to stm32f4xx_can.o(i.CheckITStatus) for CheckITStatus
    stm32f4xx_cryp.o(i.CRYP_DeInit) refers to stm32f4xx_rcc.o(i.RCC_AHB2PeriphResetCmd) for RCC_AHB2PeriphResetCmd
    stm32f4xx_cryp_aes.o(i.CRYP_AES_CBC) refers to stm32f4xx_cryp.o(i.CRYP_KeyStructInit) for CRYP_KeyStructInit
    stm32f4xx_cryp_aes.o(i.CRYP_AES_CBC) refers to stm32f4xx_cryp.o(i.CRYP_FIFOFlush) for CRYP_FIFOFlush
    stm32f4xx_cryp_aes.o(i.CRYP_AES_CBC) refers to stm32f4xx_cryp.o(i.CRYP_Init) for CRYP_Init
    stm32f4xx_cryp_aes.o(i.CRYP_AES_CBC) refers to stm32f4xx_cryp.o(i.CRYP_KeyInit) for CRYP_KeyInit
    stm32f4xx_cryp_aes.o(i.CRYP_AES_CBC) refers to stm32f4xx_cryp.o(i.CRYP_Cmd) for CRYP_Cmd
    stm32f4xx_cryp_aes.o(i.CRYP_AES_CBC) refers to stm32f4xx_cryp.o(i.CRYP_GetFlagStatus) for CRYP_GetFlagStatus
    stm32f4xx_cryp_aes.o(i.CRYP_AES_CBC) refers to stm32f4xx_cryp.o(i.CRYP_IVInit) for CRYP_IVInit
    stm32f4xx_cryp_aes.o(i.CRYP_AES_CBC) refers to stm32f4xx_cryp.o(i.CRYP_GetCmdStatus) for CRYP_GetCmdStatus
    stm32f4xx_cryp_aes.o(i.CRYP_AES_CBC) refers to stm32f4xx_cryp.o(i.CRYP_DataIn) for CRYP_DataIn
    stm32f4xx_cryp_aes.o(i.CRYP_AES_CBC) refers to stm32f4xx_cryp.o(i.CRYP_DataOut) for CRYP_DataOut
    stm32f4xx_cryp_aes.o(i.CRYP_AES_CCM) refers to stm32f4xx_cryp.o(i.CRYP_KeyStructInit) for CRYP_KeyStructInit
    stm32f4xx_cryp_aes.o(i.CRYP_AES_CCM) refers to stm32f4xx_cryp.o(i.CRYP_FIFOFlush) for CRYP_FIFOFlush
    stm32f4xx_cryp_aes.o(i.CRYP_AES_CCM) refers to stm32f4xx_cryp.o(i.CRYP_KeyInit) for CRYP_KeyInit
    stm32f4xx_cryp_aes.o(i.CRYP_AES_CCM) refers to stm32f4xx_cryp.o(i.CRYP_IVInit) for CRYP_IVInit
    stm32f4xx_cryp_aes.o(i.CRYP_AES_CCM) refers to stm32f4xx_cryp.o(i.CRYP_Init) for CRYP_Init
    stm32f4xx_cryp_aes.o(i.CRYP_AES_CCM) refers to stm32f4xx_cryp.o(i.CRYP_PhaseConfig) for CRYP_PhaseConfig
    stm32f4xx_cryp_aes.o(i.CRYP_AES_CCM) refers to stm32f4xx_cryp.o(i.CRYP_DataIn) for CRYP_DataIn
    stm32f4xx_cryp_aes.o(i.CRYP_AES_CCM) refers to stm32f4xx_cryp.o(i.CRYP_Cmd) for CRYP_Cmd
    stm32f4xx_cryp_aes.o(i.CRYP_AES_CCM) refers to stm32f4xx_cryp.o(i.CRYP_GetCmdStatus) for CRYP_GetCmdStatus
[...]
    IWDG_WriteAccessCmd                      0x08002af9   Thumb Code     6  stm32f4xx_iwdg.o(i.IWDG_WriteAccessCmd)
    Inductance_get_alpha_beta_output         0x08002b05   Thumb Code    90  motor.o(i.Inductance_get_alpha_beta_output)
    Inductance_on_measurement                0x08002b71   Thumb Code   100  motor.o(i.Inductance_on_measurement)
    Inductance_reset                         0x08002bf1   Thumb Code    28  motor.o(i.Inductance_reset)
    MagneticSensor_Init                      0x08002c1d   Thumb Code   168  encoder.o(i.MagneticSensor_Init)
    MemManage_Handler                        0x08002cdd   Thumb Code     4  stm32fxxx_it.o(i.MemManage_Handler)
    NMI_Handler                              0x08002ce1   Thumb Code     2  stm32fxxx_it.o(i.NMI_Handler)
    NVIC_Init                                0x08002ce5   Thumb Code   106  misc.o(i.NVIC_Init)
    NVIC_PriorityGroupConfig                 0x08002d5d   Thumb Code    10  misc.o(i.NVIC_PriorityGroupConfig)
    OTG_FS_IRQHandler                        0x08002d71   Thumb Code    10  stm32fxxx_it.o(i.OTG_FS_IRQHandler)
    OTG_FS_WKUP_IRQHandler                   0x08002d81   Thumb Code    40  stm32fxxx_it.o(i.OTG_FS_WKUP_IRQHandler)
    PendSV_Handler                           0x08002db1   Thumb Code     2  stm32fxxx_it.o(i.PendSV_Handler)
    RCC_AHB1PeriphClockCmd                   0x08002db5   Thumb Code    26  stm32f4xx_rcc.o(i.RCC_AHB1PeriphClockCmd)
    RCC_AHB2PeriphClockCmd                   0x08002dd5   Thumb Code    26  stm32f4xx_rcc.o(i.RCC_AHB2PeriphClockCmd)
    RCC_APB1PeriphClockCmd                   0x08002df5   Thumb Code    26  stm32f4xx_rcc.o(i.RCC_APB1PeriphClockCmd)
    RCC_APB1PeriphResetCmd                   0x08002e15   Thumb Code    26  stm32f4xx_rcc.o(i.RCC_APB1PeriphResetCmd)
    RCC_APB2PeriphClockCmd                   0x08002e35   Thumb Code    26  stm32f4xx_rcc.o(i.RCC_APB2PeriphClockCmd)
    RCC_APB2PeriphResetCmd                   0x08002e55   Thumb Code    26  stm32f4xx_rcc.o(i.RCC_APB2PeriphResetCmd)
    RCC_GetClocksFreq                        0x08002e75   Thumb Code   214  stm32f4xx_rcc.o(i.RCC_GetClocksFreq)
    Resistance_get_alpha_beta_output         0x08002f5d   Thumb Code    42  motor.o(i.Resistance_get_alpha_beta_output)
    Resistance_on_measurement                0x08002f91   Thumb Code   220  motor.o(i.Resistance_on_measurement)
    Resistance_reset                         0x0800309d   Thumb Code    22  motor.o(i.Resistance_reset)
    SPI3_Init_                               0x080030c1   Thumb Code   224  spi3.o(i.SPI3_Init_)
    SPI_Cmd                                  0x080031ad   Thumb Code    24  stm32f4xx_spi.o(i.SPI_Cmd)
    SPI_I2S_GetFlagStatus                    0x080031c5   Thumb Code    18  stm32f4xx_spi.o(i.SPI_I2S_GetFlagStatus)
    SPI_I2S_ReceiveData                      0x080031d7   Thumb Code     6  stm32f4xx_spi.o(i.SPI_I2S_ReceiveData)
    SPI_I2S_SendData                         0x080031dd   Thumb Code     4  stm32f4xx_spi.o(i.SPI_I2S_SendData)
    SPI_Init                                 0x080031e1   Thumb Code    60  stm32f4xx_spi.o(i.SPI_Init)
    SPIx_ReadWriteByte                       0x0800321d   Thumb Code    48  spi3.o(i.SPIx_ReadWriteByte)
    SVC_Handler                              0x0800325b   Thumb Code     2  stm32fxxx_it.o(i.SVC_Handler)
    SVM                                      0x0800325d   Thumb Code   746  utils.o(i.SVM)
    SysTick_Handler                          0x08003645   Thumb Code     2  stm32fxxx_it.o(i.SysTick_Handler)
    SystemInit                               0x08003649   Thumb Code    88  system_stm32f4xx.o(i.SystemInit)
    TIM1_PWM_Init                            0x080037d5   Thumb Code   400  timer.o(i.TIM1_PWM_Init)
    TIM1_UP_TIM10_IRQHandler                 0x08003971   Thumb Code    88  board.o(i.TIM1_UP_TIM10_IRQHandler)
    TIM2_Init                                0x080039d5   Thumb Code    60  timer.o(i.TIM2_Init)
    TIM3_Encoder_Init                        0x08003a11   Thumb Code   176  timer.o(i.TIM3_Encoder_Init)
    TIM7_IRQHandler                          0x08003ac9   Thumb Code    44  timer.o(i.TIM7_IRQHandler)
    TIM7_Init                                0x08003afd   Thumb Code    78  timer.o(i.TIM7_Init)
    TIM8_TRG_COM_TIM14_IRQHandler            0x08003b51   Thumb Code    32  delay.o(i.TIM8_TRG_COM_TIM14_IRQHandler)
    TIM_ARRPreloadConfig                     0x08003b79   Thumb Code    24  stm32f4xx_tim.o(i.TIM_ARRPreloadConfig)
    TIM_BDTRConfig                           0x08003b91   Thumb Code    32  stm32f4xx_tim.o(i.TIM_BDTRConfig)
    TIM_ClearITPendingBit                    0x08003bb1   Thumb Code     6  stm32f4xx_tim.o(i.TIM_ClearITPendingBit)
    TIM_Cmd                                  0x08003bb7   Thumb Code    24  stm32f4xx_tim.o(i.TIM_Cmd)
    TIM_CtrlPWMOutputs                       0x08003bcf   Thumb Code    30  stm32f4xx_tim.o(i.TIM_CtrlPWMOutputs)
    TIM_DeInit                               0x08003bed   Thumb Code   346  stm32f4xx_tim.o(i.TIM_DeInit)
    TIM_EncoderInterfaceConfig               0x08003d7d   Thumb Code    66  stm32f4xx_tim.o(i.TIM_EncoderInterfaceConfig)
    TIM_GetITStatus                          0x08003dbf   Thumb Code    34  stm32f4xx_tim.o(i.TIM_GetITStatus)
    TIM_ICInit                               0x08003de1   Thumb Code   110  stm32f4xx_tim.o(i.TIM_ICInit)
    TIM_ICStructInit                         0x08003e4f   Thumb Code    18  stm32f4xx_tim.o(i.TIM_ICStructInit)
    TIM_ITConfig                             0x08003e61   Thumb Code    18  stm32f4xx_tim.o(i.TIM_ITConfig)
    TIM_OC1Init                              0x08003e75   Thumb Code   114  stm32f4xx_tim.o(i.TIM_OC1Init)
    TIM_OC1PreloadConfig                     0x08003ef1   Thumb Code    18  stm32f4xx_tim.o(i.TIM_OC1PreloadConfig)
    TIM_OC2Init                              0x08003f05   Thumb Code   154  stm32f4xx_tim.o(i.TIM_OC2Init)
    TIM_OC2PreloadConfig                     0x08003fa9   Thumb Code    26  stm32f4xx_tim.o(i.TIM_OC2PreloadConfig)
    TIM_OC3Init                              0x08003fc5   Thumb Code   150  stm32f4xx_tim.o(i.TIM_OC3Init)
    TIM_OC3PreloadConfig                     0x08004065   Thumb Code    18  stm32f4xx_tim.o(i.TIM_OC3PreloadConfig)
    TIM_SelectOutputTrigger                  0x08004077   Thumb Code    18  stm32f4xx_tim.o(i.TIM_SelectOutputTrigger)
    TIM_SetCounter                           0x08004089   Thumb Code     4  stm32f4xx_tim.o(i.TIM_SetCounter)
    TIM_SetIC1Prescaler                      0x0800408d   Thumb Code    18  stm32f4xx_tim.o(i.TIM_SetIC1Prescaler)
    TIM_SetIC2Prescaler                      0x0800409f   Thumb Code    26  stm32f4xx_tim.o(i.TIM_SetIC2Prescaler)
    TIM_SetIC3Prescaler                      0x080040b9   Thumb Code    18  stm32f4xx_tim.o(i.TIM_SetIC3Prescaler)
    TIM_SetIC4Prescaler                      0x080040cb   Thumb Code    26  stm32f4xx_tim.o(i.TIM_SetIC4Prescaler)
    TIM_TimeBaseInit                         0x080040e5   Thumb Code   104  stm32f4xx_tim.o(i.TIM_TimeBaseInit)
    USART2_IRQHandler                        0x08004169   Thumb Code    90  usart2.o(i.USART2_IRQHandler)
    USART2_Init                              0x080041d1   Thumb Code   272  usart2.o(i.USART2_Init)
    USART2_SendDMA                           0x080042f5   Thumb Code    40  usart2.o(i.USART2_SendDMA)
    USART_Cmd                                0x08004325   Thumb Code    24  stm32f4xx_usart.o(i.USART_Cmd)
    USART_DMACmd                             0x0800433d   Thumb Code    18  stm32f4xx_usart.o(i.USART_DMACmd)
    USART_DeInit                             0x08004351   Thumb Code   206  stm32f4xx_usart.o(i.USART_DeInit)
    USART_GetITStatus                        0x08004441   Thumb Code    84  stm32f4xx_usart.o(i.USART_GetITStatus)
    USART_ITConfig                           0x08004495   Thumb Code    74  stm32f4xx_usart.o(i.USART_ITConfig)
    USART_Init                               0x080044e1   Thumb Code   204  stm32f4xx_usart.o(i.USART_Init)
    USBD_ClrCfg                              0x080045b5   Thumb Code    22  usbd_core.o(i.USBD_ClrCfg)
    USBD_CtlContinueRx                       0x08004613   Thumb Code    30  usbd_ioreq.o(i.USBD_CtlContinueRx)
    USBD_CtlContinueSendData                 0x08004631   Thumb Code    30  usbd_ioreq.o(i.USBD_CtlContinueSendData)
    USBD_CtlError                            0x0800464f   Thumb Code    30  usbd_req.o(i.USBD_CtlError)
    USBD_CtlPrepareRx                        0x0800466d   Thumb Code    46  usbd_ioreq.o(i.USBD_CtlPrepareRx)
    USBD_CtlReceiveStatus                    0x0800469b   Thumb Code    36  usbd_ioreq.o(i.USBD_CtlReceiveStatus)
    USBD_CtlSendData                         0x080046bf   Thumb Code    46  usbd_ioreq.o(i.USBD_CtlSendData)
    USBD_CtlSendStatus                       0x080046ed   Thumb Code    36  usbd_ioreq.o(i.USBD_CtlSendStatus)
    USBD_DeInit                              0x08004877   Thumb Code     6  usbd_core.o(i.USBD_DeInit)
    USBD_GetString                           0x08004a59   Thumb Code    82  usbd_req.o(i.USBD_GetString)
    USBD_Init                                0x08004aab   Thumb Code    66  usbd_core.o(i.USBD_Init)
    USBD_OTG_ISR_Handler                     0x08004b11   Thumb Code   224  usb_dcd_int.o(i.USBD_OTG_ISR_Handler)
    USBD_ParseSetupRequest                   0x08004bf1   Thumb Code    72  usbd_req.o(i.USBD_ParseSetupRequest)
    USBD_SetCfg                              0x08004d13   Thumb Code    30  usbd_core.o(i.USBD_SetCfg)
    USBD_StdDevReq                           0x08004ef9   Thumb Code   114  usbd_req.o(i.USBD_StdDevReq)
    USBD_StdEPReq                            0x08004f6d   Thumb Code   344  usbd_req.o(i.USBD_StdEPReq)
    USBD_StdItfReq                           0x080050c9   Thumb Code    76  usbd_req.o(i.USBD_StdItfReq)
    USBD_USR_ConfigStrDescriptor             0x08005135   Thumb Code    34  usbd_desc.o(i.USBD_USR_ConfigStrDescriptor)
    USBD_USR_DeviceConfigured                0x08005169   Thumb Code     2  usbd_usr.o(i.USBD_USR_DeviceConfigured)
    USBD_USR_DeviceConnected                 0x0800516b   Thumb Code     2  usbd_usr.o(i.USBD_USR_DeviceConnected)
    USBD_USR_DeviceDescriptor                0x0800516d   Thumb Code    10  usbd_desc.o(i.USBD_USR_DeviceDescriptor)
    USBD_USR_DeviceDisconnected              0x0800517d   Thumb Code     2  usbd_usr.o(i.USBD_USR_DeviceDisconnected)
    USBD_USR_DeviceReset                     0x0800517f   Thumb Code     2  usbd_usr.o(i.USBD_USR_DeviceReset)
    USBD_USR_DeviceResumed                   0x08005181   Thumb Code     2  usbd_usr.o(i.USBD_USR_DeviceResumed)
    USBD_USR_DeviceSuspended                 0x08005183   Thumb Code     2  usbd_usr.o(i.USBD_USR_DeviceSuspended)
    USBD_USR_Init                            0x08005185   Thumb Code     2  usbd_usr.o(i.USBD_USR_Init)
    USBD_USR_InterfaceStrDescriptor          0x08005189   Thumb Code    34  usbd_desc.o(i.USBD_USR_InterfaceStrDescriptor)
    USBD_USR_LangIDStrDescriptor             0x080051c1   Thumb Code    10  usbd_desc.o(i.USBD_USR_LangIDStrDescriptor)
    USBD_USR_ManufacturerStrDescriptor       0x080051d1   Thumb Code    20  usbd_desc.o(i.USBD_USR_ManufacturerStrDescriptor)
    USBD_USR_ProductStrDescriptor            0x080051fd   Thumb Code    34  usbd_desc.o(i.USBD_USR_ProductStrDescriptor)
    USBD_USR_SerialStrDescriptor             0x0800526d   Thumb Code    34  usbd_desc.o(i.USBD_USR_SerialStrDescriptor)
    USB_OTG_BSP_EnableInterrupt              0x080052c5   Thumb Code    44  usb_bsp.o(i.USB_OTG_BSP_EnableInterrupt)
    USB_OTG_BSP_Init                         0x080052f1   Thumb Code    86  usb_bsp.o(i.USB_OTG_BSP_Init)
    USB_OTG_BSP_mDelay                       0x0800534d   Thumb Code    18  usb_bsp.o(i.USB_OTG_BSP_mDelay)
    USB_OTG_BSP_uDelay                       0x0800535f   Thumb Code    30  usb_bsp.o(i.USB_OTG_BSP_uDelay)
    USB_OTG_CoreInit                         0x0800537d   Thumb Code   294  usb_core.o(i.USB_OTG_CoreInit)
    USB_OTG_CoreInitDev                      0x080054a3   Thumb Code   526  usb_core.o(i.USB_OTG_CoreInitDev)
    USB_OTG_DisableGlobalInt                 0x08005721   Thumb Code    34  usb_core.o(i.USB_OTG_DisableGlobalInt)
    USB_OTG_EP0Activate                      0x08005743   Thumb Code   106  usb_core.o(i.USB_OTG_EP0Activate)
    USB_OTG_EP0StartXfer                     0x080057ad   Thumb Code   342  usb_core.o(i.USB_OTG_EP0StartXfer)
    USB_OTG_EP0_OutStart                     0x08005903   Thumb Code    98  usb_core.o(i.USB_OTG_EP0_OutStart)
    USB_OTG_EPActivate                       0x08005965   Thumb Code   152  usb_core.o(i.USB_OTG_EPActivate)
    USB_OTG_EPClearStall                     0x080059fd   Thumb Code    80  usb_core.o(i.USB_OTG_EPClearStall)
    USB_OTG_EPDeactivate                     0x08005a4d   Thumb Code    94  usb_core.o(i.USB_OTG_EPDeactivate)
    USB_OTG_EPSetStall                       0x08005aab   Thumb Code   100  usb_core.o(i.USB_OTG_EPSetStall)
    USB_OTG_EPStartXfer                      0x08005b0f   Thumb Code   502  usb_core.o(i.USB_OTG_EPStartXfer)
    USB_OTG_EnableDevInt                     0x08005d39   Thumb Code   154  usb_core.o(i.USB_OTG_EnableDevInt)
    USB_OTG_EnableGlobalInt                  0x08005dd3   Thumb Code    34  usb_core.o(i.USB_OTG_EnableGlobalInt)
    USB_OTG_FlushRxFifo                      0x08005df5   Thumb Code    70  usb_core.o(i.USB_OTG_FlushRxFifo)
    USB_OTG_FlushTxFifo                      0x08005e41   Thumb Code    80  usb_core.o(i.USB_OTG_FlushTxFifo)
    USB_OTG_GetDeviceSpeed                   0x08005e95   Thumb Code    52  usb_core.o(i.USB_OTG_GetDeviceSpeed)
    USB_OTG_GetMode                          0x08005ec9   Thumb Code    12  usb_core.o(i.USB_OTG_GetMode)
    USB_OTG_InitDevSpeed                     0x08005ed5   Thumb Code    24  usb_core.o(i.USB_OTG_InitDevSpeed)
    USB_OTG_IsDeviceMode                     0x08005eed   Thumb Code    22  usb_core.o(i.USB_OTG_IsDeviceMode)
    USB_OTG_ReadCoreItr                      0x08005f03   Thumb Code    16  usb_core.o(i.USB_OTG_ReadCoreItr)
    USB_OTG_ReadDevAllInEPItr                0x08005f13   Thumb Code    16  usb_core.o(i.USB_OTG_ReadDevAllInEPItr)
    USB_OTG_ReadDevAllOutEp_itr              0x08005f23   Thumb Code    16  usb_core.o(i.USB_OTG_ReadDevAllOutEp_itr)
    USB_OTG_ReadDevOutEP_itr                 0x08005f33   Thumb Code    20  usb_core.o(i.USB_OTG_ReadDevOutEP_itr)
    USB_OTG_ReadPacket                       0x08005f47   Thumb Code    40  usb_core.o(i.USB_OTG_ReadPacket)
    USB_OTG_SelectCore                       0x08005f71   Thumb Code   204  usb_core.o(i.USB_OTG_SelectCore)
    USB_OTG_SetCurrentMode                   0x08006041   Thumb Code    78  usb_core.o(i.USB_OTG_SetCurrentMode)
    USB_OTG_UngateClock                      0x0800608f   Thumb Code    54  usb_core.o(i.USB_OTG_UngateClock)
    USB_OTG_WritePacket                      0x080060c5   Thumb Code    64  usb_core.o(i.USB_OTG_WritePacket)
    USBcommander_run                         0x08006105   Thumb Code   684  main.o(i.USBcommander_run)
    UsageFault_Handler                       0x080064d9   Thumb Code     4  stm32fxxx_it.o(i.UsageFault_Handler)
    __0printf                                0x080066ed   Thumb Code    22  printfa.o(i.__0printf)
    __1printf                                0x080066ed   Thumb Code     0  printfa.o(i.__0printf)
    __2printf                                0x080066ed   Thumb Code     0  printfa.o(i.__0printf)
    __c89printf                              0x080066ed   Thumb Code     0  printfa.o(i.__0printf)
    printf                                   0x080066ed   Thumb Code     0  printfa.o(i.__0printf)
    __0sprintf                               0x0800670d   Thumb Code    34  printfa.o(i.__0sprintf)
    __1sprintf                               0x0800670d   Thumb Code     0  printfa.o(i.__0sprintf)
    __2sprintf                               0x0800670d   Thumb Code     0  printfa.o(i.__0sprintf)
    __c89sprintf                             0x0800670d   Thumb Code     0  printfa.o(i.__0sprintf)
    sprintf                                  0x0800670d   Thumb Code     0  printfa.o(i.__0sprintf)
    __aeabi_errno_addr                       0x08006735   Thumb Code     4  errno.o(i.__aeabi_errno_addr)
    __rt_errno_addr                          0x08006735   Thumb Code     0  errno.o(i.__aeabi_errno_addr)
    __hardfp_atof                            0x08006741   Thumb Code    44  atof.o(i.__hardfp_atof)
    __hardfp_nearbyintf                      0x08006779   Thumb Code    56  nearbyintf.o(i.__hardfp_nearbyintf)
    __hardfp_sqrt                            0x080067b1   Thumb Code   122  sqrt.o(i.__hardfp_sqrt)
    __hardfp_sqrtf                           0x0800682b   Thumb Code    58  sqrtf.o(i.__hardfp_sqrtf)
    __read_errno                             0x08006865   Thumb Code     6  errno.o(i.__read_errno)
    __scatterload_copy                       0x08006871   Thumb Code    14  handlers.o(i.__scatterload_copy)
    __scatterload_null                       0x0800687f   Thumb Code     2  handlers.o(i.__scatterload_null)
    __scatterload_zeroinit                   0x08006881   Thumb Code    14  handlers.o(i.__scatterload_zeroinit)
    __set_errno                              0x08006891   Thumb Code     6  errno.o(i.__set_errno)
    _is_digit                                0x08006a21   Thumb Code    14  scanf_fp.o(i._is_digit)
    abs_spi_cb                               0x08007141   Thumb Code   318  encoder.o(i.abs_spi_cb)
    ams_parity                               0x08007299   Thumb Code    24  encoder.o(i.ams_parity)
    anticogging_calibration                  0x080072b1   Thumb Code   266  anticogging.o(i.anticogging_calibration)
    anticogging_init                         0x080073f1   Thumb Code    56  anticogging.o(i.anticogging_init)
    arm                                      0x08007435   Thumb Code    30  motor.o(i.arm)
    commander_run                            0x08007461   Thumb Code   614  main.o(i.commander_run)
    control_loop_cb                          0x080077ed   Thumb Code    88  main.o(i.control_loop_cb)
    control_mode_updated                     0x08007865   Thumb Code    52  controller.o(i.control_mode_updated)
    controller_config_default                0x080078ad   Thumb Code   186  controller.o(i.controller_config_default)
    controller_para_init                     0x08007985   Thumb Code    62  controller.o(i.controller_para_init)
    controller_reset                         0x080079d5   Thumb Code    52  controller.o(i.controller_reset)
    controller_update                        0x08007a21   Thumb Code  1906  controller.o(i.controller_update)
    crc_high_first                           0x080081cd   Thumb Code    58  encoder.o(i.crc_high_first)
    current_meas_cb                          0x08008209   Thumb Code   282  motor.o(i.current_meas_cb)
    dc_calib_cb                              0x08008345   Thumb Code   120  motor.o(i.dc_calib_cb)
    delay_us                                 0x080083cd   Thumb Code    26  utils.o(i.delay_us)
    disarm                                   0x080083e9   Thumb Code    22  motor.o(i.disarm)
    encoder_set_error                        0x0800840d   Thumb Code    26  encoder.o(i.encoder_set_error)
    encoder_update                           0x08008435   Thumb Code  1144  encoder.o(i.encoder_update)
    enqueue_modulation_timings               0x080088ad   Thumb Code   138  foc.o(i.enqueue_modulation_timings)
    enqueue_voltage_timings                  0x08008945   Thumb Code    82  foc.o(i.enqueue_voltage_timings)
    fetch_and_reset_adcs                     0x080089a1   Thumb Code   136  board.o(i.fetch_and_reset_adcs)
    flash_para_erase                         0x08008a35   Thumb Code    32  flash_writer.o(i.flash_para_erase)
    flash_para_read                          0x08008a55   Thumb Code   330  flash_writer.o(i.flash_para_read)
    flash_para_write                         0x08008bc9   Thumb Code   360  flash_writer.o(i.flash_para_write)
    float2uint                               0x08008d55   Thumb Code    10  flash_writer.o(i.float2uint)
    foc_reset                                0x08008dd5   Thumb Code    40  foc.o(i.foc_reset)
    foc_update                               0x08008e0d   Thumb Code   102  foc.o(i.foc_update)
    fputc                                    0x08008e95   Thumb Code    24  usart2.o(i.fputc)
    main                                     0x08008ef9   Thumb Code   196  main.o(i.main)
    measure_phase_inductance                 0x08008ff9   Thumb Code   194  motor.o(i.measure_phase_inductance)
    measure_phase_resistance                 0x080090e5   Thumb Code   176  motor.o(i.measure_phase_resistance)
    micros                                   0x080091b5   Thumb Code    32  utils.o(i.micros)
    motor_effective_current_lim              0x080091f1   Thumb Code   110  motor.o(i.motor_effective_current_lim)
    motor_max_available_torque               0x08009275   Thumb Code    18  motor.o(i.motor_max_available_torque)
    motor_para_init                          0x08009291   Thumb Code   144  motor.o(i.motor_para_init)
    motor_setup                              0x08009349   Thumb Code    70  motor.o(i.motor_setup)
    motor_update                             0x080093ad   Thumb Code   532  motor.o(i.motor_update)
    move_to_pos                              0x080095f5   Thumb Code    78  controller.o(i.move_to_pos)
    on_measurement                           0x0800965d   Thumb Code    70  foc.o(i.on_measurement)
    openloop_controller_update               0x080096b5   Thumb Code   392  open_loop_controller.o(i.openloop_controller_update)
    our_arm_cos_f32                          0x0800984d   Thumb Code   150  arm_cos_f32.o(i.our_arm_cos_f32)
    our_arm_sin_f32                          0x080098f1   Thumb Code   146  arm_cos_f32.o(i.our_arm_sin_f32)
    phase_current_from_adcval                0x08009991   Thumb Code    78  board.o(i.phase_current_from_adcval)
    planTrapezoidal                          0x080099f5   Thumb Code   646  traptraj.o(i.planTrapezoidal)
    pwm_update_cb                            0x08009c85   Thumb Code   134  foc.o(i.pwm_update_cb)
    run_calibration                          0x08009d2d   Thumb Code    92  motor.o(i.run_calibration)
    run_closed_loop_control_loop             0x08009d91   Thumb Code    32  axis.o(i.run_closed_loop_control_loop)
    run_offset_calibration                   0x08009db5   Thumb Code   702  encoder.o(i.run_offset_calibration)
    run_state_machine_loop                   0x0800a0b9   Thumb Code   596  axis.o(i.run_state_machine_loop)
    sample_now                               0x0800a3d9   Thumb Code    50  encoder.o(i.sample_now)
    sign_hard                                0x0800a439   Thumb Code    24  traptraj.o(i.sign_hard)
    start_anticogging_calibration            0x0800a451   Thumb Code    22  anticogging.o(i.start_anticogging_calibration)
    start_closed_loop_control                0x0800a475   Thumb Code    94  axis.o(i.start_closed_loop_control)
    tim14_InitTick                           0x0800a52d   Thumb Code    78  delay.o(i.tim14_InitTick)
    trapTraj_config_default                  0x0800a581   Thumb Code    28  traptraj.o(i.trapTraj_config_default)
    trap_traj_eval                           0x0800a5a5   Thumb Code   348  traptraj.o(i.trap_traj_eval)
    uint2float                               0x0800a709   Thumb Code    10  flash_writer.o(i.uint2float)
    update_current_controller_gains          0x0800a715   Thumb Code    42  motor.o(i.update_current_controller_gains)
    update_pll_gains                         0x0800a749   Thumb Code    82  encoder.o(i.update_pll_gains)
    usb_send                                 0x0800a7ad   Thumb Code    28  usbd_cdc_vcp.o(i.usb_send)
    vbus_sense_adc_cb                        0x0800aa5d   Thumb Code    28  board.o(i.vbus_sense_adc_cb)
    sinTable_f32                             0x0800aaf8   Data        2052  arm_cos_f32.o(.constdata)
    __ctype_table                            0x0800b2fc   Data         129  ctype_o.o(.constdata)
    Region$$Table$$Base                      0x0800b384   Number         0  anon$$obj.o(Region$$Table)
    Region$$Table$$Limit                     0x0800b3a4   Number         0  anon$$obj.o(Region$$Table)
    uwTick                                   0x20000010   Data           4  delay.o(.data)
    time_cnt                                 0x20000014   Data           4  timer.o(.data)
    rcv2_cntr                                0x20000018   Data           4  usart2.o(.data)
    rcv2_flag                                0x2000001c   Data           4  usart2.o(.data)
    __stdout                                 0x20000020   Data           4  usart2.o(.data)
    rxbuf3                                   0x20000024   Data           4  can.o(.data)
    linecoding                               0x20000028   Data           8  usbd_cdc_vcp.o(.data)
    VCP_fops                                 0x20000030   Data          20  usbd_cdc_vcp.o(.data)
    USR_desc                                 0x20000044   Data          28  usbd_desc.o(.data)
    USBD_DeviceDesc                          0x20000060   Data          18  usbd_desc.o(.data)
    USBD_DeviceQualifierDesc                 0x20000072   Data          10  usbd_desc.o(.data)
    USBD_LangIDDesc                          0x2000007c   Data           4  usbd_desc.o(.data)
    USR_cb                                   0x20000080   Data          28  usbd_usr.o(.data)
    CmdBuff                                  0x200000a0   Data           8  usbd_cdc_core.o(.data)
    APP_Rx_ptr_in                            0x200000a8   Data           4  usbd_cdc_core.o(.data)
    APP_Rx_ptr_out                           0x200000ac   Data           4  usbd_cdc_core.o(.data)
    APP_Rx_length                            0x200000b0   Data           4  usbd_cdc_core.o(.data)
    USB_Tx_State                             0x200000b4   Data           1  usbd_cdc_core.o(.data)
    USBD_CDC_cb                              0x200000c0   Data          44  usbd_cdc_core.o(.data)
    usbd_cdc_CfgDesc                         0x200000ec   Data          67  usbd_cdc_core.o(.data)
    SET_TEST_MODE                            0x20000134   Data           4  usbd_core.o(.data)
    USBD_DCD_INT_cb                          0x20000138   Data          44  usbd_core.o(.data)
    USBD_DCD_INT_fops                        0x20000164   Data           4  usbd_core.o(.data)
    USBD_ep_status                           0x20000168   Data           4  usbd_req.o(.data)
    USBD_default_cfg                         0x2000016c   Data           4  usbd_req.o(.data)
    USBD_cfg_status                          0x20000170   Data           4  usbd_req.o(.data)
    motor_error                              0x20000178   Data           4  foc.o(.data)
    Ialpha_beta                              0x2000017c   Data           8  foc.o(.data)
    Idq_setpoint_                            0x20000184   Data           8  foc.o(.data)
    Vdq_setpoint_                            0x2000018c   Data           8  foc.o(.data)
    phase_                                   0x20000194   Data           4  foc.o(.data)
    phase_vel_                               0x20000198   Data           4  foc.o(.data)
    Idq_setpoint_src_                        0x2000019c   Data           4  foc.o(.data)
    Vdq_setpoint_src_                        0x200001a0   Data           4  foc.o(.data)
    phase_src_                               0x200001a4   Data           4  foc.o(.data)
    phase_vel_src_                           0x200001a8   Data           4  foc.o(.data)
    Id_measured                              0x200001ac   Data           4  foc.o(.data)
    Iq_measured                              0x200001b0   Data           4  foc.o(.data)
    I_measured_report_filter_k               0x200001b4   Data           4  foc.o(.data)
    pi_gains_                                0x200001b8   Data           8  foc.o(.data)
    v_current_control_integral_d             0x200001c0   Data           4  foc.o(.data)
    v_current_control_integral_q             0x200001c4   Data           4  foc.o(.data)
    final_v_alpha                            0x200001c8   Data           4  foc.o(.data)
    final_v_beta                             0x200001cc   Data           4  foc.o(.data)
    Ibus                                     0x200001d0   Data           4  foc.o(.data)
    vbus_voltage                             0x200001d4   Data           4  board.o(.data)
    time_cntr                                0x200001d8   Data           4  board.o(.data)
    timestamp_                               0x200001dc   Data           4  board.o(.data)
    is_armed_                                0x200001e0   Data           1  motor.o(.data)
    is_calibrated_                           0x200001e1   Data           1  motor.o(.data)
    armed_state_                             0x200001e2   Data           1  motor.o(.data)
    dc_calib_running_since_                  0x200001e4   Data           4  motor.o(.data)
    effective_current_lim_                   0x200001e8   Data           4  motor.o(.data)
    max_allowed_current_                     0x200001ec   Data           4  motor.o(.data)
    max_dc_calib_                            0x200001f0   Data           4  motor.o(.data)
    motor_torque_setpoint_src_               0x200001f4   Data           4  motor.o(.data)
    motor_phase_vel_src_                     0x200001f8   Data           4  motor.o(.data)
    motor_Vdq_setpoint_                      0x200001fc   Data           8  motor.o(.data)
    motor_Idq_setpoint_                      0x20000204   Data           8  motor.o(.data)
    meas_resis                               0x2000020c   Data           1  motor.o(.data)
    meas_induc                               0x2000020d   Data           1  motor.o(.data)
    cali_target_current_                     0x20000210   Data           4  motor.o(.data)
    cali_max_voltage_                        0x20000214   Data           4  motor.o(.data)
    actual_current_                          0x20000218   Data           4  motor.o(.data)
    test_voltage_                            0x2000021c   Data           4  motor.o(.data)
    I_beta_                                  0x20000220   Data           4  motor.o(.data)
    test_mod_                                0x20000224   Data           4  motor.o(.data)
    start_timestamp_                         0x20000228   Data           4  motor.o(.data)
    last_input_timestamp_                    0x2000022c   Data           4  motor.o(.data)
    last_Ialpha_                             0x20000230   Data           4  motor.o(.data)
    deltaI_                                  0x20000234   Data           4  motor.o(.data)
    attached_                                0x20000238   Data           1  motor.o(.data)
    dc_calib_valid                           0x20000239   Data           1  motor.o(.data)
    current_state_                           0x2000023a   Data           1  axis.o(.data)
    axis_config                              0x2000023b   Data           5  axis.o(.data)
    index_found_                             0x20000240   Data           1  encoder.o(.data)
    is_ready_                                0x20000241   Data           1  encoder.o(.data)
    shadow_count_                            0x20000244   Data           4  encoder.o(.data)
    count_in_cpr_                            0x20000248   Data           4  encoder.o(.data)
    interpolation_                           0x2000024c   Data           4  encoder.o(.data)
    pos_estimate_counts_                     0x20000250   Data           4  encoder.o(.data)
    pos_cpr_counts_                          0x20000254   Data           4  encoder.o(.data)
    vel_estimate_counts_                     0x20000258   Data           4  encoder.o(.data)
    pll_kp_                                  0x2000025c   Data           4  encoder.o(.data)
    pll_ki_                                  0x20000260   Data           4  encoder.o(.data)
    calib_scan_response_                     0x20000264   Data           4  encoder.o(.data)
    pos_abs_                                 0x20000268   Data           4  encoder.o(.data)
    spi_error_rate_                          0x2000026c   Data           4  encoder.o(.data)
    pos_estimate_                            0x20000270   Data           4  encoder.o(.data)
    vel_estimate_                            0x20000274   Data           4  encoder.o(.data)
    pos_circular_                            0x20000278   Data           4  encoder.o(.data)
    pos_estimate_valid_                      0x2000027c   Data           1  encoder.o(.data)
    vel_estimate_valid_                      0x2000027d   Data           1  encoder.o(.data)
    tim_cnt_sample_                          0x2000027e   Data           2  encoder.o(.data)
    abs_spi_pos_updated_                     0x20000280   Data           1  encoder.o(.data)
    control_error                            0x20000284   Data           4  controller.o(.data)
    controller_pos_estimate_linear_src_      0x20000288   Data           4  controller.o(.data)
    controller_pos_estimate_circular_src_    0x2000028c   Data           4  controller.o(.data)
    controller_vel_estimate_src_             0x20000290   Data           4  controller.o(.data)
    controller_pos_wrap_src_                 0x20000294   Data           4  controller.o(.data)
    pos_setpoint_                            0x20000298   Data           4  controller.o(.data)
    vel_setpoint_                            0x2000029c   Data           4  controller.o(.data)
    vel_integrator_torque_                   0x200002a0   Data           4  controller.o(.data)
    torque_setpoint_                         0x200002a4   Data           4  controller.o(.data)
    input_pos_                               0x200002a8   Data           4  controller.o(.data)
    input_vel_                               0x200002ac   Data           4  controller.o(.data)
    input_torque_                            0x200002b0   Data           4  controller.o(.data)
    input_filter_kp_                         0x200002b4   Data           4  controller.o(.data)
    input_filter_ki_                         0x200002b8   Data           4  controller.o(.data)
    autotuning_phase_                        0x200002bc   Data           4  controller.o(.data)
    input_pos_updated_                       0x200002c0   Data           1  controller.o(.data)
    trajectory_done_                         0x200002c1   Data           1  controller.o(.data)
    mechanical_power_                        0x200002c4   Data           4  controller.o(.data)
    electrical_power_                        0x200002c8   Data           4  controller.o(.data)
    torque_output_                           0x200002cc   Data           4  controller.o(.data)
    anticogging_valid_                       0x200002d4   Data           1  anticogging.o(.data)
    timecntr_pre                             0x200002d8   Data           4  main.o(.data)
    usb_rcv_count                            0x200002dc   Data           4  main.o(.data)
    print_flag                               0x200002e0   Data           4  main.o(.data)
    adc1_value                               0x200002e8   Data          64  adc.o(.bss)
    snd2_buff                                0x20000328   Data         256  usart2.o(.bss)
    rcv2_buff                                0x20000428   Data         256  usart2.o(.bss)
    can1_rx_msg                              0x20000528   Data          20  can.o(.bss)
    USART_InitStructure                      0x2000053c   Data          16  usbd_cdc_vcp.o(.bss)
    usbd_cdc_OtherCfgDesc                    0x2000054c   Data          67  usbd_cdc_core.o(.bss)
    USB_Rx_Buffer                            0x2000058f   Data          64  usbd_cdc_core.o(.bss)
    APP_Rx_Buffer                            0x200005cf   Data        2048  usbd_cdc_core.o(.bss)
    USBD_StrDesc                             0x20000dcf   Data         255  usbd_req.o(.bss)
    openloop_controller_                     0x20000ed0   Data          52  open_loop_controller.o(.bss)
    current0                                 0x20000f04   Data          12  board.o(.bss)
    motor_config                             0x20000f10   Data          72  motor.o(.bss)
    current_meas_                            0x20000f58   Data          12  motor.o(.bss)
    DC_calib_                                0x20000f64   Data          12  motor.o(.bss)
    encoder_config                           0x20000f70   Data          56  encoder.o(.bss)
    trapTraj_config                          0x20000fa8   Data          12  traptraj.o(.bss)
    trap_traj_                               0x20000fb4   Data          48  traptraj.o(.bss)
    autotuning_                              0x20000fe4   Data          16  controller.o(.bss)
    ctrl_config                              0x20000ff4   Data          80  controller.o(.bss)
    flash_reg                                0x20001044   Data         512  flash_writer.o(.bss)
    anticogging                              0x20001244   Data       14424  anticogging.o(.bss)
    USB_OTG_dev                              0x20004a9c   Data        1524  main.o(.bss)
    usb_recbuff                              0x20005090   Data         128  main.o(.bss)
    usb_sndbuff                              0x20005110   Data         128  main.o(.bss)
    __initial_sp                             0x20005590   Data           0  startup_stm32f40_41xxx.o(STACK)



==============================================================================

Memory Map of the image

  Image Entry point : 0x08000189

  Load Region LR_IROM1 (Base: 0x08000000, Size: 0x0000b68c, Max: 0x00100000, ABSOLUTE, COMPRESSED[0x0000b49c])

    Execution Region ER_IROM1 (Exec base: 0x08000000, Load base: 0x08000000, Size: 0x0000b3a4, Max: 0x00100000, ABSOLUTE)

    Exec Addr    Load Addr    Size         Type   Attr      Idx    E Section Name        Object

    0x08000000   0x08000000   0x00000188   Data   RO            3    RESET               startup_stm32f40_41xxx.o
    0x08000188   0x08000188   0x00000000   Code   RO         7591  * .ARM.Collect$$$$00000000  mc_w.l(entry.o)
    0x08000188   0x08000188   0x00000004   Code   RO         7893    .ARM.Collect$$$$00000001  mc_w.l(entry2.o)
    0x0800018c   0x0800018c   0x00000004   Code   RO         7896    .ARM.Collect$$$$00000004  mc_w.l(entry5.o)
    0x08000190   0x08000190   0x00000000   Code   RO         7898    .ARM.Collect$$$$00000008  mc_w.l(entry7b.o)
    0x08000190   0x08000190   0x00000000   Code   RO         7900    .ARM.Collect$$$$0000000A  mc_w.l(entry8b.o)
    0x08000190   0x08000190   0x00000008   Code   RO         7901    .ARM.Collect$$$$0000000B  mc_w.l(entry9a.o)
    0x08000198   0x08000198   0x00000004   Code   RO         7908    .ARM.Collect$$$$0000000E  mc_w.l(entry12b.o)
    0x0800019c   0x0800019c   0x00000000   Code   RO         7903    .ARM.Collect$$$$0000000F  mc_w.l(entry10a.o)
    0x0800019c   0x0800019c   0x00000000   Code   RO         7905    .ARM.Collect$$$$00000011  mc_w.l(entry11a.o)
    0x0800019c   0x0800019c   0x00000004   Code   RO         7894    .ARM.Collect$$$$00002712  mc_w.l(entry2.o)
    0x080001a0   0x080001a0   0x00000024   Code   RO            4    .text               startup_stm32f40_41xxx.o
    0x080001c4   0x080001c4   0x00000062   Code   RO         7594    .text               mc_w.l(ldiv.o)
    0x08000226   0x08000226   0x00000024   Code   RO         7596    .text               mc_w.l(memseta.o)
    0x0800024a   0x0800024a   0x0000001a   Code   RO         7887    .text               mc_w.l(atoi.o)
    0x08000264   0x08000264   0x00000026   Code   RO         7889    .text               mf_w.l(f2d.o)
    0x0800028a   0x0800028a   0x00000038   Code   RO         7891    .text               mf_w.l(d2f.o)
    0x080002c2   0x080002c2   0x0000002c   Code   RO         7909    .text               mc_w.l(uidiv.o)
    0x080002ee   0x080002ee   0x00000062   Code   RO         7911    .text               mc_w.l(uldiv.o)
    0x08000350   0x08000350   0x0000009c   Code   RO         7926    .text               mc_w.l(strtod.o)
    0x080003ec   0x080003ec   0x00000070   Code   RO         7928    .text               mc_w.l(strtol.o)
    0x0800045c   0x0800045c   0x00000000   Code   RO         7930    .text               mc_w.l(iusefp.o)
    0x0800045c   0x0800045c   0x0000006e   Code   RO         7931    .text               mf_w.l(fepilogue.o)
    0x080004ca   0x080004ca   0x0000003c   Code   RO         7933    .text               mf_w.l(frnd.o)
    0x08000506   0x08000506   0x0000014e   Code   RO         7935    .text               mf_w.l(dadd.o)
    0x08000654   0x08000654   0x000000e4   Code   RO         7937    .text               mf_w.l(dmul.o)
    0x08000738   0x08000738   0x000000de   Code   RO         7939    .text               mf_w.l(ddiv.o)
    0x08000816   0x08000816   0x000000a2   Code   RO         7941    .text               mf_w.l(dsqrt.o)
    0x080008b8   0x080008b8   0x00000030   Code   RO         7943    .text               mf_w.l(dfixul.o)
    0x080008e8   0x080008e8   0x00000030   Code   RO         7947    .text               mf_w.l(cdrcmple.o)
    0x08000918   0x08000918   0x00000004   Code   RO         7949    .text               mf_w.l(fpstat.o)
    0x0800091c   0x0800091c   0x00000024   Code   RO         7951    .text               mc_w.l(init.o)
    0x08000940   0x08000940   0x0000001e   Code   RO         7953    .text               mc_w.l(llshl.o)
    0x0800095e   0x0800095e   0x00000020   Code   RO         7955    .text               mc_w.l(llushr.o)
    0x0800097e   0x0800097e   0x00000024   Code   RO         7957    .text               mc_w.l(llsshr.o)
    0x080009a2   0x080009a2   0x00000002   PAD
    0x080009a4   0x080009a4   0x00000008   Code   RO         7961    .text               mc_w.l(ctype_o.o)
    0x080009ac   0x080009ac   0x00000012   Code   RO         7983    .text               mc_w.l(isspace_o.o)
    0x080009be   0x080009be   0x00000002   PAD
    0x080009c0   0x080009c0   0x00000360   Code   RO         7989    .text               mc_w.l(scanf_fp.o)
    0x08000d20   0x08000d20   0x00000040   Code   RO         7993    .text               mc_w.l(_sgetc.o)
    0x08000d60   0x08000d60   0x0000009e   Code   RO         7995    .text               mc_w.l(_strtoul.o)
    0x08000dfe   0x08000dfe   0x000000ba   Code   RO         7997    .text               mf_w.l(depilogue.o)
    0x08000eb8   0x08000eb8   0x0000001c   Code   RO         8002    .text               mc_w.l(_chval.o)
    0x08000ed4   0x08000ed4   0x00000018   Code   RO         8004    .text               mf_w.l(dfltul.o)
    0x08000eec   0x08000eec   0x00000056   Code   RO         8014    .text               mc_w.l(__dczerorl2.o)
    0x08000f42   0x08000f42   0x00000002   PAD
    0x08000f44   0x08000f44   0x00000148   Code   RO         4940    i.ADC1_DMA_Init     adc.o
    0x0800108c   0x0800108c   0x000000a4   Code   RO         4941    i.ADC2_TRGO_Init    adc.o
    0x08001130   0x08001130   0x000000a4   Code   RO         4942    i.ADC3_TRGO_Init    adc.o
    0x080011d4   0x080011d4   0x00000016   Code   RO          201    i.ADC_AutoInjectedConvCmd  stm32f4xx_adc.o
    0x080011ea   0x080011ea   0x00000016   Code   RO          204    i.ADC_Cmd           stm32f4xx_adc.o
    0x08001200   0x08001200   0x00000030   Code   RO          205    i.ADC_CommonInit    stm32f4xx_adc.o
    0x08001230   0x08001230   0x00000068   Code   RO         4943    i.ADC_Common_Init   adc.o
    0x08001298   0x08001298   0x00000016   Code   RO          208    i.ADC_DMACmd        stm32f4xx_adc.o
    0x080012ae   0x080012ae   0x00000016   Code   RO          209    i.ADC_DMARequestAfterLastTransferCmd  stm32f4xx_adc.o
    0x080012c4   0x080012c4   0x00000016   Code   RO          213    i.ADC_EOCOnEachRegularChannelCmd  stm32f4xx_adc.o
    0x080012da   0x080012da   0x00000010   Code   RO          214    i.ADC_ExternalTrigInjectedConvConfig  stm32f4xx_adc.o
    0x080012ea   0x080012ea   0x00000010   Code   RO          215    i.ADC_ExternalTrigInjectedConvEdgeConfig  stm32f4xx_adc.o
    0x080012fa   0x080012fa   0x00000002   PAD
    0x080012fc   0x080012fc   0x00000054   Code   RO          224    i.ADC_Init          stm32f4xx_adc.o
    0x08001350   0x08001350   0x00000082   Code   RO          225    i.ADC_InjectedChannelConfig  stm32f4xx_adc.o
    0x080013d2   0x080013d2   0x00000016   Code   RO          226    i.ADC_InjectedDiscModeCmd  stm32f4xx_adc.o
    0x080013e8   0x080013e8   0x00000018   Code   RO          227    i.ADC_InjectedSequencerLengthConfig  stm32f4xx_adc.o
    0x08001400   0x08001400   0x000000b8   Code   RO          229    i.ADC_RegularChannelConfig  stm32f4xx_adc.o
    0x080014b8   0x080014b8   0x00000014   Code   RO          230    i.ADC_SetInjectedOffset  stm32f4xx_adc.o
    0x080014cc   0x080014cc   0x00000004   Code   RO         5565    i.BusFault_Handler  stm32fxxx_it.o
    0x080014d0   0x080014d0   0x00000040   Code   RO         5527    i.CAN1_RX0_IRQHandler  can.o
    0x08001510   0x08001510   0x00000038   Code   RO          441    i.CAN_ClearFlag     stm32f4xx_can.o
    0x08001548   0x08001548   0x000000a8   Code   RO          442    i.CAN_ClearITPendingBit  stm32f4xx_can.o
    0x080015f0   0x080015f0   0x00000120   Code   RO          448    i.CAN_GetITStatus   stm32f4xx_can.o
    0x08001710   0x08001710   0x000000f0   Code   RO          456    i.CAN_Receive       stm32f4xx_can.o
    0x08001800   0x08001800   0x00000012   Code   RO          464    i.CheckITStatus     stm32f4xx_can.o
    0x08001812   0x08001812   0x00000002   PAD
    0x08001814   0x08001814   0x00000058   Code   RO         7276    i.Controller_update_filter_gains  controller.o
    0x0800186c   0x0800186c   0x0000004a   Code   RO         6489    i.DCD_EP_Close      usb_dcd.o
    0x080018b6   0x080018b6   0x00000048   Code   RO         6490    i.DCD_EP_ClrStall   usb_dcd.o
    0x080018fe   0x080018fe   0x00000068   Code   RO         6492    i.DCD_EP_Open       usb_dcd.o
    0x08001966   0x08001966   0x00000052   Code   RO         6493    i.DCD_EP_PrepareRx  usb_dcd.o
    0x080019b8   0x080019b8   0x0000001c   Code   RO         6494    i.DCD_EP_SetAddress  usb_dcd.o
    0x080019d4   0x080019d4   0x00000048   Code   RO         6495    i.DCD_EP_Stall      usb_dcd.o
    0x08001a1c   0x08001a1c   0x0000004e   Code   RO         6496    i.DCD_EP_Tx         usb_dcd.o
    0x08001a6a   0x08001a6a   0x00000066   Code   RO         6579    i.DCD_HandleEnumDone_ISR  usb_dcd_int.o
    0x08001ad0   0x08001ad0   0x00000144   Code   RO         6580    i.DCD_HandleInEP_ISR  usb_dcd_int.o
    0x08001c14   0x08001c14   0x00000100   Code   RO         6581    i.DCD_HandleOutEP_ISR  usb_dcd_int.o
    0x08001d14   0x08001d14   0x00000068   Code   RO         6582    i.DCD_HandleResume_ISR  usb_dcd_int.o
    0x08001d7c   0x08001d7c   0x000000b0   Code   RO         6583    i.DCD_HandleRxStatusQueueLevel_ISR  usb_dcd_int.o
    0x08001e2c   0x08001e2c   0x0000002c   Code   RO         6584    i.DCD_HandleSof_ISR  usb_dcd_int.o
    0x08001e58   0x08001e58   0x000000a8   Code   RO         6585    i.DCD_HandleUSBSuspend_ISR  usb_dcd_int.o
    0x08001f00   0x08001f00   0x00000104   Code   RO         6586    i.DCD_HandleUsbReset_ISR  usb_dcd_int.o
    0x08002004   0x08002004   0x0000009c   Code   RO         6498    i.DCD_Init          usb_dcd.o
    0x080020a0   0x080020a0   0x0000002c   Code   RO         6587    i.DCD_IsoINIncomplete_ISR  usb_dcd_int.o
    0x080020cc   0x080020cc   0x0000002c   Code   RO         6588    i.DCD_IsoOUTIncomplete_ISR  usb_dcd_int.o
    0x080020f8   0x080020f8   0x00000028   Code   RO         6589    i.DCD_ReadDevInEP   usb_dcd_int.o
    0x08002120   0x08002120   0x00000090   Code   RO         6590    i.DCD_WriteEmptyTxFifo  usb_dcd_int.o
    0x080021b0   0x080021b0   0x00000028   Code   RO         5258    i.DMA1_Stream6_IRQHandler  usart2.o
    0x080021d8   0x080021d8   0x00000034   Code   RO         1142    i.DMA_ClearITPendingBit  stm32f4xx_dma.o
    0x0800220c   0x0800220c   0x00000016   Code   RO         1143    i.DMA_Cmd           stm32f4xx_dma.o
    0x08002222   0x08002222   0x00000002   PAD
    0x08002224   0x08002224   0x00000158   Code   RO         1144    i.DMA_DeInit        stm32f4xx_dma.o
    0x0800237c   0x0800237c   0x00000014   Code   RO         1148    i.DMA_GetCmdStatus  stm32f4xx_dma.o
    0x08002390   0x08002390   0x00000008   Code   RO         1149    i.DMA_GetCurrDataCounter  stm32f4xx_dma.o
    0x08002398   0x08002398   0x00000064   Code   RO         1153    i.DMA_GetITStatus   stm32f4xx_dma.o
    0x080023fc   0x080023fc   0x00000058   Code   RO         1155    i.DMA_Init          stm32f4xx_dma.o
    0x08002454   0x08002454   0x00000004   Code   RO         1158    i.DMA_SetCurrDataCounter  stm32f4xx_dma.o
    0x08002458   0x08002458   0x00000002   Code   RO         5566    i.DebugMon_Handler  stm32fxxx_it.o
    0x0800245a   0x0800245a   0x00000002   PAD
    0x0800245c   0x0800245c   0x0000000c   Code   RO         1401    i.EXTI_ClearITPendingBit  stm32f4xx_exti.o
    0x08002468   0x08002468   0x00000024   Code   RO         1463    i.FLASH_DataCacheCmd  stm32f4xx_flash.o
    0x0800248c   0x0800248c   0x00000088   Code   RO         1468    i.FLASH_EraseSector  stm32f4xx_flash.o
    0x08002514   0x08002514   0x00000054   Code   RO         1470    i.FLASH_GetStatus   stm32f4xx_flash.o
    0x08002568   0x08002568   0x00000014   Code   RO         1474    i.FLASH_Lock        stm32f4xx_flash.o
    0x0800257c   0x0800257c   0x00000050   Code   RO         1498    i.FLASH_ProgramWord  stm32f4xx_flash.o
    0x080025cc   0x080025cc   0x00000024   Code   RO         1500    i.FLASH_Unlock      stm32f4xx_flash.o
    0x080025f0   0x080025f0   0x00000022   Code   RO         1501    i.FLASH_WaitForLastOperation  stm32f4xx_flash.o
    0x08002612   0x08002612   0x00000002   PAD
    0x08002614   0x08002614   0x0000024c   Code   RO         6739    i.FOC_current       foc.o
    0x08002860   0x08002860   0x00000054   Code   RO         6740    i.FOC_voltage       foc.o
    0x080028b4   0x080028b4   0x00000038   Code   RO         7473    i.GPIO_Configure    main.o
    0x080028ec   0x080028ec   0x00000090   Code   RO         1877    i.GPIO_Init         stm32f4xx_gpio.o
    0x0800297c   0x0800297c   0x00000046   Code   RO         1878    i.GPIO_PinAFConfig  stm32f4xx_gpio.o
    0x080029c2   0x080029c2   0x00000004   Code   RO         1884    i.GPIO_ResetBits    stm32f4xx_gpio.o
    0x080029c6   0x080029c6   0x00000004   Code   RO         1885    i.GPIO_SetBits      stm32f4xx_gpio.o
    0x080029ca   0x080029ca   0x00000002   PAD
    0x080029cc   0x080029cc   0x000000cc   Code   RO         5939    i.Handle_USBAsynchXfer  usbd_cdc_core.o
    0x08002a98   0x08002a98   0x00000004   Code   RO         5567    i.HardFault_Handler  stm32fxxx_it.o
    0x08002a9c   0x08002a9c   0x00000010   Code   RO         2372    i.IWDG_Enable       stm32f4xx_iwdg.o
    0x08002aac   0x08002aac   0x00000022   Code   RO         7474    i.IWDG_Init         main.o
    0x08002ace   0x08002ace   0x00000002   PAD
    0x08002ad0   0x08002ad0   0x00000010   Code   RO         2374    i.IWDG_ReloadCounter  stm32f4xx_iwdg.o
    0x08002ae0   0x08002ae0   0x0000000c   Code   RO         2375    i.IWDG_SetPrescaler  stm32f4xx_iwdg.o
    0x08002aec   0x08002aec   0x0000000c   Code   RO         2376    i.IWDG_SetReload    stm32f4xx_iwdg.o
    0x08002af8   0x08002af8   0x0000000c   Code   RO         2377    i.IWDG_WriteAccessCmd  stm32f4xx_iwdg.o
    0x08002b04   0x08002b04   0x0000006c   Code   RO         6897    i.Inductance_get_alpha_beta_output  motor.o
    0x08002b70   0x08002b70   0x00000080   Code   RO         6898    i.Inductance_on_measurement  motor.o
    0x08002bf0   0x08002bf0   0x0000002c   Code   RO         6899    i.Inductance_reset  motor.o
    0x08002c1c   0x08002c1c   0x000000c0   Code   RO         7098    i.MagneticSensor_Init  encoder.o
    0x08002cdc   0x08002cdc   0x00000004   Code   RO         5568    i.MemManage_Handler  stm32fxxx_it.o
    0x08002ce0   0x08002ce0   0x00000002   Code   RO         5569    i.NMI_Handler       stm32fxxx_it.o
    0x08002ce2   0x08002ce2   0x00000002   PAD
    0x08002ce4   0x08002ce4   0x00000078   Code   RO          150    i.NVIC_Init         misc.o
    0x08002d5c   0x08002d5c   0x00000014   Code   RO          151    i.NVIC_PriorityGroupConfig  misc.o
    0x08002d70   0x08002d70   0x00000010   Code   RO         5570    i.OTG_FS_IRQHandler  stm32fxxx_it.o
    0x08002d80   0x08002d80   0x00000030   Code   RO         5571    i.OTG_FS_WKUP_IRQHandler  stm32fxxx_it.o
    0x08002db0   0x08002db0   0x00000002   Code   RO         5572    i.PendSV_Handler    stm32fxxx_it.o
    0x08002db2   0x08002db2   0x00000002   PAD
    0x08002db4   0x08002db4   0x00000020   Code   RO         2741    i.RCC_AHB1PeriphClockCmd  stm32f4xx_rcc.o
    0x08002dd4   0x08002dd4   0x00000020   Code   RO         2744    i.RCC_AHB2PeriphClockCmd  stm32f4xx_rcc.o
    0x08002df4   0x08002df4   0x00000020   Code   RO         2750    i.RCC_APB1PeriphClockCmd  stm32f4xx_rcc.o
    0x08002e14   0x08002e14   0x00000020   Code   RO         2752    i.RCC_APB1PeriphResetCmd  stm32f4xx_rcc.o
    0x08002e34   0x08002e34   0x00000020   Code   RO         2753    i.RCC_APB2PeriphClockCmd  stm32f4xx_rcc.o
    0x08002e54   0x08002e54   0x00000020   Code   RO         2755    i.RCC_APB2PeriphResetCmd  stm32f4xx_rcc.o
    0x08002e74   0x08002e74   0x000000e8   Code   RO         2762    i.RCC_GetClocksFreq  stm32f4xx_rcc.o
    0x08002f5c   0x08002f5c   0x00000034   Code   RO         6900    i.Resistance_get_alpha_beta_output  motor.o
    0x08002f90   0x08002f90   0x0000010c   Code   RO         6901    i.Resistance_on_measurement  motor.o
    0x0800309c   0x0800309c   0x00000024   Code   RO         6902    i.Resistance_reset  motor.o
    0x080030c0   0x080030c0   0x000000ec   Code   RO         5444    i.SPI3_Init_        spi3.o
    0x080031ac   0x080031ac   0x00000018   Code   RO         3858    i.SPI_Cmd           stm32f4xx_spi.o
    0x080031c4   0x080031c4   0x00000012   Code   RO         3866    i.SPI_I2S_GetFlagStatus  stm32f4xx_spi.o
    0x080031d6   0x080031d6   0x00000006   Code   RO         3869    i.SPI_I2S_ReceiveData  stm32f4xx_spi.o
    0x080031dc   0x080031dc   0x00000004   Code   RO         3870    i.SPI_I2S_SendData  stm32f4xx_spi.o
    0x080031e0   0x080031e0   0x0000003c   Code   RO         3871    i.SPI_Init          stm32f4xx_spi.o
    0x0800321c   0x0800321c   0x00000034   Code   RO         5445    i.SPIx_ReadWriteByte  spi3.o
    0x08003250   0x08003250   0x0000000a   Code   RO         7212    i.SQ                traptraj.o
    0x0800325a   0x0800325a   0x00000002   Code   RO         5573    i.SVC_Handler       stm32fxxx_it.o
    0x0800325c   0x0800325c   0x000002fc   Code   RO         6663    i.SVM               utils.o
    0x08003558   0x08003558   0x000000ec   Code   RO           12    i.SetSysClock       system_stm32f4xx.o
    0x08003644   0x08003644   0x00000002   Code   RO         5574    i.SysTick_Handler   stm32fxxx_it.o
    0x08003646   0x08003646   0x00000002   PAD
    0x08003648   0x08003648   0x00000068   Code   RO           14    i.SystemInit        system_stm32f4xx.o
    0x080036b0   0x080036b0   0x0000003a   Code   RO         4072    i.TI1_Config        stm32f4xx_tim.o
    0x080036ea   0x080036ea   0x00000050   Code   RO         4073    i.TI2_Config        stm32f4xx_tim.o
    0x0800373a   0x0800373a   0x00000048   Code   RO         4074    i.TI3_Config        stm32f4xx_tim.o
    0x08003782   0x08003782   0x00000050   Code   RO         4075    i.TI4_Config        stm32f4xx_tim.o
    0x080037d2   0x080037d2   0x00000002   PAD
    0x080037d4   0x080037d4   0x0000019c   Code   RO         4981    i.TIM1_PWM_Init     timer.o
    0x08003970   0x08003970   0x00000064   Code   RO         6848    i.TIM1_UP_TIM10_IRQHandler  board.o
    0x080039d4   0x080039d4   0x0000003c   Code   RO         4982    i.TIM2_Init         timer.o
    0x08003a10   0x08003a10   0x000000b8   Code   RO         4983    i.TIM3_Encoder_Init  timer.o
    0x08003ac8   0x08003ac8   0x00000034   Code   RO         4984    i.TIM7_IRQHandler   timer.o
    0x08003afc   0x08003afc   0x00000054   Code   RO         4985    i.TIM7_Init         timer.o
    0x08003b50   0x08003b50   0x00000028   Code   RO         4884    i.TIM8_TRG_COM_TIM14_IRQHandler  delay.o
    0x08003b78   0x08003b78   0x00000018   Code   RO         4076    i.TIM_ARRPreloadConfig  stm32f4xx_tim.o
    0x08003b90   0x08003b90   0x00000020   Code   RO         4077    i.TIM_BDTRConfig    stm32f4xx_tim.o
    0x08003bb0   0x08003bb0   0x00000006   Code   RO         4083    i.TIM_ClearITPendingBit  stm32f4xx_tim.o
    0x08003bb6   0x08003bb6   0x00000018   Code   RO         4088    i.TIM_Cmd           stm32f4xx_tim.o
    0x08003bce   0x08003bce   0x0000001e   Code   RO         4090    i.TIM_CtrlPWMOutputs  stm32f4xx_tim.o
    0x08003bec   0x08003bec   0x00000190   Code   RO         4093    i.TIM_DeInit        stm32f4xx_tim.o
    0x08003d7c   0x08003d7c   0x00000042   Code   RO         4097    i.TIM_EncoderInterfaceConfig  stm32f4xx_tim.o
    0x08003dbe   0x08003dbe   0x00000022   Code   RO         4109    i.TIM_GetITStatus   stm32f4xx_tim.o
    0x08003de0   0x08003de0   0x0000006e   Code   RO         4111    i.TIM_ICInit        stm32f4xx_tim.o
    0x08003e4e   0x08003e4e   0x00000012   Code   RO         4112    i.TIM_ICStructInit  stm32f4xx_tim.o
    0x08003e60   0x08003e60   0x00000012   Code   RO         4113    i.TIM_ITConfig      stm32f4xx_tim.o
    0x08003e72   0x08003e72   0x00000002   PAD
    0x08003e74   0x08003e74   0x0000007c   Code   RO         4117    i.TIM_OC1Init       stm32f4xx_tim.o
    0x08003ef0   0x08003ef0   0x00000012   Code   RO         4120    i.TIM_OC1PreloadConfig  stm32f4xx_tim.o
    0x08003f02   0x08003f02   0x00000002   PAD
    0x08003f04   0x08003f04   0x000000a4   Code   RO         4122    i.TIM_OC2Init       stm32f4xx_tim.o
    0x08003fa8   0x08003fa8   0x0000001a   Code   RO         4125    i.TIM_OC2PreloadConfig  stm32f4xx_tim.o
    0x08003fc2   0x08003fc2   0x00000002   PAD
    0x08003fc4   0x08003fc4   0x000000a0   Code   RO         4127    i.TIM_OC3Init       stm32f4xx_tim.o
    0x08004064   0x08004064   0x00000012   Code   RO         4130    i.TIM_OC3PreloadConfig  stm32f4xx_tim.o
    0x08004076   0x08004076   0x00000012   Code   RO         4146    i.TIM_SelectOutputTrigger  stm32f4xx_tim.o
    0x08004088   0x08004088   0x00000004   Code   RO         4154    i.TIM_SetCounter    stm32f4xx_tim.o
    0x0800408c   0x0800408c   0x00000012   Code   RO         4155    i.TIM_SetIC1Prescaler  stm32f4xx_tim.o
    0x0800409e   0x0800409e   0x0000001a   Code   RO         4156    i.TIM_SetIC2Prescaler  stm32f4xx_tim.o
    0x080040b8   0x080040b8   0x00000012   Code   RO         4157    i.TIM_SetIC3Prescaler  stm32f4xx_tim.o
    0x080040ca   0x080040ca   0x0000001a   Code   RO         4158    i.TIM_SetIC4Prescaler  stm32f4xx_tim.o
    0x080040e4   0x080040e4   0x00000084   Code   RO         4160    i.TIM_TimeBaseInit  stm32f4xx_tim.o
    0x08004168   0x08004168   0x00000068   Code   RO         5259    i.USART2_IRQHandler  usart2.o
    0x080041d0   0x080041d0   0x00000124   Code   RO         5260    i.USART2_Init       usart2.o
    0x080042f4   0x080042f4   0x00000030   Code   RO         5261    i.USART2_SendDMA    usart2.o
    0x08004324   0x08004324   0x00000018   Code   RO         4638    i.USART_Cmd         stm32f4xx_usart.o
    0x0800433c   0x0800433c   0x00000012   Code   RO         4639    i.USART_DMACmd      stm32f4xx_usart.o
    0x0800434e   0x0800434e   0x00000002   PAD
    0x08004350   0x08004350   0x000000f0   Code   RO         4640    i.USART_DeInit      stm32f4xx_usart.o
    0x08004440   0x08004440   0x00000054   Code   RO         4642    i.USART_GetITStatus  stm32f4xx_usart.o
    0x08004494   0x08004494   0x0000004a   Code   RO         4644    i.USART_ITConfig    stm32f4xx_usart.o
    0x080044de   0x080044de   0x00000002   PAD
    0x080044e0   0x080044e0   0x000000d4   Code   RO         4645    i.USART_Init        stm32f4xx_usart.o
    0x080045b4   0x080045b4   0x00000016   Code   RO         6010    i.USBD_ClrCfg       usbd_core.o
    0x080045ca   0x080045ca   0x00000048   Code   RO         6160    i.USBD_ClrFeature   usbd_req.o
    0x08004612   0x08004612   0x0000001e   Code   RO         6104    i.USBD_CtlContinueRx  usbd_ioreq.o
    0x08004630   0x08004630   0x0000001e   Code   RO         6105    i.USBD_CtlContinueSendData  usbd_ioreq.o
    0x0800464e   0x0800464e   0x0000001e   Code   RO         6161    i.USBD_CtlError     usbd_req.o
    0x0800466c   0x0800466c   0x0000002e   Code   RO         6106    i.USBD_CtlPrepareRx  usbd_ioreq.o
    0x0800469a   0x0800469a   0x00000024   Code   RO         6107    i.USBD_CtlReceiveStatus  usbd_ioreq.o
    0x080046be   0x080046be   0x0000002e   Code   RO         6108    i.USBD_CtlSendData  usbd_ioreq.o
    0x080046ec   0x080046ec   0x00000024   Code   RO         6109    i.USBD_CtlSendStatus  usbd_ioreq.o
    0x08004710   0x08004710   0x000000d0   Code   RO         6011    i.USBD_DataInStage  usbd_core.o
    0x080047e0   0x080047e0   0x00000096   Code   RO         6012    i.USBD_DataOutStage  usbd_core.o
    0x08004876   0x08004876   0x00000006   Code   RO         6013    i.USBD_DeInit       usbd_core.o
    0x0800487c   0x0800487c   0x00000054   Code   RO         6162    i.USBD_GetConfig    usbd_req.o
    0x080048d0   0x080048d0   0x00000122   Code   RO         6163    i.USBD_GetDescriptor  usbd_req.o
    0x080049f2   0x080049f2   0x00000014   Code   RO         6164    i.USBD_GetLen       usbd_req.o
    0x08004a06   0x08004a06   0x00000002   PAD
    0x08004a08   0x08004a08   0x00000050   Code   RO         6165    i.USBD_GetStatus    usbd_req.o
    0x08004a58   0x08004a58   0x00000052   Code   RO         6166    i.USBD_GetString    usbd_req.o
    0x08004aaa   0x08004aaa   0x00000042   Code   RO         6014    i.USBD_Init         usbd_core.o
    0x08004aec   0x08004aec   0x00000012   Code   RO         6015    i.USBD_IsoINIncomplete  usbd_core.o
    0x08004afe   0x08004afe   0x00000012   Code   RO         6016    i.USBD_IsoOUTIncomplete  usbd_core.o
    0x08004b10   0x08004b10   0x000000e0   Code   RO         6591    i.USBD_OTG_ISR_Handler  usb_dcd_int.o
    0x08004bf0   0x08004bf0   0x00000048   Code   RO         6167    i.USBD_ParseSetupRequest  usbd_req.o
    0x08004c38   0x08004c38   0x00000032   Code   RO         6017    i.USBD_Reset        usbd_core.o
    0x08004c6a   0x08004c6a   0x0000001e   Code   RO         6018    i.USBD_Resume       usbd_core.o
    0x08004c88   0x08004c88   0x00000014   Code   RO         6019    i.USBD_RunTestMode  usbd_core.o
    0x08004c9c   0x08004c9c   0x0000001a   Code   RO         6020    i.USBD_SOF          usbd_core.o
    0x08004cb6   0x08004cb6   0x0000005c   Code   RO         6168    i.USBD_SetAddress   usbd_req.o
    0x08004d12   0x08004d12   0x0000001e   Code   RO         6021    i.USBD_SetCfg       usbd_core.o
    0x08004d30   0x08004d30   0x000000d0   Code   RO         6169    i.USBD_SetConfig    usbd_req.o
    0x08004e00   0x08004e00   0x000000a4   Code   RO         6170    i.USBD_SetFeature   usbd_req.o
    0x08004ea4   0x08004ea4   0x00000054   Code   RO         6022    i.USBD_SetupStage   usbd_core.o
    0x08004ef8   0x08004ef8   0x00000072   Code   RO         6171    i.USBD_StdDevReq    usbd_req.o
    0x08004f6a   0x08004f6a   0x00000002   PAD
    0x08004f6c   0x08004f6c   0x0000015c   Code   RO         6172    i.USBD_StdEPReq     usbd_req.o
    0x080050c8   0x080050c8   0x0000004c   Code   RO         6173    i.USBD_StdItfReq    usbd_req.o
    0x08005114   0x08005114   0x00000020   Code   RO         6023    i.USBD_Suspend      usbd_core.o
    0x08005134   0x08005134   0x00000034   Code   RO         5810    i.USBD_USR_ConfigStrDescriptor  usbd_desc.o
    0x08005168   0x08005168   0x00000002   Code   RO         5876    i.USBD_USR_DeviceConfigured  usbd_usr.o
    0x0800516a   0x0800516a   0x00000002   Code   RO         5877    i.USBD_USR_DeviceConnected  usbd_usr.o
    0x0800516c   0x0800516c   0x00000010   Code   RO         5811    i.USBD_USR_DeviceDescriptor  usbd_desc.o
    0x0800517c   0x0800517c   0x00000002   Code   RO         5878    i.USBD_USR_DeviceDisconnected  usbd_usr.o
    0x0800517e   0x0800517e   0x00000002   Code   RO         5879    i.USBD_USR_DeviceReset  usbd_usr.o
    0x08005180   0x08005180   0x00000002   Code   RO         5880    i.USBD_USR_DeviceResumed  usbd_usr.o
    0x08005182   0x08005182   0x00000002   Code   RO         5881    i.USBD_USR_DeviceSuspended  usbd_usr.o
    0x08005184   0x08005184   0x00000002   Code   RO         5882    i.USBD_USR_Init     usbd_usr.o
    0x08005186   0x08005186   0x00000002   PAD
    0x08005188   0x08005188   0x00000038   Code   RO         5812    i.USBD_USR_InterfaceStrDescriptor  usbd_desc.o
    0x080051c0   0x080051c0   0x00000010   Code   RO         5813    i.USBD_USR_LangIDStrDescriptor  usbd_desc.o
    0x080051d0   0x080051d0   0x0000002c   Code   RO         5814    i.USBD_USR_ManufacturerStrDescriptor  usbd_desc.o
    0x080051fc   0x080051fc   0x00000070   Code   RO         5815    i.USBD_USR_ProductStrDescriptor  usbd_desc.o
    0x0800526c   0x0800526c   0x00000048   Code   RO         5816    i.USBD_USR_SerialStrDescriptor  usbd_desc.o
    0x080052b4   0x080052b4   0x00000010   Code   RO         5940    i.USBD_cdc_GetCfgDesc  usbd_cdc_core.o
    0x080052c4   0x080052c4   0x0000002c   Code   RO         5680    i.USB_OTG_BSP_EnableInterrupt  usb_bsp.o
    0x080052f0   0x080052f0   0x0000005c   Code   RO         5681    i.USB_OTG_BSP_Init  usb_bsp.o
    0x0800534c   0x0800534c   0x00000012   Code   RO         5682    i.USB_OTG_BSP_mDelay  usb_bsp.o
    0x0800535e   0x0800535e   0x0000001e   Code   RO         5683    i.USB_OTG_BSP_uDelay  usb_bsp.o
    0x0800537c   0x0800537c   0x00000126   Code   RO         6260    i.USB_OTG_CoreInit  usb_core.o
    0x080054a2   0x080054a2   0x0000020e   Code   RO         6261    i.USB_OTG_CoreInitDev  usb_core.o
    0x080056b0   0x080056b0   0x00000070   Code   RO         6262    i.USB_OTG_CoreReset  usb_core.o
    0x08005720   0x08005720   0x00000022   Code   RO         6263    i.USB_OTG_DisableGlobalInt  usb_core.o
    0x08005742   0x08005742   0x0000006a   Code   RO         6264    i.USB_OTG_EP0Activate  usb_core.o
    0x080057ac   0x080057ac   0x00000156   Code   RO         6265    i.USB_OTG_EP0StartXfer  usb_core.o
    0x08005902   0x08005902   0x00000062   Code   RO         6266    i.USB_OTG_EP0_OutStart  usb_core.o
    0x08005964   0x08005964   0x00000098   Code   RO         6267    i.USB_OTG_EPActivate  usb_core.o
    0x080059fc   0x080059fc   0x00000050   Code   RO         6268    i.USB_OTG_EPClearStall  usb_core.o
    0x08005a4c   0x08005a4c   0x0000005e   Code   RO         6269    i.USB_OTG_EPDeactivate  usb_core.o
    0x08005aaa   0x08005aaa   0x00000064   Code   RO         6270    i.USB_OTG_EPSetStall  usb_core.o
    0x08005b0e   0x08005b0e   0x000001f6   Code   RO         6271    i.USB_OTG_EPStartXfer  usb_core.o
    0x08005d04   0x08005d04   0x00000034   Code   RO         6272    i.USB_OTG_EnableCommonInt  usb_core.o
    0x08005d38   0x08005d38   0x0000009a   Code   RO         6273    i.USB_OTG_EnableDevInt  usb_core.o
    0x08005dd2   0x08005dd2   0x00000022   Code   RO         6274    i.USB_OTG_EnableGlobalInt  usb_core.o
    0x08005df4   0x08005df4   0x0000004c   Code   RO         6275    i.USB_OTG_FlushRxFifo  usb_core.o
    0x08005e40   0x08005e40   0x00000054   Code   RO         6276    i.USB_OTG_FlushTxFifo  usb_core.o
    0x08005e94   0x08005e94   0x00000034   Code   RO         6277    i.USB_OTG_GetDeviceSpeed  usb_core.o
    0x08005ec8   0x08005ec8   0x0000000c   Code   RO         6279    i.USB_OTG_GetMode   usb_core.o
    0x08005ed4   0x08005ed4   0x00000018   Code   RO         6280    i.USB_OTG_InitDevSpeed  usb_core.o
    0x08005eec   0x08005eec   0x00000016   Code   RO         6281    i.USB_OTG_IsDeviceMode  usb_core.o
    0x08005f02   0x08005f02   0x00000010   Code   RO         6283    i.USB_OTG_ReadCoreItr  usb_core.o
    0x08005f12   0x08005f12   0x00000010   Code   RO         6284    i.USB_OTG_ReadDevAllInEPItr  usb_core.o
    0x08005f22   0x08005f22   0x00000010   Code   RO         6285    i.USB_OTG_ReadDevAllOutEp_itr  usb_core.o
    0x08005f32   0x08005f32   0x00000014   Code   RO         6286    i.USB_OTG_ReadDevOutEP_itr  usb_core.o
    0x08005f46   0x08005f46   0x00000028   Code   RO         6288    i.USB_OTG_ReadPacket  usb_core.o
    0x08005f6e   0x08005f6e   0x00000002   PAD
    0x08005f70   0x08005f70   0x000000d0   Code   RO         6289    i.USB_OTG_SelectCore  usb_core.o
    0x08006040   0x08006040   0x0000004e   Code   RO         6290    i.USB_OTG_SetCurrentMode  usb_core.o
    0x0800608e   0x0800608e   0x00000036   Code   RO         6293    i.USB_OTG_UngateClock  usb_core.o
    0x080060c4   0x080060c4   0x00000040   Code   RO         6294    i.USB_OTG_WritePacket  usb_core.o
    0x08006104   0x08006104   0x000003d4   Code   RO         7475    i.USBcommander_run  main.o
    0x080064d8   0x080064d8   0x00000004   Code   RO         5575    i.UsageFault_Handler  stm32fxxx_it.o
    0x080064dc   0x080064dc   0x000000e4   Code   RO         5721    i.VCP_COMConfig     usbd_cdc_vcp.o
    0x080065c0   0x080065c0   0x000000a8   Code   RO         5722    i.VCP_Ctrl          usbd_cdc_vcp.o
    0x08006668   0x08006668   0x0000002c   Code   RO         5723    i.VCP_DataRx        usbd_cdc_vcp.o
    0x08006694   0x08006694   0x00000034   Code   RO         5724    i.VCP_DataTx        usbd_cdc_vcp.o
    0x080066c8   0x080066c8   0x00000004   Code   RO         5725    i.VCP_DeInit        usbd_cdc_vcp.o
    0x080066cc   0x080066cc   0x00000020   Code   RO         5726    i.VCP_Init          usbd_cdc_vcp.o
    0x080066ec   0x080066ec   0x00000020   Code   RO         7831    i.__0printf         mc_w.l(printfa.o)
    0x0800670c   0x0800670c   0x00000028   Code   RO         7833    i.__0sprintf        mc_w.l(printfa.o)
    0x08006734   0x08006734   0x00000008   Code   RO         7919    i.__aeabi_errno_addr  mc_w.l(errno.o)
    0x0800673c   0x0800673c   0x00000004   PAD
    0x08006740   0x08006740   0x00000038   Code   RO         7557    i.__hardfp_atof     m_wm.l(atof.o)
    0x08006778   0x08006778   0x00000038   Code   RO         7587    i.__hardfp_nearbyintf  m_wm.l(nearbyintf.o)
    0x080067b0   0x080067b0   0x0000007a   Code   RO         7563    i.__hardfp_sqrt     m_wm.l(sqrt.o)
    0x0800682a   0x0800682a   0x0000003a   Code   RO         7575    i.__hardfp_sqrtf    m_wm.l(sqrtf.o)
    0x08006864   0x08006864   0x0000000c   Code   RO         7920    i.__read_errno      mc_w.l(errno.o)
    0x08006870   0x08006870   0x0000000e   Code   RO         8008    i.__scatterload_copy  mc_w.l(handlers.o)
    0x0800687e   0x0800687e   0x00000002   Code   RO         8009    i.__scatterload_null  mc_w.l(handlers.o)
    0x08006880   0x08006880   0x0000000e   Code   RO         8010    i.__scatterload_zeroinit  mc_w.l(handlers.o)
    0x0800688e   0x0800688e   0x00000002   PAD
    0x08006890   0x08006890   0x0000000c   Code   RO         7921    i.__set_errno       mc_w.l(errno.o)
    0x0800689c   0x0800689c   0x00000184   Code   RO         7838    i._fp_digits        mc_w.l(printfa.o)
    0x08006a20   0x08006a20   0x0000000e   Code   RO         7991    i._is_digit         mc_w.l(scanf_fp.o)
    0x08006a2e   0x08006a2e   0x00000002   PAD
    0x08006a30   0x08006a30   0x000006b4   Code   RO         7839    i._printf_core      mc_w.l(printfa.o)
    0x080070e4   0x080070e4   0x00000024   Code   RO         7840    i._printf_post_padding  mc_w.l(printfa.o)
    0x08007108   0x08007108   0x0000002e   Code   RO         7841    i._printf_pre_padding  mc_w.l(printfa.o)
    0x08007136   0x08007136   0x0000000a   Code   RO         7843    i._sputc            mc_w.l(printfa.o)
    0x08007140   0x08007140   0x00000158   Code   RO         7099    i.abs_spi_cb        encoder.o
    0x08007298   0x08007298   0x00000018   Code   RO         7100    i.ams_parity        encoder.o
    0x080072b0   0x080072b0   0x00000140   Code   RO         7428    i.anticogging_calibration  anticogging.o
    0x080073f0   0x080073f0   0x00000044   Code   RO         7429    i.anticogging_init  anticogging.o
    0x08007434   0x08007434   0x0000002c   Code   RO         6903    i.arm               motor.o
    0x08007460   0x08007460   0x0000038c   Code   RO         7476    i.commander_run     main.o
    0x080077ec   0x080077ec   0x00000078   Code   RO         7477    i.control_loop_cb   main.o
    0x08007864   0x08007864   0x00000048   Code   RO         7277    i.control_mode_updated  controller.o
    0x080078ac   0x080078ac   0x000000d8   Code   RO         7278    i.controller_config_default  controller.o
    0x08007984   0x08007984   0x00000050   Code   RO         7279    i.controller_para_init  controller.o
    0x080079d4   0x080079d4   0x0000004c   Code   RO         7280    i.controller_reset  controller.o
    0x08007a20   0x08007a20   0x000007ac   Code   RO         7281    i.controller_update  controller.o
    0x080081cc   0x080081cc   0x0000003a   Code   RO         7101    i.crc_high_first    encoder.o
    0x08008206   0x08008206   0x00000002   PAD
    0x08008208   0x08008208   0x0000013c   Code   RO         6904    i.current_meas_cb   motor.o
    0x08008344   0x08008344   0x00000088   Code   RO         6905    i.dc_calib_cb       motor.o
    0x080083cc   0x080083cc   0x0000001a   Code   RO         6666    i.delay_us          utils.o
    0x080083e6   0x080083e6   0x00000002   PAD
    0x080083e8   0x080083e8   0x00000024   Code   RO         6906    i.disarm            motor.o
    0x0800840c   0x0800840c   0x00000028   Code   RO         7102    i.encoder_set_error  encoder.o
    0x08008434   0x08008434   0x00000478   Code   RO         7103    i.encoder_update    encoder.o
    0x080088ac   0x080088ac   0x00000098   Code   RO         6741    i.enqueue_modulation_timings  foc.o
    0x08008944   0x08008944   0x0000005c   Code   RO         6742    i.enqueue_voltage_timings  foc.o
    0x080089a0   0x080089a0   0x00000094   Code   RO         6849    i.fetch_and_reset_adcs  board.o
    0x08008a34   0x08008a34   0x00000020   Code   RO         7378    i.flash_para_erase  flash_writer.o
    0x08008a54   0x08008a54   0x00000174   Code   RO         7379    i.flash_para_read   flash_writer.o
    0x08008bc8   0x08008bc8   0x0000018c   Code   RO         7380    i.flash_para_write  flash_writer.o
    0x08008d54   0x08008d54   0x0000000a   Code   RO         7381    i.float2uint        flash_writer.o
    0x08008d5e   0x08008d5e   0x0000003a   Code   RO         7104    i.fmodf_pos         encoder.o
    0x08008d98   0x08008d98   0x0000003a   Code   RO         7282    i.fmodf_pos         controller.o
    0x08008dd2   0x08008dd2   0x00000002   PAD
    0x08008dd4   0x08008dd4   0x00000038   Code   RO         6743    i.foc_reset         foc.o
    0x08008e0c   0x08008e0c   0x00000088   Code   RO         6744    i.foc_update        foc.o
    0x08008e94   0x08008e94   0x0000001c   Code   RO         5263    i.fputc             usart2.o
    0x08008eb0   0x08008eb0   0x00000046   Code   RO         7283    i.limitVel          controller.o
    0x08008ef6   0x08008ef6   0x00000002   PAD
    0x08008ef8   0x08008ef8   0x00000100   Code   RO         7478    i.main              main.o
    0x08008ff8   0x08008ff8   0x000000ec   Code   RO         6907    i.measure_phase_inductance  motor.o
    0x080090e4   0x080090e4   0x000000d0   Code   RO         6908    i.measure_phase_resistance  motor.o
    0x080091b4   0x080091b4   0x00000028   Code   RO         6667    i.micros            utils.o
    0x080091dc   0x080091dc   0x00000012   Code   RO         7105    i.mod               encoder.o
    0x080091ee   0x080091ee   0x00000002   PAD
    0x080091f0   0x080091f0   0x00000084   Code   RO         6909    i.motor_effective_current_lim  motor.o
    0x08009274   0x08009274   0x0000001c   Code   RO         6910    i.motor_max_available_torque  motor.o
    0x08009290   0x08009290   0x000000b8   Code   RO         6911    i.motor_para_init   motor.o
    0x08009348   0x08009348   0x00000064   Code   RO         6912    i.motor_setup       motor.o
    0x080093ac   0x080093ac   0x00000248   Code   RO         6913    i.motor_update      motor.o
    0x080095f4   0x080095f4   0x00000068   Code   RO         7284    i.move_to_pos       controller.o
    0x0800965c   0x0800965c   0x00000058   Code   RO         6745    i.on_measurement    foc.o
    0x080096b4   0x080096b4   0x00000198   Code   RO         6807    i.openloop_controller_update  open_loop_controller.o
    0x0800984c   0x0800984c   0x000000a4   Code   RO         6710    i.our_arm_cos_f32   arm_cos_f32.o
    0x080098f0   0x080098f0   0x000000a0   Code   RO         6711    i.our_arm_sin_f32   arm_cos_f32.o
    0x08009990   0x08009990   0x00000064   Code   RO         6850    i.phase_current_from_adcval  board.o
    0x080099f4   0x080099f4   0x00000290   Code   RO         7213    i.planTrapezoidal   traptraj.o
    0x08009c84   0x08009c84   0x000000a8   Code   RO         6746    i.pwm_update_cb     foc.o
    0x08009d2c   0x08009d2c   0x00000064   Code   RO         6914    i.run_calibration   motor.o
    0x08009d90   0x08009d90   0x00000024   Code   RO         7059    i.run_closed_loop_control_loop  axis.o
    0x08009db4   0x08009db4   0x00000304   Code   RO         7106    i.run_offset_calibration  encoder.o
    0x0800a0b8   0x0800a0b8   0x00000320   Code   RO         7060    i.run_state_machine_loop  axis.o
    0x0800a3d8   0x0800a3d8   0x00000040   Code   RO         7107    i.sample_now        encoder.o
    0x0800a418   0x0800a418   0x00000010   Code   RO         6915    i.set_error         motor.o
    0x0800a428   0x0800a428   0x00000010   Code   RO         7285    i.set_error         controller.o
    0x0800a438   0x0800a438   0x00000018   Code   RO         7214    i.sign_hard         traptraj.o
    0x0800a450   0x0800a450   0x00000024   Code   RO         7431    i.start_anticogging_calibration  anticogging.o
    0x0800a474   0x0800a474   0x000000b8   Code   RO         7061    i.start_closed_loop_control  axis.o
    0x0800a52c   0x0800a52c   0x00000054   Code   RO         4885    i.tim14_InitTick    delay.o
    0x0800a580   0x0800a580   0x00000024   Code   RO         7215    i.trapTraj_config_default  traptraj.o
    0x0800a5a4   0x0800a5a4   0x00000164   Code   RO         7216    i.trap_traj_eval    traptraj.o
    0x0800a708   0x0800a708   0x0000000a   Code   RO         7382    i.uint2float        flash_writer.o
    0x0800a712   0x0800a712   0x00000002   PAD
    0x0800a714   0x0800a714   0x00000034   Code   RO         6916    i.update_current_controller_gains  motor.o
    0x0800a748   0x0800a748   0x00000064   Code   RO         7108    i.update_pll_gains  encoder.o
    0x0800a7ac   0x0800a7ac   0x0000001c   Code   RO         5727    i.usb_send          usbd_cdc_vcp.o
    0x0800a7c8   0x0800a7c8   0x00000088   Code   RO         5941    i.usbd_cdc_DataIn   usbd_cdc_core.o
    0x0800a850   0x0800a850   0x00000038   Code   RO         5942    i.usbd_cdc_DataOut  usbd_cdc_core.o
    0x0800a888   0x0800a888   0x0000002c   Code   RO         5943    i.usbd_cdc_DeInit   usbd_cdc_core.o
    0x0800a8b4   0x0800a8b4   0x00000038   Code   RO         5944    i.usbd_cdc_EP0_RxReady  usbd_cdc_core.o
    0x0800a8ec   0x0800a8ec   0x00000058   Code   RO         5945    i.usbd_cdc_Init     usbd_cdc_core.o
    0x0800a944   0x0800a944   0x00000028   Code   RO         5946    i.usbd_cdc_SOF      usbd_cdc_core.o
    0x0800a96c   0x0800a96c   0x000000f0   Code   RO         5947    i.usbd_cdc_Setup    usbd_cdc_core.o
    0x0800aa5c   0x0800aa5c   0x00000024   Code   RO         6851    i.vbus_sense_adc_cb  board.o
    0x0800aa80   0x0800aa80   0x0000002c   Code   RO         7109    i.wrap_pm           encoder.o
    0x0800aaac   0x0800aaac   0x0000002c   Code   RO         7286    i.wrap_pm           controller.o
    0x0800aad8   0x0800aad8   0x00000020   Code   RO         7110    i.wrap_pm_pi        encoder.o
    0x0800aaf8   0x0800aaf8   0x00000804   Data   RO         6712    .constdata          arm_cos_f32.o
    0x0800b2fc   0x0800b2fc   0x00000081   Data   RO         7962    .constdata          mc_w.l(ctype_o.o)
    0x0800b37d   0x0800b37d   0x00000003   PAD
    0x0800b380   0x0800b380   0x00000004   Data   RO         7963    .constdata          mc_w.l(ctype_o.o)
    0x0800b384   0x0800b384   0x00000020   Data   RO         8006    Region$$Table       anon$$obj.o


    Execution Region RW_IRAM1 (Exec base: 0x20000000, Load base: 0x0800b3a4, Size: 0x00005590, Max: 0x00020000, ABSOLUTE, COMPRESSED[0x000000f8])

    Exec Addr    Load Addr    Size         Type   Attr      Idx    E Section Name        Object

    0x20000000   COMPRESSED   0x00000010   Data   RW         2794    .data               stm32f4xx_rcc.o
    0x20000010   COMPRESSED   0x00000004   Data   RW         4886    .data               delay.o
    0x20000014   COMPRESSED   0x00000004   Data   RW         4986    .data               timer.o
    0x20000018   COMPRESSED   0x0000000c   Data   RW         5269    .data               usart2.o
    0x20000024   COMPRESSED   0x00000004   Data   RW         5530    .data               can.o
    0x20000028   COMPRESSED   0x0000001c   Data   RW         5729    .data               usbd_cdc_vcp.o
    0x20000044   COMPRESSED   0x0000003c   Data   RW         5817    .data               usbd_desc.o
    0x20000080   COMPRESSED   0x0000001c   Data   RW         5883    .data               usbd_usr.o
    0x2000009c   COMPRESSED   0x00000098   Data   RW         5949    .data               usbd_cdc_core.o
    0x20000134   COMPRESSED   0x00000034   Data   RW         6024    .data               usbd_core.o
    0x20000168   COMPRESSED   0x0000000d   Data   RW         6175    .data               usbd_req.o
    0x20000175   COMPRESSED   0x00000003   PAD
    0x20000178   COMPRESSED   0x0000005c   Data   RW         6747    .data               foc.o
    0x200001d4   COMPRESSED   0x0000000c   Data   RW         6853    .data               board.o
    0x200001e0   COMPRESSED   0x0000005a   Data   RW         6918    .data               motor.o
    0x2000023a   COMPRESSED   0x00000006   Data   RW         7062    .data               axis.o
    0x20000240   COMPRESSED   0x00000041   Data   RW         7112    .data               encoder.o
    0x20000281   COMPRESSED   0x00000003   PAD
    0x20000284   COMPRESSED   0x00000050   Data   RW         7288    .data               controller.o
    0x200002d4   COMPRESSED   0x00000001   Data   RW         7433    .data               anticogging.o
    0x200002d5   COMPRESSED   0x00000003   PAD
    0x200002d8   COMPRESSED   0x0000000c   Data   RW         7481    .data               main.o
    0x200002e4   COMPRESSED   0x00000004   Data   RW         7922    .data               mc_w.l(errno.o)
    0x200002e8        -       0x00000040   Zero   RW         4944    .bss                adc.o
    0x20000328        -       0x00000200   Zero   RW         5268    .bss                usart2.o
    0x20000528        -       0x00000014   Zero   RW         5529    .bss                can.o
    0x2000053c        -       0x00000010   Zero   RW         5728    .bss                usbd_cdc_vcp.o
    0x2000054c        -       0x00000883   Zero   RW         5948    .bss                usbd_cdc_core.o
    0x20000dcf        -       0x000000ff   Zero   RW         6174    .bss                usbd_req.o
    0x20000ece   COMPRESSED   0x00000002   PAD
    0x20000ed0        -       0x00000034   Zero   RW         6808    .bss                open_loop_controller.o
    0x20000f04        -       0x0000000c   Zero   RW         6852    .bss                board.o
    0x20000f10        -       0x00000060   Zero   RW         6917    .bss                motor.o
    0x20000f70        -       0x00000038   Zero   RW         7111    .bss                encoder.o
    0x20000fa8        -       0x0000003c   Zero   RW         7217    .bss                traptraj.o
    0x20000fe4        -       0x00000060   Zero   RW         7287    .bss                controller.o
    0x20001044        -       0x00000200   Zero   RW         7383    .bss                flash_writer.o
    0x20001244        -       0x00003858   Zero   RW         7432    .bss                anticogging.o
    0x20004a9c        -       0x000006f4   Zero   RW         7480    .bss                main.o
    0x20005190        -       0x00000400   Zero   RW            1    STACK               startup_stm32f40_41xxx.o


==============================================================================

Image component sizes


      Code (inc. data)   RO Data    RW Data    ZI Data      Debug   Object Name

       760         32          0          0         64       3125   adc.o
       424         80          0          1      14424       2526   anticogging.o
       324         28       2052          0          0       1943   arm_cos_f32.o
      1020        308          0          6          0       3109   axis.o
       384         54          0         12         12       4174   board.o
        64         16          0          4         20        699   can.o
      2788        302          0         80         96      12794   controller.o
       124         14          0          4          0       1374   delay.o
      2890        296          0         65         56      13432   encoder.o
       820         78          0          0        512       3602   flash_writer.o
      1364        186          0         92          0       7942   foc.o
      2354        730          0         12       1780       4434   main.o
       140         24          0          0          0       1555   misc.o
      2808        462          0         90         96      16527   motor.o
       408         16          0          0         52       3096   open_loop_controller.o
       288         16          0          0          0       1258   spi3.o
        36          8        392          0       1024        872   startup_stm32f40_41xxx.o
       654         24          0          0          0      10314   stm32f4xx_adc.o
       770         14          0          0          0       4228   stm32f4xx_can.o
       638         58          0          0          0       6309   stm32f4xx_dma.o
        12          6          0          0          0        545   stm32f4xx_exti.o
       426         40          0          0          0       4552   stm32f4xx_flash.o
       222          0          0          0          0       2911   stm32f4xx_gpio.o
        68         30          0          0          0       2590   stm32f4xx_iwdg.o
       424         54          0         16          0       6450   stm32f4xx_rcc.o
       112          0          0          0          0       3526   stm32f4xx_spi.o
      1804        112          0          0          0      18795   stm32f4xx_tim.o
       652         42          0          0          0       5020   stm32f4xx_usart.o
        90         14          0          0          0      25103   stm32fxxx_it.o
       340         32          0          0          0     335021   system_stm32f4xx.o
       792         34          0          4          0     293478   timer.o
      1082         26          0          0         60       9607   traptraj.o
       512         54          0         12        512     259199   usart2.o
       184          6          0          0          0       2763   usb_bsp.o
      3462         18          0          0          0      22082   usb_core.o
       666          0          0          0          0       6044   usb_dcd.o
      1930         50          0          0          0       9575   usb_dcd_int.o
       880        118          0        152       2179       8580   usbd_cdc_core.o
       556         38          0         28         16      22923   usbd_cdc_vcp.o
       760          6          0         52          0      10308   usbd_core.o
       368        192          0         60          0       5952   usbd_desc.o
       224          0          0          0          0       4452   usbd_ioreq.o
      1732         54          0         13        255      10443   usbd_req.o
        14          0          0         28          0       3725   usbd_usr.o
       830         34          0          0          0       2422   utils.o

    ----------------------------------------------------------------------
     37252       3706       2476        740      21160    1179379   Object Totals
         0          0         32          0          0          0   (incl. Generated)
        52          0          0          9          2          0   (incl. Padding)

    ----------------------------------------------------------------------

      Code (inc. data)   RO Data    RW Data    ZI Data      Debug   Library Member Name

        56         12          0          0          0        132   atof.o
        56          0          0          0          0        136   nearbyintf.o
       122          0          0          0          0        148   sqrt.o
        58          0          0          0          0        136   sqrtf.o
        86          0          0          0          0          0   __dczerorl2.o
        28          0          0          0          0         68   _chval.o
        64          0          0          0          0         84   _sgetc.o
       158          0          0          0          0         92   _strtoul.o
        26          0          0          0          0         80   atoi.o
         8          4        133          0          0         68   ctype_o.o
         0          0          0          0          0          0   entry.o
         0          0          0          0          0          0   entry10a.o
         0          0          0          0          0          0   entry11a.o
         4          0          0          0          0          0   entry12b.o
         8          4          0          0          0          0   entry2.o
         4          0          0          0          0          0   entry5.o
         0          0          0          0          0          0   entry7b.o
         0          0          0          0          0          0   entry8b.o
         8          4          0          0          0          0   entry9a.o
        32         16          0          4          0        204   errno.o
        30          0          0          0          0          0   handlers.o
        36          8          0          0          0         68   init.o
        18          0          0          0          0         76   isspace_o.o
         0          0          0          0          0          0   iusefp.o
        98          0          0          0          0         84   ldiv.o
        30          0          0          0          0         68   llshl.o
        36          0          0          0          0         68   llsshr.o
        32          0          0          0          0         68   llushr.o
        36          0          0          0          0        108   memseta.o
      2268         96          0          0          0        616   printfa.o
       878         12          0          0          0        216   scanf_fp.o
       156         12          0          0          0        120   strtod.o
       112          0          0          0          0         88   strtol.o
        44          0          0          0          0         80   uidiv.o
        98          0          0          0          0         92   uldiv.o
        48          0          0          0          0         68   cdrcmple.o
        56          0          0          0          0         88   d2f.o
       334          0          0          0          0        148   dadd.o
       222          0          0          0          0        100   ddiv.o
       186          0          0          0          0        176   depilogue.o
        48          0          0          0          0         68   dfixul.o
        24          0          0          0          0         76   dfltul.o
       228          0          0          0          0         96   dmul.o
       162          0          0          0          0        100   dsqrt.o
        38          0          0          0          0         68   f2d.o
       110          0          0          0          0        168   fepilogue.o
         4          0          0          0          0         68   fpstat.o
        60          0          0          0          0         76   frnd.o

    ----------------------------------------------------------------------
      6124        172        136          4          0       4200   Library Totals
        14          4          3          0          0          0   (incl. Padding)

    ----------------------------------------------------------------------

      Code (inc. data)   RO Data    RW Data    ZI Data      Debug   Library Name

       292         12          0          0          0        552   m_wm.l
      4298        156        133          4          0       2348   mc_w.l
      1520          0          0          0          0       1300   mf_w.l

    ----------------------------------------------------------------------
      6124        172        136          4          0       4200   Library Totals

    ----------------------------------------------------------------------

==============================================================================


      Code (inc. data)   RO Data    RW Data    ZI Data      Debug   

     43376       3878       2612        744      21160    1150839   Grand Totals
     43376       3878       2612        248      21160    1150839   ELF Image Totals (compressed)
     43376       3878       2612        248          0          0   ROM Totals

==============================================================================

    Total RO  Size (Code + RO Data)                45988 (  44.91kB)
    Total RW  Size (RW Data + ZI Data)             21904 (  21.39kB)
    Total ROM Size (Code + RO Data + RW Data)      46236 (  45.15kB)

==============================================================================

